MPLINK 4.46, Linker
Linker Map File - Created Sun Oct 26 12:18:44 2014

                                 Section Info
                  Section       Type    Address   Location Size(Bytes)
                ---------  ---------  ---------  ---------  ---------
               _entry_scn       code   0x000000    program   0x000006
                   .cinit    romdata   0x000006    program   0x00000e
          .code_CENTRAL.o       code   0x000014    program   0x002210
                     PROG       code   0x002224    program   0x000598
               _cinit_scn       code   0x0027bc    program   0x00009e
           .code_t0read.o       code   0x00285a    program   0x00003e
          .code_t0write.o       code   0x002898    program   0x000038
           .code_t0open.o       code   0x0028d0    program   0x000038
             D10KTCYXCODE       code   0x002908    program   0x00002e
         .code_fxd1616u.o       code   0x002936    program   0x00002c
              D1KTCYXCODE       code   0x002962    program   0x000020
                    .code       code   0x002982    program   0x000020
             _startup_scn       code   0x0029a2    program   0x00001c
             D100TCYXCODE       code   0x0029be    program   0x00001c
              D10TCYXCODE       code   0x0029da    program   0x000016
             .stringtable    romdata   0x0029f0    program   0x00000c
          .code_t0close.o       code   0x0029fc    program   0x000006
           .code___init.o       code   0x002a02    program   0x000002
       .romdata_t0write.o    romdata   0x002a04    program   0x000000
       .idata_t0write.o_i    romdata   0x002a04    program   0x000000
        .romdata_t0read.o    romdata   0x002a04    program   0x000000
         .romdata_c018i.o    romdata   0x002a04    program   0x000000
        .idata_t0read.o_i    romdata   0x002a04    program   0x000000
        .idata___init.o_i    romdata   0x002a04    program   0x000000
        .romdata___init.o    romdata   0x002a04    program   0x000000
         .idata_c018i.o_i    romdata   0x002a04    program   0x000000
        .romdata_t0open.o    romdata   0x002a04    program   0x000000
        .idata_t0open.o_i    romdata   0x002a04    program   0x000000
      .romdata_fxd1616u.o    romdata   0x002a04    program   0x000000
      .idata_fxd1616u.o_i    romdata   0x002a04    program   0x000000
       .idata_CENTRAL.o_i    romdata   0x002a04    program   0x0000ba
       .romdata_CENTRAL.o    romdata   0x002a04    program   0x000000
       .romdata_t0close.o    romdata   0x002a04    program   0x000000
       .idata_t0close.o_i    romdata   0x002a04    program   0x000000
            .code_c018i.o       code   0x002abe    program   0x000000
 .config_300000_CENTRAL.o    romdata   0x300000    program   0x000001
 .config_300001_CENTRAL.o    romdata   0x300001    program   0x000001
 .config_300002_CENTRAL.o    romdata   0x300002    program   0x000001
 .config_300003_CENTRAL.o    romdata   0x300003    program   0x000001
 .config_300005_CENTRAL.o    romdata   0x300005    program   0x000001
 .config_300006_CENTRAL.o    romdata   0x300006    program   0x000001
                MATH_DATA      udata   0x000000       data   0x000014
                 .tmpdata      udata   0x000014       data   0x00000c
                DELAYDAT2      udata   0x000020       data   0x000001
                DELAYDAT1      udata   0x000021       data   0x000001
         .idata_CENTRAL.o      idata   0x000100       data   0x0000ba
           .udata_c018i.o      udata   0x0001ba       data   0x00000a
          .idata___init.o      idata   0x0001c4       data   0x000000
          .udata___init.o      udata   0x0001c4       data   0x000000
         .idata_t0write.o      idata   0x0001c4       data   0x000000
         .udata_t0write.o      udata   0x0001c4       data   0x000000
          .idata_t0read.o      idata   0x0001c4       data   0x000000
          .udata_t0read.o      udata   0x0001c4       data   0x000000
          .idata_t0open.o      idata   0x0001c4       data   0x000000
          .udata_t0open.o      udata   0x0001c4       data   0x000000
        .idata_fxd1616u.o      idata   0x0001c4       data   0x000000
        .udata_fxd1616u.o      udata   0x0001c4       data   0x000000
         .idata_t0close.o      idata   0x0001c4       data   0x000000
         .udata_t0close.o      udata   0x0001c4       data   0x000000
         .udata_CENTRAL.o      udata   0x0001c4       data   0x000000
           .idata_c018i.o      idata   0x0001c4       data   0x000000
                   .stack      udata   0x000300       data   0x000100
            SFR_UNBANKED0      udata   0x000f62       data   0x00009e



                              Program Memory Usage 
                               Start         End      
                           ---------   ---------      
                            0x000000    0x002abd      
                            0x300000    0x300003      
                            0x300005    0x300006      
            10948 out of 33048 program addresses used, program memory utilization is 33%



                              Symbols - Sorted by Name
                     Name    Address   Location    Storage File                     
                ---------  ---------  ---------  --------- ---------                
              CloseTimer0   0x0029fc    program     extern E:\3.45\pic18-lt\cxx-framework\src\pmc_common\Timers\t0close.c
                   D100_1   0x0029cc    program     static E:\3.45\pic18-lt\cxx-framework\src\traditional\delays\d100tcyx.asm
                    D100x   0x0029ca    program     static E:\3.45\pic18-lt\cxx-framework\src\traditional\delays\d100tcyx.asm
                   D10K_1   0x002914    program     static E:\3.45\pic18-lt\cxx-framework\src\traditional\delays\d10ktcyx.asm
                    D10Kl   0x002920    program     static E:\3.45\pic18-lt\cxx-framework\src\traditional\delays\d10ktcyx.asm
                    D10Kx   0x002912    program     static E:\3.45\pic18-lt\cxx-framework\src\traditional\delays\d10ktcyx.asm
                    D10_1   0x0029ea    program     static E:\3.45\pic18-lt\cxx-framework\src\traditional\delays\d10tcyx.asm
                     D10x   0x0029e2    program     static E:\3.45\pic18-lt\cxx-framework\src\traditional\delays\d10tcyx.asm
                   D1616S   0x00251e    program     static E:\3.45\pic18-lt\cxx-framework\src\traditional\math\fxd1616s.asm
                D1616SNEG   0x00252c    program     static E:\3.45\pic18-lt\cxx-framework\src\traditional\math\fxd1616s.asm
                 D1616SOK   0x002528    program     static E:\3.45\pic18-lt\cxx-framework\src\traditional\math\fxd1616s.asm
                  D1616SX   0x00253e    program     static E:\3.45\pic18-lt\cxx-framework\src\traditional\math\fxd1616s.asm
                    D1K_1   0x00296e    program     static E:\3.45\pic18-lt\cxx-framework\src\traditional\delays\d1ktcyx.asm
                     D1Kx   0x00296c    program     static E:\3.45\pic18-lt\cxx-framework\src\traditional\delays\d1ktcyx.asm
                  DA1616S   0x00250e    program     static E:\3.45\pic18-lt\cxx-framework\src\traditional\math\fxd1616s.asm
                    Delay   0x000b52    program     extern E:\DATA\SENAI\projetus\FIRMWARE\CENTRAL.c
             Delay100TCYx   0x0029be    program     extern E:\3.45\pic18-lt\cxx-framework\src\traditional\delays\d100tcyx.asm
             Delay10KTCYx   0x002908    program     extern E:\3.45\pic18-lt\cxx-framework\src\traditional\delays\d10ktcyx.asm
              Delay10TCYx   0x0029da    program     extern E:\3.45\pic18-lt\cxx-framework\src\traditional\delays\d10tcyx.asm
              Delay1KTCYx   0x002962    program     extern E:\3.45\pic18-lt\cxx-framework\src\traditional\delays\d1ktcyx.asm
                 Delay_ms   0x0006d2    program     extern E:\DATA\SENAI\projetus\FIRMWARE\CENTRAL.c
                 FLO1632S   0x002228    program     extern E:\3.45\pic18-lt\cxx-framework\src\traditional\math\cast16FP.asm
                 FLO1632U   0x002224    program     extern E:\3.45\pic18-lt\cxx-framework\src\traditional\math\cast16FP.asm
                    FPA32   0x0023d0    program     extern E:\3.45\pic18-lt\cxx-framework\src\traditional\math\addFP.asm
                    FPD32   0x00224e    program     extern E:\3.45\pic18-lt\cxx-framework\src\traditional\math\divFP.asm
                    FPM32   0x0022f4    program     extern E:\3.45\pic18-lt\cxx-framework\src\traditional\math\mulFP.asm
                    FPS32   0x0023ce    program     extern E:\3.45\pic18-lt\cxx-framework\src\traditional\math\addFP.asm
                 FXD1616S   0x0024fc    program     extern E:\3.45\pic18-lt\cxx-framework\src\traditional\math\fxd1616s.asm
                 FXD1616U   0x002936    program     extern E:\3.45\pic18-lt\cxx-framework\src\traditional\math\fxd1616u.c
                 FXM1616U   0x002548    program     extern E:\3.45\pic18-lt\cxx-framework\src\traditional\math\fxm1616u.asm
                  INT3216   0x002584    program     extern E:\3.45\pic18-lt\cxx-framework\src\traditional\math\castFP16.asm
               OpenTimer0   0x0028d0    program     extern E:\3.45\pic18-lt\cxx-framework\src\pmc_common\Timers\t0open.c
                      PWM   0x000f82    program     extern E:\DATA\SENAI\projetus\FIRMWARE\CENTRAL.c
               ReadTimer0   0x00285a    program     extern E:\3.45\pic18-lt\cxx-framework\src\pmc_common\Timers\t0read.c
                  TAGTB32   0x0025e2    program     extern E:\3.45\pic18-lt\cxx-framework\src\traditional\math\gtFP.asm
                  TALTB32   0x0025f4    program     extern E:\3.45\pic18-lt\cxx-framework\src\traditional\math\ltFP.asm
              WriteTimer0   0x002898    program     extern E:\3.45\pic18-lt\cxx-framework\src\pmc_common\Timers\t0write.c
       _D100TCYXCODE_0008   0x0029c6    program     static E:\3.45\pic18-lt\cxx-framework\src\traditional\delays\d100tcyx.asm
       _D100TCYXCODE_0012   0x0029d0    program     static E:\3.45\pic18-lt\cxx-framework\src\traditional\delays\d100tcyx.asm
       _D100TCYXCODE_0018   0x0029d6    program     static E:\3.45\pic18-lt\cxx-framework\src\traditional\delays\d100tcyx.asm
       _D10KTCYXCODE_0010   0x002918    program     static E:\3.45\pic18-lt\cxx-framework\src\traditional\delays\d10ktcyx.asm
       _D10KTCYXCODE_001C   0x002924    program     static E:\3.45\pic18-lt\cxx-framework\src\traditional\delays\d10ktcyx.asm
        _D10TCYXCODE_000A   0x0029e4    program     static E:\3.45\pic18-lt\cxx-framework\src\traditional\delays\d10tcyx.asm
        _D10TCYXCODE_000C   0x0029e6    program     static E:\3.45\pic18-lt\cxx-framework\src\traditional\delays\d10tcyx.asm
        _D10TCYXCODE_000E   0x0029e8    program     static E:\3.45\pic18-lt\cxx-framework\src\traditional\delays\d10tcyx.asm
        _D1KTCYXCODE_0010   0x002972    program     static E:\3.45\pic18-lt\cxx-framework\src\traditional\delays\d1ktcyx.asm
        _D1KTCYXCODE_0016   0x002978    program     static E:\3.45\pic18-lt\cxx-framework\src\traditional\delays\d1ktcyx.asm
              __FpCompare   0x002606    program     extern E:\3.45\pic18-lt\cxx-framework\src\traditional\math\compFP.asm
                 __FpExit   0x0026bc    program     extern E:\3.45\pic18-lt\cxx-framework\src\traditional\math\packFP.asm
                 __FpPack   0x0026e8    program     extern E:\3.45\pic18-lt\cxx-framework\src\traditional\math\packFP.asm
            __FpReturnNaN   0x0026b0    program     extern E:\3.45\pic18-lt\cxx-framework\src\traditional\math\packFP.asm
         __FpReturnNegInf   0x0026c2    program     extern E:\3.45\pic18-lt\cxx-framework\src\traditional\math\packFP.asm
        __FpReturnNegZero   0x0026da    program     extern E:\3.45\pic18-lt\cxx-framework\src\traditional\math\packFP.asm
         __FpReturnPosInf   0x0026c8    program     extern E:\3.45\pic18-lt\cxx-framework\src\traditional\math\packFP.asm
        __FpReturnPosZero   0x0026e2    program     extern E:\3.45\pic18-lt\cxx-framework\src\traditional\math\packFP.asm
        __FpReturnSignInf   0x0026be    program     extern E:\3.45\pic18-lt\cxx-framework\src\traditional\math\packFP.asm
       __FpReturnSignZero   0x0026d6    program     extern E:\3.45\pic18-lt\cxx-framework\src\traditional\math\packFP.asm
              __FpReturnW   0x002740    program     extern E:\3.45\pic18-lt\cxx-framework\src\traditional\math\packFP.asm
              __FpUnPackA   0x002760    program     extern E:\3.45\pic18-lt\cxx-framework\src\traditional\math\UnpackFP.asm
              __FpUnPackB   0x002790    program     extern E:\3.45\pic18-lt\cxx-framework\src\traditional\math\UnpackFP.asm
           ___do_lbl00001   0x000030    program     static                          
           ___do_lbl00002   0x000048    program     static                          
           ___do_lbl00003   0x00001c    program     static                          
       ___return_lbl00000   0x000048    program     static                          
       ___return_lbl00000   0x000004    program     static                          
       ___return_lbl00000   0x002960    program     static                          
       ___return_lbl00001   0x0029bc    program     static                          
       ___return_lbl00002   0x002858    program     static                          
               __config_0   0x300000    program     static E:\DATA\SENAI\projetus\FIRMWARE\CENTRAL.c
               __config_1   0x300001    program     static E:\DATA\SENAI\projetus\FIRMWARE\CENTRAL.c
               __config_2   0x300002    program     static E:\DATA\SENAI\projetus\FIRMWARE\CENTRAL.c
               __config_3   0x300003    program     static E:\DATA\SENAI\projetus\FIRMWARE\CENTRAL.c
               __config_4   0x300005    program     static E:\DATA\SENAI\projetus\FIRMWARE\CENTRAL.c
               __config_5   0x300006    program     static E:\DATA\SENAI\projetus\FIRMWARE\CENTRAL.c
                   __init   0x002a02    program     extern E:\3.45\pic18-lt\cxx-framework\src\traditional\stdclib\__init.c
               __string_6   0x0029f0    program     static E:\DATA\SENAI\projetus\FIRMWARE\CENTRAL.c
            __zero_memory   0x002982    program     extern E:\3.45\pic18-lt\cxx-framework\src\traditional\proc\p18f4550.asm
                _do_cinit   0x0027bc    program     extern E:\3.45\pic18-lt\cxx-framework\src\traditional\startup\c018i.c
                   _entry   0x000000    program     extern E:\3.45\pic18-lt\cxx-framework\src\traditional\startup\c018i.c
                 _startup   0x0029a2    program     extern E:\3.45\pic18-lt\cxx-framework\src\traditional\startup\c018i.c
                 check_IR   0x0020ec    program     extern E:\DATA\SENAI\projetus\FIRMWARE\CENTRAL.c
             check_alarme   0x001714    program     extern E:\DATA\SENAI\projetus\FIRMWARE\CENTRAL.c
             check_button   0x00113c    program     extern E:\DATA\SENAI\projetus\FIRMWARE\CENTRAL.c
        check_ferramentas   0x0010e8    program     extern E:\DATA\SENAI\projetus\FIRMWARE\CENTRAL.c
                compare_l   0x002998    program     static E:\3.45\pic18-lt\cxx-framework\src\traditional\proc\p18f4550.asm
                config_io   0x0010b0    program     extern E:\DATA\SENAI\projetus\FIRMWARE\CENTRAL.c
                copy_loop   0x00282e    program     static                          
            copy_one_byte   0x002834    program     static                          
               dicionario   0x001762    program     extern E:\DATA\SENAI\projetus\FIRMWARE\CENTRAL.c
                     done   0x002858    program     static                          
             done_copying   0x002842    program     static                          
                  endloop   0x00295c    program     static                          
                 enviarRF   0x001ee6    program     extern E:\DATA\SENAI\projetus\FIRMWARE\CENTRAL.c
           gera_atraso_us   0x000014    program     extern E:\DATA\SENAI\projetus\FIRMWARE\4550_lcd16.h
       imprime_buffer_lcd   0x0004f6    program     extern E:\DATA\SENAI\projetus\FIRMWARE\4550_lcd16.h
                 jANotInf   0x00226c    program     static E:\3.45\pic18-lt\cxx-framework\src\traditional\math\divFP.asm
                 jANotInf   0x0023f8    program     static E:\3.45\pic18-lt\cxx-framework\src\traditional\math\addFP.asm
                 jANotInf   0x002312    program     static E:\3.45\pic18-lt\cxx-framework\src\traditional\math\mulFP.asm
                 jANotNeg   0x00248c    program     static E:\3.45\pic18-lt\cxx-framework\src\traditional\math\addFP.asm
                jANotZero   0x002280    program     static E:\3.45\pic18-lt\cxx-framework\src\traditional\math\divFP.asm
              jAandWsetup   0x00245c    program     static E:\3.45\pic18-lt\cxx-framework\src\traditional\math\addFP.asm
                  jAisNeg   0x002682    program     static E:\3.45\pic18-lt\cxx-framework\src\traditional\math\compFP.asm
                 jAltBexp   0x00244a    program     static E:\3.45\pic18-lt\cxx-framework\src\traditional\math\addFP.asm
                jBANotInf   0x0023ee    program     static E:\3.45\pic18-lt\cxx-framework\src\traditional\math\addFP.asm
                 jBNotInf   0x002406    program     static E:\3.45\pic18-lt\cxx-framework\src\traditional\math\addFP.asm
              jBothFinite   0x002320    program     static E:\3.45\pic18-lt\cxx-framework\src\traditional\math\mulFP.asm
             jBothNotZero   0x002624    program     static E:\3.45\pic18-lt\cxx-framework\src\traditional\math\compFP.asm
             jBothNotZero   0x00232c    program     static E:\3.45\pic18-lt\cxx-framework\src\traditional\math\mulFP.asm
            jDifOrPosSign   0x00241a    program     static E:\3.45\pic18-lt\cxx-framework\src\traditional\math\addFP.asm
                      jEQ   0x002640    program     static E:\3.45\pic18-lt\cxx-framework\src\traditional\math\compFP.asm
                    jExch   0x00264c    program     static E:\3.45\pic18-lt\cxx-framework\src\traditional\math\compFP.asm
                    jExit   0x0025e0    program     static E:\3.45\pic18-lt\cxx-framework\src\traditional\math\castFP16.asm
                   jExpEQ   0x002692    program     static E:\3.45\pic18-lt\cxx-framework\src\traditional\math\compFP.asm
                   jFinal   0x002676    program     static E:\3.45\pic18-lt\cxx-framework\src\traditional\math\compFP.asm
               jFinalSign   0x0024f4    program     static E:\3.45\pic18-lt\cxx-framework\src\traditional\math\addFP.asm
                jHaveZero   0x002328    program     static E:\3.45\pic18-lt\cxx-framework\src\traditional\math\mulFP.asm
                jI2F16Beg   0x002238    program     static E:\3.45\pic18-lt\cxx-framework\src\traditional\math\cast16FP.asm
                    jLoop   0x0022a8    program     static E:\3.45\pic18-lt\cxx-framework\src\traditional\math\divFP.asm
                    jLoop   0x0025c0    program     static E:\3.45\pic18-lt\cxx-framework\src\traditional\math\castFP16.asm
                jLoopExit   0x0025d0    program     static E:\3.45\pic18-lt\cxx-framework\src\traditional\math\castFP16.asm
                     jMax   0x002594    program     static E:\3.45\pic18-lt\cxx-framework\src\traditional\math\castFP16.asm
                  jMaxNeg   0x0025a2    program     static E:\3.45\pic18-lt\cxx-framework\src\traditional\math\castFP16.asm
                  jMaxPos   0x002598    program     static E:\3.45\pic18-lt\cxx-framework\src\traditional\math\castFP16.asm
                      jNE   0x002644    program     static E:\3.45\pic18-lt\cxx-framework\src\traditional\math\compFP.asm
                    jNext   0x0022ce    program     static E:\3.45\pic18-lt\cxx-framework\src\traditional\math\divFP.asm
                jNoAdjust   0x0022cc    program     static E:\3.45\pic18-lt\cxx-framework\src\traditional\math\divFP.asm
                  jNoExch   0x00266c    program     static E:\3.45\pic18-lt\cxx-framework\src\traditional\math\compFP.asm
             jNotBothZero   0x00241e    program     static E:\3.45\pic18-lt\cxx-framework\src\traditional\math\addFP.asm
                  jNotInf   0x0025b0    program     static E:\3.45\pic18-lt\cxx-framework\src\traditional\math\castFP16.asm
                  jPkLoop   0x0026f6    program     static E:\3.45\pic18-lt\cxx-framework\src\traditional\math\packFP.asm
             jPkRoundDone   0x002740    program     static E:\3.45\pic18-lt\cxx-framework\src\traditional\math\packFP.asm
               jPkRoundIt   0x002728    program     static E:\3.45\pic18-lt\cxx-framework\src\traditional\math\packFP.asm
             jPkShiftDone   0x002712    program     static E:\3.45\pic18-lt\cxx-framework\src\traditional\math\packFP.asm
           jReturnPosInf0   0x0026cc    program     static E:\3.45\pic18-lt\cxx-framework\src\traditional\math\packFP.asm
                  jRotate   0x00269e    program     static E:\3.45\pic18-lt\cxx-framework\src\traditional\math\compFP.asm
                   jShift   0x002688    program     static E:\3.45\pic18-lt\cxx-framework\src\traditional\math\compFP.asm
               jShiftDone   0x0024b4    program     static E:\3.45\pic18-lt\cxx-framework\src\traditional\math\addFP.asm
               jShiftLoop   0x0024a6    program     static E:\3.45\pic18-lt\cxx-framework\src\traditional\math\addFP.asm
                jSignDone   0x0024e4    program     static E:\3.45\pic18-lt\cxx-framework\src\traditional\math\addFP.asm
              jSignedZero   0x002276    program     static E:\3.45\pic18-lt\cxx-framework\src\traditional\math\divFP.asm
                 jSignsEQ   0x002628    program     static E:\3.45\pic18-lt\cxx-framework\src\traditional\math\compFP.asm
                  jUnpkA1   0x00276a    program     static E:\3.45\pic18-lt\cxx-framework\src\traditional\math\UnpackFP.asm
                  jUnpkA2   0x002782    program     static E:\3.45\pic18-lt\cxx-framework\src\traditional\math\UnpackFP.asm
                 jUnpkANZ   0x002778    program     static E:\3.45\pic18-lt\cxx-framework\src\traditional\math\UnpackFP.asm
                  jUnpkB1   0x00279a    program     static E:\3.45\pic18-lt\cxx-framework\src\traditional\math\UnpackFP.asm
                  jUnpkB2   0x0027b2    program     static E:\3.45\pic18-lt\cxx-framework\src\traditional\math\UnpackFP.asm
                 jUnpkBNZ   0x0027a8    program     static E:\3.45\pic18-lt\cxx-framework\src\traditional\math\UnpackFP.asm
                 jUnpkNaN   0x00278c    program     static E:\3.45\pic18-lt\cxx-framework\src\traditional\math\UnpackFP.asm
                 jWNotNeg   0x0024a0    program     static E:\3.45\pic18-lt\cxx-framework\src\traditional\math\addFP.asm
                    jZero   0x0025aa    program     static E:\3.45\pic18-lt\cxx-framework\src\traditional\math\castFP16.asm
               jZero1and2   0x0026d0    program     static E:\3.45\pic18-lt\cxx-framework\src\traditional\math\packFP.asm
            lcd_LD_cursor   0x000314    program     extern E:\DATA\SENAI\projetus\FIRMWARE\4550_lcd16.h
                  lcd_cls   0x000218    program     extern E:\DATA\SENAI\projetus\FIRMWARE\4550_lcd16.h
          lcd_cursor_home   0x000238    program     extern E:\DATA\SENAI\projetus\FIRMWARE\4550_lcd16.h
       lcd_desloca_cursor   0x000258    program     extern E:\DATA\SENAI\projetus\FIRMWARE\4550_lcd16.h
     lcd_desloca_mensagem   0x0002b6    program     extern E:\DATA\SENAI\projetus\FIRMWARE\4550_lcd16.h
       lcd_envia_controle   0x000050    program     extern E:\DATA\SENAI\projetus\FIRMWARE\4550_lcd16.h
               lcd_inicia   0x000534    program     extern E:\DATA\SENAI\projetus\FIRMWARE\4550_lcd16.h
              lcd_le_dado   0x000476    program     extern E:\DATA\SENAI\projetus\FIRMWARE\4550_lcd16.h
              lcd_posicao   0x000390    program     extern E:\DATA\SENAI\projetus\FIRMWARE\4550_lcd16.h
                lcd_print   0x0004b2    program     extern E:\DATA\SENAI\projetus\FIRMWARE\4550_lcd16.h
            lcd_printchar   0x000446    program     extern E:\DATA\SENAI\projetus\FIRMWARE\4550_lcd16.h
               lcd_status   0x000494    program     extern E:\DATA\SENAI\projetus\FIRMWARE\4550_lcd16.h
                     loop   0x002940    program     static                          
                     loop   0x0029b2    program     static                          
                   loop_h   0x002990    program     static E:\3.45\pic18-lt\cxx-framework\src\traditional\proc\p18f4550.asm
                   loop_l   0x00299a    program     static E:\3.45\pic18-lt\cxx-framework\src\traditional\proc\p18f4550.asm
                     main   0x002202    program     extern E:\DATA\SENAI\projetus\FIRMWARE\CENTRAL.c
                    print   0x0011fe    program     extern E:\DATA\SENAI\projetus\FIRMWARE\CENTRAL.c
                     send   0x0016ea    program     extern E:\DATA\SENAI\projetus\FIRMWARE\CENTRAL.c
                  set_led   0x001748    program     extern E:\DATA\SENAI\projetus\FIRMWARE\CENTRAL.c
                    start   0x0021a0    program     extern E:\DATA\SENAI\projetus\FIRMWARE\CENTRAL.c
                     test   0x0027d6    program     static                          
    verificar_ferramentas   0x00204a    program     extern E:\DATA\SENAI\projetus\FIRMWARE\CENTRAL.c
               zero_block   0x002990    program     static E:\3.45\pic18-lt\cxx-framework\src\traditional\proc\p18f4550.asm
                   ADCON0   0x000fc2       data     extern E:\3.45\pic18-lt\cxx-framework\src\traditional\proc\p18f4550.asm
               ADCON0bits   0x000fc2       data     extern E:\3.45\pic18-lt\cxx-framework\src\traditional\proc\p18f4550.asm
                   ADCON1   0x000fc1       data     extern E:\3.45\pic18-lt\cxx-framework\src\traditional\proc\p18f4550.asm
               ADCON1bits   0x000fc1       data     extern E:\3.45\pic18-lt\cxx-framework\src\traditional\proc\p18f4550.asm
                   ADCON2   0x000fc0       data     extern E:\3.45\pic18-lt\cxx-framework\src\traditional\proc\p18f4550.asm
               ADCON2bits   0x000fc0       data     extern E:\3.45\pic18-lt\cxx-framework\src\traditional\proc\p18f4550.asm
                    ADRES   0x000fc3       data     extern E:\3.45\pic18-lt\cxx-framework\src\traditional\proc\p18f4550.asm
                   ADRESH   0x000fc4       data     extern E:\3.45\pic18-lt\cxx-framework\src\traditional\proc\p18f4550.asm
                   ADRESL   0x000fc3       data     extern E:\3.45\pic18-lt\cxx-framework\src\traditional\proc\p18f4550.asm
                  BAUDCON   0x000fb8       data     extern E:\3.45\pic18-lt\cxx-framework\src\traditional\proc\p18f4550.asm
              BAUDCONbits   0x000fb8       data     extern E:\3.45\pic18-lt\cxx-framework\src\traditional\proc\p18f4550.asm
                  BAUDCTL   0x000fb8       data     extern E:\3.45\pic18-lt\cxx-framework\src\traditional\proc\p18f4550.asm
              BAUDCTLbits   0x000fb8       data     extern E:\3.45\pic18-lt\cxx-framework\src\traditional\proc\p18f4550.asm
                      BSR   0x000fe0       data     extern E:\3.45\pic18-lt\cxx-framework\src\traditional\proc\p18f4550.asm
                   CCP1AS   0x000fb6       data     extern E:\3.45\pic18-lt\cxx-framework\src\traditional\proc\p18f4550.asm
               CCP1ASbits   0x000fb6       data     extern E:\3.45\pic18-lt\cxx-framework\src\traditional\proc\p18f4550.asm
                  CCP1CON   0x000fbd       data     extern E:\3.45\pic18-lt\cxx-framework\src\traditional\proc\p18f4550.asm
              CCP1CONbits   0x000fbd       data     extern E:\3.45\pic18-lt\cxx-framework\src\traditional\proc\p18f4550.asm
                  CCP1DEL   0x000fb7       data     extern E:\3.45\pic18-lt\cxx-framework\src\traditional\proc\p18f4550.asm
              CCP1DELbits   0x000fb7       data     extern E:\3.45\pic18-lt\cxx-framework\src\traditional\proc\p18f4550.asm
                  CCP2CON   0x000fba       data     extern E:\3.45\pic18-lt\cxx-framework\src\traditional\proc\p18f4550.asm
              CCP2CONbits   0x000fba       data     extern E:\3.45\pic18-lt\cxx-framework\src\traditional\proc\p18f4550.asm
                    CCPR1   0x000fbe       data     extern E:\3.45\pic18-lt\cxx-framework\src\traditional\proc\p18f4550.asm
                   CCPR1H   0x000fbf       data     extern E:\3.45\pic18-lt\cxx-framework\src\traditional\proc\p18f4550.asm
                   CCPR1L   0x000fbe       data     extern E:\3.45\pic18-lt\cxx-framework\src\traditional\proc\p18f4550.asm
                    CCPR2   0x000fbb       data     extern E:\3.45\pic18-lt\cxx-framework\src\traditional\proc\p18f4550.asm
                   CCPR2H   0x000fbc       data     extern E:\3.45\pic18-lt\cxx-framework\src\traditional\proc\p18f4550.asm
                   CCPR2L   0x000fbb       data     extern E:\3.45\pic18-lt\cxx-framework\src\traditional\proc\p18f4550.asm
                    CMCON   0x000fb4       data     extern E:\3.45\pic18-lt\cxx-framework\src\traditional\proc\p18f4550.asm
                CMCONbits   0x000fb4       data     extern E:\3.45\pic18-lt\cxx-framework\src\traditional\proc\p18f4550.asm
                  CRYSTAL   0x00019c       data     extern E:\DATA\SENAI\projetus\FIRMWARE\CENTRAL.c
                   CVRCON   0x000fb5       data     extern E:\3.45\pic18-lt\cxx-framework\src\traditional\proc\p18f4550.asm
               CVRCONbits   0x000fb5       data     extern E:\3.45\pic18-lt\cxx-framework\src\traditional\proc\p18f4550.asm
                     DDRA   0x000f92       data     extern E:\3.45\pic18-lt\cxx-framework\src\traditional\proc\p18f4550.asm
                 DDRAbits   0x000f92       data     extern E:\3.45\pic18-lt\cxx-framework\src\traditional\proc\p18f4550.asm
                     DDRB   0x000f93       data     extern E:\3.45\pic18-lt\cxx-framework\src\traditional\proc\p18f4550.asm
                 DDRBbits   0x000f93       data     extern E:\3.45\pic18-lt\cxx-framework\src\traditional\proc\p18f4550.asm
                     DDRC   0x000f94       data     extern E:\3.45\pic18-lt\cxx-framework\src\traditional\proc\p18f4550.asm
                 DDRCbits   0x000f94       data     extern E:\3.45\pic18-lt\cxx-framework\src\traditional\proc\p18f4550.asm
                     DDRD   0x000f95       data     extern E:\3.45\pic18-lt\cxx-framework\src\traditional\proc\p18f4550.asm
                 DDRDbits   0x000f95       data     extern E:\3.45\pic18-lt\cxx-framework\src\traditional\proc\p18f4550.asm
                     DDRE   0x000f96       data     extern E:\3.45\pic18-lt\cxx-framework\src\traditional\proc\p18f4550.asm
                 DDREbits   0x000f96       data     extern E:\3.45\pic18-lt\cxx-framework\src\traditional\proc\p18f4550.asm
            DelayCounter1   0x000021       data     extern E:\3.45\pic18-lt\cxx-framework\src\traditional\delays\delayd1.asm
            DelayCounter2   0x000020       data     extern E:\3.45\pic18-lt\cxx-framework\src\traditional\delays\delayd2.asm
                  ECCP1AS   0x000fb6       data     extern E:\3.45\pic18-lt\cxx-framework\src\traditional\proc\p18f4550.asm
              ECCP1ASbits   0x000fb6       data     extern E:\3.45\pic18-lt\cxx-framework\src\traditional\proc\p18f4550.asm
                 ECCP1CON   0x000fbd       data     extern E:\3.45\pic18-lt\cxx-framework\src\traditional\proc\p18f4550.asm
             ECCP1CONbits   0x000fbd       data     extern E:\3.45\pic18-lt\cxx-framework\src\traditional\proc\p18f4550.asm
                 ECCP1DEL   0x000fb7       data     extern E:\3.45\pic18-lt\cxx-framework\src\traditional\proc\p18f4550.asm
             ECCP1DELbits   0x000fb7       data     extern E:\3.45\pic18-lt\cxx-framework\src\traditional\proc\p18f4550.asm
                    EEADR   0x000fa9       data     extern E:\3.45\pic18-lt\cxx-framework\src\traditional\proc\p18f4550.asm
                   EECON1   0x000fa6       data     extern E:\3.45\pic18-lt\cxx-framework\src\traditional\proc\p18f4550.asm
               EECON1bits   0x000fa6       data     extern E:\3.45\pic18-lt\cxx-framework\src\traditional\proc\p18f4550.asm
                   EECON2   0x000fa7       data     extern E:\3.45\pic18-lt\cxx-framework\src\traditional\proc\p18f4550.asm
                   EEDATA   0x000fa8       data     extern E:\3.45\pic18-lt\cxx-framework\src\traditional\proc\p18f4550.asm
                FREQUENCY   0x0001a4       data     extern E:\DATA\SENAI\projetus\FIRMWARE\CENTRAL.c
                     FSR0   0x000fe9       data     extern E:\3.45\pic18-lt\cxx-framework\src\traditional\proc\p18f4550.asm
                    FSR0H   0x000fea       data     extern E:\3.45\pic18-lt\cxx-framework\src\traditional\proc\p18f4550.asm
                    FSR0L   0x000fe9       data     extern E:\3.45\pic18-lt\cxx-framework\src\traditional\proc\p18f4550.asm
                     FSR1   0x000fe1       data     extern E:\3.45\pic18-lt\cxx-framework\src\traditional\proc\p18f4550.asm
                    FSR1H   0x000fe2       data     extern E:\3.45\pic18-lt\cxx-framework\src\traditional\proc\p18f4550.asm
                    FSR1L   0x000fe1       data     extern E:\3.45\pic18-lt\cxx-framework\src\traditional\proc\p18f4550.asm
                     FSR2   0x000fd9       data     extern E:\3.45\pic18-lt\cxx-framework\src\traditional\proc\p18f4550.asm
                    FSR2H   0x000fda       data     extern E:\3.45\pic18-lt\cxx-framework\src\traditional\proc\p18f4550.asm
                    FSR2L   0x000fd9       data     extern E:\3.45\pic18-lt\cxx-framework\src\traditional\proc\p18f4550.asm
                  HLVDCON   0x000fd2       data     extern E:\3.45\pic18-lt\cxx-framework\src\traditional\proc\p18f4550.asm
              HLVDCONbits   0x000fd2       data     extern E:\3.45\pic18-lt\cxx-framework\src\traditional\proc\p18f4550.asm
                    INDF0   0x000fef       data     extern E:\3.45\pic18-lt\cxx-framework\src\traditional\proc\p18f4550.asm
                    INDF1   0x000fe7       data     extern E:\3.45\pic18-lt\cxx-framework\src\traditional\proc\p18f4550.asm
                    INDF2   0x000fdf       data     extern E:\3.45\pic18-lt\cxx-framework\src\traditional\proc\p18f4550.asm
                   INTCON   0x000ff2       data     extern E:\3.45\pic18-lt\cxx-framework\src\traditional\proc\p18f4550.asm
                  INTCON2   0x000ff1       data     extern E:\3.45\pic18-lt\cxx-framework\src\traditional\proc\p18f4550.asm
              INTCON2bits   0x000ff1       data     extern E:\3.45\pic18-lt\cxx-framework\src\traditional\proc\p18f4550.asm
                  INTCON3   0x000ff0       data     extern E:\3.45\pic18-lt\cxx-framework\src\traditional\proc\p18f4550.asm
              INTCON3bits   0x000ff0       data     extern E:\3.45\pic18-lt\cxx-framework\src\traditional\proc\p18f4550.asm
               INTCONbits   0x000ff2       data     extern E:\3.45\pic18-lt\cxx-framework\src\traditional\proc\p18f4550.asm
                     IPR1   0x000f9f       data     extern E:\3.45\pic18-lt\cxx-framework\src\traditional\proc\p18f4550.asm
                 IPR1bits   0x000f9f       data     extern E:\3.45\pic18-lt\cxx-framework\src\traditional\proc\p18f4550.asm
                     IPR2   0x000fa2       data     extern E:\3.45\pic18-lt\cxx-framework\src\traditional\proc\p18f4550.asm
                 IPR2bits   0x000fa2       data     extern E:\3.45\pic18-lt\cxx-framework\src\traditional\proc\p18f4550.asm
                     LATA   0x000f89       data     extern E:\3.45\pic18-lt\cxx-framework\src\traditional\proc\p18f4550.asm
                 LATAbits   0x000f89       data     extern E:\3.45\pic18-lt\cxx-framework\src\traditional\proc\p18f4550.asm
                     LATB   0x000f8a       data     extern E:\3.45\pic18-lt\cxx-framework\src\traditional\proc\p18f4550.asm
                 LATBbits   0x000f8a       data     extern E:\3.45\pic18-lt\cxx-framework\src\traditional\proc\p18f4550.asm
                     LATC   0x000f8b       data     extern E:\3.45\pic18-lt\cxx-framework\src\traditional\proc\p18f4550.asm
                 LATCbits   0x000f8b       data     extern E:\3.45\pic18-lt\cxx-framework\src\traditional\proc\p18f4550.asm
                     LATD   0x000f8c       data     extern E:\3.45\pic18-lt\cxx-framework\src\traditional\proc\p18f4550.asm
                 LATDbits   0x000f8c       data     extern E:\3.45\pic18-lt\cxx-framework\src\traditional\proc\p18f4550.asm
                     LATE   0x000f8d       data     extern E:\3.45\pic18-lt\cxx-framework\src\traditional\proc\p18f4550.asm
                 LATEbits   0x000f8d       data     extern E:\3.45\pic18-lt\cxx-framework\src\traditional\proc\p18f4550.asm
                   LVDCON   0x000fd2       data     extern E:\3.45\pic18-lt\cxx-framework\src\traditional\proc\p18f4550.asm
               LVDCONbits   0x000fd2       data     extern E:\3.45\pic18-lt\cxx-framework\src\traditional\proc\p18f4550.asm
                   OSCCON   0x000fd3       data     extern E:\3.45\pic18-lt\cxx-framework\src\traditional\proc\p18f4550.asm
               OSCCONbits   0x000fd3       data     extern E:\3.45\pic18-lt\cxx-framework\src\traditional\proc\p18f4550.asm
                  OSCTUNE   0x000f9b       data     extern E:\3.45\pic18-lt\cxx-framework\src\traditional\proc\p18f4550.asm
              OSCTUNEbits   0x000f9b       data     extern E:\3.45\pic18-lt\cxx-framework\src\traditional\proc\p18f4550.asm
                       PC   0x000ff9       data     extern E:\3.45\pic18-lt\cxx-framework\src\traditional\proc\p18f4550.asm
                      PCL   0x000ff9       data     extern E:\3.45\pic18-lt\cxx-framework\src\traditional\proc\p18f4550.asm
                   PCLATH   0x000ffa       data     extern E:\3.45\pic18-lt\cxx-framework\src\traditional\proc\p18f4550.asm
                   PCLATU   0x000ffb       data     extern E:\3.45\pic18-lt\cxx-framework\src\traditional\proc\p18f4550.asm
                     PIE1   0x000f9d       data     extern E:\3.45\pic18-lt\cxx-framework\src\traditional\proc\p18f4550.asm
                 PIE1bits   0x000f9d       data     extern E:\3.45\pic18-lt\cxx-framework\src\traditional\proc\p18f4550.asm
                     PIE2   0x000fa0       data     extern E:\3.45\pic18-lt\cxx-framework\src\traditional\proc\p18f4550.asm
                 PIE2bits   0x000fa0       data     extern E:\3.45\pic18-lt\cxx-framework\src\traditional\proc\p18f4550.asm
                     PIR1   0x000f9e       data     extern E:\3.45\pic18-lt\cxx-framework\src\traditional\proc\p18f4550.asm
                 PIR1bits   0x000f9e       data     extern E:\3.45\pic18-lt\cxx-framework\src\traditional\proc\p18f4550.asm
                     PIR2   0x000fa1       data     extern E:\3.45\pic18-lt\cxx-framework\src\traditional\proc\p18f4550.asm
                 PIR2bits   0x000fa1       data     extern E:\3.45\pic18-lt\cxx-framework\src\traditional\proc\p18f4550.asm
                   PLUSW0   0x000feb       data     extern E:\3.45\pic18-lt\cxx-framework\src\traditional\proc\p18f4550.asm
                   PLUSW1   0x000fe3       data     extern E:\3.45\pic18-lt\cxx-framework\src\traditional\proc\p18f4550.asm
                   PLUSW2   0x000fdb       data     extern E:\3.45\pic18-lt\cxx-framework\src\traditional\proc\p18f4550.asm
                    PORTA   0x000f80       data     extern E:\3.45\pic18-lt\cxx-framework\src\traditional\proc\p18f4550.asm
                PORTAbits   0x000f80       data     extern E:\3.45\pic18-lt\cxx-framework\src\traditional\proc\p18f4550.asm
                    PORTB   0x000f81       data     extern E:\3.45\pic18-lt\cxx-framework\src\traditional\proc\p18f4550.asm
                PORTBbits   0x000f81       data     extern E:\3.45\pic18-lt\cxx-framework\src\traditional\proc\p18f4550.asm
                    PORTC   0x000f82       data     extern E:\3.45\pic18-lt\cxx-framework\src\traditional\proc\p18f4550.asm
                PORTCbits   0x000f82       data     extern E:\3.45\pic18-lt\cxx-framework\src\traditional\proc\p18f4550.asm
                    PORTD   0x000f83       data     extern E:\3.45\pic18-lt\cxx-framework\src\traditional\proc\p18f4550.asm
                PORTDbits   0x000f83       data     extern E:\3.45\pic18-lt\cxx-framework\src\traditional\proc\p18f4550.asm
                    PORTE   0x000f84       data     extern E:\3.45\pic18-lt\cxx-framework\src\traditional\proc\p18f4550.asm
                PORTEbits   0x000f84       data     extern E:\3.45\pic18-lt\cxx-framework\src\traditional\proc\p18f4550.asm
                 POSTDEC0   0x000fed       data     extern E:\3.45\pic18-lt\cxx-framework\src\traditional\proc\p18f4550.asm
                 POSTDEC1   0x000fe5       data     extern E:\3.45\pic18-lt\cxx-framework\src\traditional\proc\p18f4550.asm
                 POSTDEC2   0x000fdd       data     extern E:\3.45\pic18-lt\cxx-framework\src\traditional\proc\p18f4550.asm
                 POSTINC0   0x000fee       data     extern E:\3.45\pic18-lt\cxx-framework\src\traditional\proc\p18f4550.asm
                 POSTINC1   0x000fe6       data     extern E:\3.45\pic18-lt\cxx-framework\src\traditional\proc\p18f4550.asm
                 POSTINC2   0x000fde       data     extern E:\3.45\pic18-lt\cxx-framework\src\traditional\proc\p18f4550.asm
                      PR2   0x000fcb       data     extern E:\3.45\pic18-lt\cxx-framework\src\traditional\proc\p18f4550.asm
                  PREINC0   0x000fec       data     extern E:\3.45\pic18-lt\cxx-framework\src\traditional\proc\p18f4550.asm
                  PREINC1   0x000fe4       data     extern E:\3.45\pic18-lt\cxx-framework\src\traditional\proc\p18f4550.asm
                  PREINC2   0x000fdc       data     extern E:\3.45\pic18-lt\cxx-framework\src\traditional\proc\p18f4550.asm
                     PROD   0x000ff3       data     extern E:\3.45\pic18-lt\cxx-framework\src\traditional\proc\p18f4550.asm
                    PRODH   0x000ff4       data     extern E:\3.45\pic18-lt\cxx-framework\src\traditional\proc\p18f4550.asm
                    PRODL   0x000ff3       data     extern E:\3.45\pic18-lt\cxx-framework\src\traditional\proc\p18f4550.asm
               PWM_CONFIG   0x0001a2       data     extern E:\DATA\SENAI\projetus\FIRMWARE\CENTRAL.c
                   PWM_ON   0x00019e       data     extern E:\DATA\SENAI\projetus\FIRMWARE\CENTRAL.c
          PWM_PORCENTAGEM   0x0001b4       data     extern E:\DATA\SENAI\projetus\FIRMWARE\CENTRAL.c
               PWM_UPDATE   0x0001a0       data     extern E:\DATA\SENAI\projetus\FIRMWARE\CENTRAL.c
     PeriodoDeTransmissao   0x0001b6       data     extern E:\DATA\SENAI\projetus\FIRMWARE\CENTRAL.c
                     RCON   0x000fd0       data     extern E:\3.45\pic18-lt\cxx-framework\src\traditional\proc\p18f4550.asm
                 RCONbits   0x000fd0       data     extern E:\3.45\pic18-lt\cxx-framework\src\traditional\proc\p18f4550.asm
                    RCREG   0x000fae       data     extern E:\3.45\pic18-lt\cxx-framework\src\traditional\proc\p18f4550.asm
                    RCSTA   0x000fab       data     extern E:\3.45\pic18-lt\cxx-framework\src\traditional\proc\p18f4550.asm
                RCSTAbits   0x000fab       data     extern E:\3.45\pic18-lt\cxx-framework\src\traditional\proc\p18f4550.asm
                     SIGN   0x000000       data     extern E:\3.45\pic18-lt\cxx-framework\src\traditional\math\cmath18.asm
                    SPBRG   0x000faf       data     extern E:\3.45\pic18-lt\cxx-framework\src\traditional\proc\p18f4550.asm
                   SPBRGH   0x000fb0       data     extern E:\3.45\pic18-lt\cxx-framework\src\traditional\proc\p18f4550.asm
                   SPPCFG   0x000f63       data     extern E:\3.45\pic18-lt\cxx-framework\src\traditional\proc\p18f4550.asm
               SPPCFGbits   0x000f63       data     extern E:\3.45\pic18-lt\cxx-framework\src\traditional\proc\p18f4550.asm
                   SPPCON   0x000f65       data     extern E:\3.45\pic18-lt\cxx-framework\src\traditional\proc\p18f4550.asm
               SPPCONbits   0x000f65       data     extern E:\3.45\pic18-lt\cxx-framework\src\traditional\proc\p18f4550.asm
                  SPPDATA   0x000f62       data     extern E:\3.45\pic18-lt\cxx-framework\src\traditional\proc\p18f4550.asm
                   SPPEPS   0x000f64       data     extern E:\3.45\pic18-lt\cxx-framework\src\traditional\proc\p18f4550.asm
               SPPEPSbits   0x000f64       data     extern E:\3.45\pic18-lt\cxx-framework\src\traditional\proc\p18f4550.asm
                   SSPADD   0x000fc8       data     extern E:\3.45\pic18-lt\cxx-framework\src\traditional\proc\p18f4550.asm
                   SSPBUF   0x000fc9       data     extern E:\3.45\pic18-lt\cxx-framework\src\traditional\proc\p18f4550.asm
                  SSPCON1   0x000fc6       data     extern E:\3.45\pic18-lt\cxx-framework\src\traditional\proc\p18f4550.asm
              SSPCON1bits   0x000fc6       data     extern E:\3.45\pic18-lt\cxx-framework\src\traditional\proc\p18f4550.asm
                  SSPCON2   0x000fc5       data     extern E:\3.45\pic18-lt\cxx-framework\src\traditional\proc\p18f4550.asm
              SSPCON2bits   0x000fc5       data     extern E:\3.45\pic18-lt\cxx-framework\src\traditional\proc\p18f4550.asm
                  SSPSTAT   0x000fc7       data     extern E:\3.45\pic18-lt\cxx-framework\src\traditional\proc\p18f4550.asm
              SSPSTATbits   0x000fc7       data     extern E:\3.45\pic18-lt\cxx-framework\src\traditional\proc\p18f4550.asm
                   STATUS   0x000fd8       data     extern E:\3.45\pic18-lt\cxx-framework\src\traditional\proc\p18f4550.asm
               STATUSbits   0x000fd8       data     extern E:\3.45\pic18-lt\cxx-framework\src\traditional\proc\p18f4550.asm
                   STKPTR   0x000ffc       data     extern E:\3.45\pic18-lt\cxx-framework\src\traditional\proc\p18f4550.asm
               STKPTRbits   0x000ffc       data     extern E:\3.45\pic18-lt\cxx-framework\src\traditional\proc\p18f4550.asm
                        T   0x0001a8       data     extern E:\DATA\SENAI\projetus\FIRMWARE\CENTRAL.c
                    T0CON   0x000fd5       data     extern E:\3.45\pic18-lt\cxx-framework\src\traditional\proc\p18f4550.asm
                T0CONbits   0x000fd5       data     extern E:\3.45\pic18-lt\cxx-framework\src\traditional\proc\p18f4550.asm
                    T1CON   0x000fcd       data     extern E:\3.45\pic18-lt\cxx-framework\src\traditional\proc\p18f4550.asm
                T1CONbits   0x000fcd       data     extern E:\3.45\pic18-lt\cxx-framework\src\traditional\proc\p18f4550.asm
                    T2CON   0x000fca       data     extern E:\3.45\pic18-lt\cxx-framework\src\traditional\proc\p18f4550.asm
                T2CONbits   0x000fca       data     extern E:\3.45\pic18-lt\cxx-framework\src\traditional\proc\p18f4550.asm
                    T3CON   0x000fb1       data     extern E:\3.45\pic18-lt\cxx-framework\src\traditional\proc\p18f4550.asm
                T3CONbits   0x000fb1       data     extern E:\3.45\pic18-lt\cxx-framework\src\traditional\proc\p18f4550.asm
                   TABLAT   0x000ff5       data     extern E:\3.45\pic18-lt\cxx-framework\src\traditional\proc\p18f4550.asm
                   TBLPTR   0x000ff6       data     extern E:\3.45\pic18-lt\cxx-framework\src\traditional\proc\p18f4550.asm
                  TBLPTRH   0x000ff7       data     extern E:\3.45\pic18-lt\cxx-framework\src\traditional\proc\p18f4550.asm
                  TBLPTRL   0x000ff6       data     extern E:\3.45\pic18-lt\cxx-framework\src\traditional\proc\p18f4550.asm
                  TBLPTRU   0x000ff8       data     extern E:\3.45\pic18-lt\cxx-framework\src\traditional\proc\p18f4550.asm
                    TMR0H   0x000fd7       data     extern E:\3.45\pic18-lt\cxx-framework\src\traditional\proc\p18f4550.asm
                    TMR0L   0x000fd6       data     extern E:\3.45\pic18-lt\cxx-framework\src\traditional\proc\p18f4550.asm
                    TMR1H   0x000fcf       data     extern E:\3.45\pic18-lt\cxx-framework\src\traditional\proc\p18f4550.asm
                    TMR1L   0x000fce       data     extern E:\3.45\pic18-lt\cxx-framework\src\traditional\proc\p18f4550.asm
                     TMR2   0x000fcc       data     extern E:\3.45\pic18-lt\cxx-framework\src\traditional\proc\p18f4550.asm
                    TMR3H   0x000fb3       data     extern E:\3.45\pic18-lt\cxx-framework\src\traditional\proc\p18f4550.asm
                    TMR3L   0x000fb2       data     extern E:\3.45\pic18-lt\cxx-framework\src\traditional\proc\p18f4550.asm
                     TOFF   0x0001b0       data     extern E:\DATA\SENAI\projetus\FIRMWARE\CENTRAL.c
                      TON   0x0001ac       data     extern E:\DATA\SENAI\projetus\FIRMWARE\CENTRAL.c
                      TOS   0x000ffd       data     extern E:\3.45\pic18-lt\cxx-framework\src\traditional\proc\p18f4550.asm
                     TOSH   0x000ffe       data     extern E:\3.45\pic18-lt\cxx-framework\src\traditional\proc\p18f4550.asm
                     TOSL   0x000ffd       data     extern E:\3.45\pic18-lt\cxx-framework\src\traditional\proc\p18f4550.asm
                     TOSU   0x000fff       data     extern E:\3.45\pic18-lt\cxx-framework\src\traditional\proc\p18f4550.asm
                    TRISA   0x000f92       data     extern E:\3.45\pic18-lt\cxx-framework\src\traditional\proc\p18f4550.asm
                TRISAbits   0x000f92       data     extern E:\3.45\pic18-lt\cxx-framework\src\traditional\proc\p18f4550.asm
                    TRISB   0x000f93       data     extern E:\3.45\pic18-lt\cxx-framework\src\traditional\proc\p18f4550.asm
                TRISBbits   0x000f93       data     extern E:\3.45\pic18-lt\cxx-framework\src\traditional\proc\p18f4550.asm
                    TRISC   0x000f94       data     extern E:\3.45\pic18-lt\cxx-framework\src\traditional\proc\p18f4550.asm
                TRISCbits   0x000f94       data     extern E:\3.45\pic18-lt\cxx-framework\src\traditional\proc\p18f4550.asm
                    TRISD   0x000f95       data     extern E:\3.45\pic18-lt\cxx-framework\src\traditional\proc\p18f4550.asm
                TRISDbits   0x000f95       data     extern E:\3.45\pic18-lt\cxx-framework\src\traditional\proc\p18f4550.asm
                    TRISE   0x000f96       data     extern E:\3.45\pic18-lt\cxx-framework\src\traditional\proc\p18f4550.asm
                TRISEbits   0x000f96       data     extern E:\3.45\pic18-lt\cxx-framework\src\traditional\proc\p18f4550.asm
                    TXREG   0x000fad       data     extern E:\3.45\pic18-lt\cxx-framework\src\traditional\proc\p18f4550.asm
                    TXSTA   0x000fac       data     extern E:\3.45\pic18-lt\cxx-framework\src\traditional\proc\p18f4550.asm
                TXSTAbits   0x000fac       data     extern E:\3.45\pic18-lt\cxx-framework\src\traditional\proc\p18f4550.asm
                    UADDR   0x000f6e       data     extern E:\3.45\pic18-lt\cxx-framework\src\traditional\proc\p18f4550.asm
                UADDRbits   0x000f6e       data     extern E:\3.45\pic18-lt\cxx-framework\src\traditional\proc\p18f4550.asm
                     UCFG   0x000f6f       data     extern E:\3.45\pic18-lt\cxx-framework\src\traditional\proc\p18f4550.asm
                 UCFGbits   0x000f6f       data     extern E:\3.45\pic18-lt\cxx-framework\src\traditional\proc\p18f4550.asm
                     UCON   0x000f6d       data     extern E:\3.45\pic18-lt\cxx-framework\src\traditional\proc\p18f4550.asm
                 UCONbits   0x000f6d       data     extern E:\3.45\pic18-lt\cxx-framework\src\traditional\proc\p18f4550.asm
                     UEIE   0x000f6b       data     extern E:\3.45\pic18-lt\cxx-framework\src\traditional\proc\p18f4550.asm
                 UEIEbits   0x000f6b       data     extern E:\3.45\pic18-lt\cxx-framework\src\traditional\proc\p18f4550.asm
                     UEIR   0x000f6a       data     extern E:\3.45\pic18-lt\cxx-framework\src\traditional\proc\p18f4550.asm
                 UEIRbits   0x000f6a       data     extern E:\3.45\pic18-lt\cxx-framework\src\traditional\proc\p18f4550.asm
                     UEP0   0x000f70       data     extern E:\3.45\pic18-lt\cxx-framework\src\traditional\proc\p18f4550.asm
                 UEP0bits   0x000f70       data     extern E:\3.45\pic18-lt\cxx-framework\src\traditional\proc\p18f4550.asm
                     UEP1   0x000f71       data     extern E:\3.45\pic18-lt\cxx-framework\src\traditional\proc\p18f4550.asm
                    UEP10   0x000f7a       data     extern E:\3.45\pic18-lt\cxx-framework\src\traditional\proc\p18f4550.asm
                UEP10bits   0x000f7a       data     extern E:\3.45\pic18-lt\cxx-framework\src\traditional\proc\p18f4550.asm
                    UEP11   0x000f7b       data     extern E:\3.45\pic18-lt\cxx-framework\src\traditional\proc\p18f4550.asm
                UEP11bits   0x000f7b       data     extern E:\3.45\pic18-lt\cxx-framework\src\traditional\proc\p18f4550.asm
                    UEP12   0x000f7c       data     extern E:\3.45\pic18-lt\cxx-framework\src\traditional\proc\p18f4550.asm
                UEP12bits   0x000f7c       data     extern E:\3.45\pic18-lt\cxx-framework\src\traditional\proc\p18f4550.asm
                    UEP13   0x000f7d       data     extern E:\3.45\pic18-lt\cxx-framework\src\traditional\proc\p18f4550.asm
                UEP13bits   0x000f7d       data     extern E:\3.45\pic18-lt\cxx-framework\src\traditional\proc\p18f4550.asm
                    UEP14   0x000f7e       data     extern E:\3.45\pic18-lt\cxx-framework\src\traditional\proc\p18f4550.asm
                UEP14bits   0x000f7e       data     extern E:\3.45\pic18-lt\cxx-framework\src\traditional\proc\p18f4550.asm
                    UEP15   0x000f7f       data     extern E:\3.45\pic18-lt\cxx-framework\src\traditional\proc\p18f4550.asm
                UEP15bits   0x000f7f       data     extern E:\3.45\pic18-lt\cxx-framework\src\traditional\proc\p18f4550.asm
                 UEP1bits   0x000f71       data     extern E:\3.45\pic18-lt\cxx-framework\src\traditional\proc\p18f4550.asm
                     UEP2   0x000f72       data     extern E:\3.45\pic18-lt\cxx-framework\src\traditional\proc\p18f4550.asm
                 UEP2bits   0x000f72       data     extern E:\3.45\pic18-lt\cxx-framework\src\traditional\proc\p18f4550.asm
                     UEP3   0x000f73       data     extern E:\3.45\pic18-lt\cxx-framework\src\traditional\proc\p18f4550.asm
                 UEP3bits   0x000f73       data     extern E:\3.45\pic18-lt\cxx-framework\src\traditional\proc\p18f4550.asm
                     UEP4   0x000f74       data     extern E:\3.45\pic18-lt\cxx-framework\src\traditional\proc\p18f4550.asm
                 UEP4bits   0x000f74       data     extern E:\3.45\pic18-lt\cxx-framework\src\traditional\proc\p18f4550.asm
                     UEP5   0x000f75       data     extern E:\3.45\pic18-lt\cxx-framework\src\traditional\proc\p18f4550.asm
                 UEP5bits   0x000f75       data     extern E:\3.45\pic18-lt\cxx-framework\src\traditional\proc\p18f4550.asm
                     UEP6   0x000f76       data     extern E:\3.45\pic18-lt\cxx-framework\src\traditional\proc\p18f4550.asm
                 UEP6bits   0x000f76       data     extern E:\3.45\pic18-lt\cxx-framework\src\traditional\proc\p18f4550.asm
                     UEP7   0x000f77       data     extern E:\3.45\pic18-lt\cxx-framework\src\traditional\proc\p18f4550.asm
                 UEP7bits   0x000f77       data     extern E:\3.45\pic18-lt\cxx-framework\src\traditional\proc\p18f4550.asm
                     UEP8   0x000f78       data     extern E:\3.45\pic18-lt\cxx-framework\src\traditional\proc\p18f4550.asm
                 UEP8bits   0x000f78       data     extern E:\3.45\pic18-lt\cxx-framework\src\traditional\proc\p18f4550.asm
                     UEP9   0x000f79       data     extern E:\3.45\pic18-lt\cxx-framework\src\traditional\proc\p18f4550.asm
                 UEP9bits   0x000f79       data     extern E:\3.45\pic18-lt\cxx-framework\src\traditional\proc\p18f4550.asm
                     UFRM   0x000f66       data     extern E:\3.45\pic18-lt\cxx-framework\src\traditional\proc\p18f4550.asm
                    UFRMH   0x000f67       data     extern E:\3.45\pic18-lt\cxx-framework\src\traditional\proc\p18f4550.asm
                UFRMHbits   0x000f67       data     extern E:\3.45\pic18-lt\cxx-framework\src\traditional\proc\p18f4550.asm
                    UFRML   0x000f66       data     extern E:\3.45\pic18-lt\cxx-framework\src\traditional\proc\p18f4550.asm
                UFRMLbits   0x000f66       data     extern E:\3.45\pic18-lt\cxx-framework\src\traditional\proc\p18f4550.asm
                      UIE   0x000f69       data     extern E:\3.45\pic18-lt\cxx-framework\src\traditional\proc\p18f4550.asm
                  UIEbits   0x000f69       data     extern E:\3.45\pic18-lt\cxx-framework\src\traditional\proc\p18f4550.asm
                      UIR   0x000f68       data     extern E:\3.45\pic18-lt\cxx-framework\src\traditional\proc\p18f4550.asm
                  UIRbits   0x000f68       data     extern E:\3.45\pic18-lt\cxx-framework\src\traditional\proc\p18f4550.asm
                    USTAT   0x000f6c       data     extern E:\3.45\pic18-lt\cxx-framework\src\traditional\proc\p18f4550.asm
                USTATbits   0x000f6c       data     extern E:\3.45\pic18-lt\cxx-framework\src\traditional\proc\p18f4550.asm
                   WDTCON   0x000fd1       data     extern E:\3.45\pic18-lt\cxx-framework\src\traditional\proc\p18f4550.asm
               WDTCONbits   0x000fd1       data     extern E:\3.45\pic18-lt\cxx-framework\src\traditional\proc\p18f4550.asm
                     WREG   0x000fe8       data     extern E:\3.45\pic18-lt\cxx-framework\src\traditional\proc\p18f4550.asm
                 __AARGB0   0x000009       data     extern E:\3.45\pic18-lt\cxx-framework\src\traditional\math\aarg.asm
                 __AARGB1   0x000008       data     extern E:\3.45\pic18-lt\cxx-framework\src\traditional\math\aarg.asm
                 __AARGB2   0x000007       data     extern E:\3.45\pic18-lt\cxx-framework\src\traditional\math\aarg.asm
                 __AARGB3   0x000006       data     extern E:\3.45\pic18-lt\cxx-framework\src\traditional\math\aarg.asm
                 __AARGB4   0x000005       data     extern E:\3.45\pic18-lt\cxx-framework\src\traditional\math\aarg.asm
                 __AARGB5   0x000004       data     extern E:\3.45\pic18-lt\cxx-framework\src\traditional\math\aarg.asm
                 __AARGB6   0x000003       data     extern E:\3.45\pic18-lt\cxx-framework\src\traditional\math\aarg.asm
                 __AARGB7   0x000002       data     extern E:\3.45\pic18-lt\cxx-framework\src\traditional\math\aarg.asm
                   __AEXP   0x00000a       data     extern E:\3.45\pic18-lt\cxx-framework\src\traditional\math\aarg.asm
                 __BARGB0   0x00000e       data     extern E:\3.45\pic18-lt\cxx-framework\src\traditional\math\barg.asm
                 __BARGB1   0x00000d       data     extern E:\3.45\pic18-lt\cxx-framework\src\traditional\math\barg.asm
                 __BARGB2   0x00000c       data     extern E:\3.45\pic18-lt\cxx-framework\src\traditional\math\barg.asm
                 __BARGB3   0x00000b       data     extern E:\3.45\pic18-lt\cxx-framework\src\traditional\math\barg.asm
                   __BEXP   0x00000f       data     extern E:\3.45\pic18-lt\cxx-framework\src\traditional\math\barg.asm
                __FPFLAGS   0x000001       data     extern E:\3.45\pic18-lt\cxx-framework\src\traditional\math\cmath18.asm
            __FPFLAGSbits   0x000001       data     extern E:\3.45\pic18-lt\cxx-framework\src\traditional\math\cmath18.asm
                  __REMB0   0x000005       data     extern E:\3.45\pic18-lt\cxx-framework\src\traditional\math\aarg.asm
                  __REMB1   0x000004       data     extern E:\3.45\pic18-lt\cxx-framework\src\traditional\math\aarg.asm
                  __REMB2   0x000003       data     extern E:\3.45\pic18-lt\cxx-framework\src\traditional\math\aarg.asm
                  __REMB3   0x000002       data     extern E:\3.45\pic18-lt\cxx-framework\src\traditional\math\aarg.asm
                   __TEMP   0x000013       data     extern E:\3.45\pic18-lt\cxx-framework\src\traditional\math\temparg.asm
                 __TEMPB0   0x000013       data     extern E:\3.45\pic18-lt\cxx-framework\src\traditional\math\temparg.asm
                 __TEMPB1   0x000012       data     extern E:\3.45\pic18-lt\cxx-framework\src\traditional\math\temparg.asm
                 __TEMPB2   0x000011       data     extern E:\3.45\pic18-lt\cxx-framework\src\traditional\math\temparg.asm
                 __TEMPB3   0x000010       data     extern E:\3.45\pic18-lt\cxx-framework\src\traditional\math\temparg.asm
                  __tmp_0   0x000014       data     static E:\3.45\pic18-lt\cxx-framework\src\pmc_common\Timers\t0read.c
                  __tmp_0   0x000014       data     static E:\DATA\SENAI\projetus\FIRMWARE\CENTRAL.c
                   alarme   0x000188       data     extern E:\DATA\SENAI\projetus\FIRMWARE\CENTRAL.c
                curr_byte   0x0001bd       data     static E:\3.45\pic18-lt\cxx-framework\src\traditional\startup\c018i.c
               curr_entry   0x0001bf       data     static E:\3.45\pic18-lt\cxx-framework\src\traditional\startup\c018i.c
                 data_ptr   0x0001c1       data     static E:\3.45\pic18-lt\cxx-framework\src\traditional\startup\c018i.c
              exibir_disp   0x000186       data     extern E:\DATA\SENAI\projetus\FIRMWARE\CENTRAL.c
              ferramentas   0x000106       data     extern E:\DATA\SENAI\projetus\FIRMWARE\CENTRAL.c
         ferramentas_disp   0x00018c       data     extern E:\DATA\SENAI\projetus\FIRMWARE\CENTRAL.c
        linhas_do_display   0x000102       data     extern E:\DATA\SENAI\projetus\FIRMWARE\CENTRAL.c
            n_ferramentas   0x000100       data     extern E:\DATA\SENAI\projetus\FIRMWARE\CENTRAL.c
                   pagina   0x00018a       data     extern E:\DATA\SENAI\projetus\FIRMWARE\CENTRAL.c
                     prom   0x0001ba       data     static E:\3.45\pic18-lt\cxx-framework\src\traditional\startup\c018i.c
            total_paginas   0x000104       data     extern E:\DATA\SENAI\projetus\FIRMWARE\CENTRAL.c



                              Symbols - Sorted by Address
                     Name    Address   Location    Storage File                     
                ---------  ---------  ---------  --------- ---------                
                   _entry   0x000000    program     extern E:\3.45\pic18-lt\cxx-framework\src\traditional\startup\c018i.c
       ___return_lbl00000   0x000004    program     static                          
           gera_atraso_us   0x000014    program     extern E:\DATA\SENAI\projetus\FIRMWARE\4550_lcd16.h
           ___do_lbl00003   0x00001c    program     static                          
           ___do_lbl00001   0x000030    program     static                          
           ___do_lbl00002   0x000048    program     static                          
       ___return_lbl00000   0x000048    program     static                          
       lcd_envia_controle   0x000050    program     extern E:\DATA\SENAI\projetus\FIRMWARE\4550_lcd16.h
                  lcd_cls   0x000218    program     extern E:\DATA\SENAI\projetus\FIRMWARE\4550_lcd16.h
          lcd_cursor_home   0x000238    program     extern E:\DATA\SENAI\projetus\FIRMWARE\4550_lcd16.h
       lcd_desloca_cursor   0x000258    program     extern E:\DATA\SENAI\projetus\FIRMWARE\4550_lcd16.h
     lcd_desloca_mensagem   0x0002b6    program     extern E:\DATA\SENAI\projetus\FIRMWARE\4550_lcd16.h
            lcd_LD_cursor   0x000314    program     extern E:\DATA\SENAI\projetus\FIRMWARE\4550_lcd16.h
              lcd_posicao   0x000390    program     extern E:\DATA\SENAI\projetus\FIRMWARE\4550_lcd16.h
            lcd_printchar   0x000446    program     extern E:\DATA\SENAI\projetus\FIRMWARE\4550_lcd16.h
              lcd_le_dado   0x000476    program     extern E:\DATA\SENAI\projetus\FIRMWARE\4550_lcd16.h
               lcd_status   0x000494    program     extern E:\DATA\SENAI\projetus\FIRMWARE\4550_lcd16.h
                lcd_print   0x0004b2    program     extern E:\DATA\SENAI\projetus\FIRMWARE\4550_lcd16.h
       imprime_buffer_lcd   0x0004f6    program     extern E:\DATA\SENAI\projetus\FIRMWARE\4550_lcd16.h
               lcd_inicia   0x000534    program     extern E:\DATA\SENAI\projetus\FIRMWARE\4550_lcd16.h
                 Delay_ms   0x0006d2    program     extern E:\DATA\SENAI\projetus\FIRMWARE\CENTRAL.c
                    Delay   0x000b52    program     extern E:\DATA\SENAI\projetus\FIRMWARE\CENTRAL.c
                      PWM   0x000f82    program     extern E:\DATA\SENAI\projetus\FIRMWARE\CENTRAL.c
                config_io   0x0010b0    program     extern E:\DATA\SENAI\projetus\FIRMWARE\CENTRAL.c
        check_ferramentas   0x0010e8    program     extern E:\DATA\SENAI\projetus\FIRMWARE\CENTRAL.c
             check_button   0x00113c    program     extern E:\DATA\SENAI\projetus\FIRMWARE\CENTRAL.c
                    print   0x0011fe    program     extern E:\DATA\SENAI\projetus\FIRMWARE\CENTRAL.c
                     send   0x0016ea    program     extern E:\DATA\SENAI\projetus\FIRMWARE\CENTRAL.c
             check_alarme   0x001714    program     extern E:\DATA\SENAI\projetus\FIRMWARE\CENTRAL.c
                  set_led   0x001748    program     extern E:\DATA\SENAI\projetus\FIRMWARE\CENTRAL.c
               dicionario   0x001762    program     extern E:\DATA\SENAI\projetus\FIRMWARE\CENTRAL.c
                 enviarRF   0x001ee6    program     extern E:\DATA\SENAI\projetus\FIRMWARE\CENTRAL.c
    verificar_ferramentas   0x00204a    program     extern E:\DATA\SENAI\projetus\FIRMWARE\CENTRAL.c
                 check_IR   0x0020ec    program     extern E:\DATA\SENAI\projetus\FIRMWARE\CENTRAL.c
                    start   0x0021a0    program     extern E:\DATA\SENAI\projetus\FIRMWARE\CENTRAL.c
                     main   0x002202    program     extern E:\DATA\SENAI\projetus\FIRMWARE\CENTRAL.c
                 FLO1632U   0x002224    program     extern E:\3.45\pic18-lt\cxx-framework\src\traditional\math\cast16FP.asm
                 FLO1632S   0x002228    program     extern E:\3.45\pic18-lt\cxx-framework\src\traditional\math\cast16FP.asm
                jI2F16Beg   0x002238    program     static E:\3.45\pic18-lt\cxx-framework\src\traditional\math\cast16FP.asm
                    FPD32   0x00224e    program     extern E:\3.45\pic18-lt\cxx-framework\src\traditional\math\divFP.asm
                 jANotInf   0x00226c    program     static E:\3.45\pic18-lt\cxx-framework\src\traditional\math\divFP.asm
              jSignedZero   0x002276    program     static E:\3.45\pic18-lt\cxx-framework\src\traditional\math\divFP.asm
                jANotZero   0x002280    program     static E:\3.45\pic18-lt\cxx-framework\src\traditional\math\divFP.asm
                    jLoop   0x0022a8    program     static E:\3.45\pic18-lt\cxx-framework\src\traditional\math\divFP.asm
                jNoAdjust   0x0022cc    program     static E:\3.45\pic18-lt\cxx-framework\src\traditional\math\divFP.asm
                    jNext   0x0022ce    program     static E:\3.45\pic18-lt\cxx-framework\src\traditional\math\divFP.asm
                    FPM32   0x0022f4    program     extern E:\3.45\pic18-lt\cxx-framework\src\traditional\math\mulFP.asm
                 jANotInf   0x002312    program     static E:\3.45\pic18-lt\cxx-framework\src\traditional\math\mulFP.asm
              jBothFinite   0x002320    program     static E:\3.45\pic18-lt\cxx-framework\src\traditional\math\mulFP.asm
                jHaveZero   0x002328    program     static E:\3.45\pic18-lt\cxx-framework\src\traditional\math\mulFP.asm
             jBothNotZero   0x00232c    program     static E:\3.45\pic18-lt\cxx-framework\src\traditional\math\mulFP.asm
                    FPS32   0x0023ce    program     extern E:\3.45\pic18-lt\cxx-framework\src\traditional\math\addFP.asm
                    FPA32   0x0023d0    program     extern E:\3.45\pic18-lt\cxx-framework\src\traditional\math\addFP.asm
                jBANotInf   0x0023ee    program     static E:\3.45\pic18-lt\cxx-framework\src\traditional\math\addFP.asm
                 jANotInf   0x0023f8    program     static E:\3.45\pic18-lt\cxx-framework\src\traditional\math\addFP.asm
                 jBNotInf   0x002406    program     static E:\3.45\pic18-lt\cxx-framework\src\traditional\math\addFP.asm
            jDifOrPosSign   0x00241a    program     static E:\3.45\pic18-lt\cxx-framework\src\traditional\math\addFP.asm
             jNotBothZero   0x00241e    program     static E:\3.45\pic18-lt\cxx-framework\src\traditional\math\addFP.asm
                 jAltBexp   0x00244a    program     static E:\3.45\pic18-lt\cxx-framework\src\traditional\math\addFP.asm
              jAandWsetup   0x00245c    program     static E:\3.45\pic18-lt\cxx-framework\src\traditional\math\addFP.asm
                 jANotNeg   0x00248c    program     static E:\3.45\pic18-lt\cxx-framework\src\traditional\math\addFP.asm
                 jWNotNeg   0x0024a0    program     static E:\3.45\pic18-lt\cxx-framework\src\traditional\math\addFP.asm
               jShiftLoop   0x0024a6    program     static E:\3.45\pic18-lt\cxx-framework\src\traditional\math\addFP.asm
               jShiftDone   0x0024b4    program     static E:\3.45\pic18-lt\cxx-framework\src\traditional\math\addFP.asm
                jSignDone   0x0024e4    program     static E:\3.45\pic18-lt\cxx-framework\src\traditional\math\addFP.asm
               jFinalSign   0x0024f4    program     static E:\3.45\pic18-lt\cxx-framework\src\traditional\math\addFP.asm
                 FXD1616S   0x0024fc    program     extern E:\3.45\pic18-lt\cxx-framework\src\traditional\math\fxd1616s.asm
                  DA1616S   0x00250e    program     static E:\3.45\pic18-lt\cxx-framework\src\traditional\math\fxd1616s.asm
                   D1616S   0x00251e    program     static E:\3.45\pic18-lt\cxx-framework\src\traditional\math\fxd1616s.asm
                 D1616SOK   0x002528    program     static E:\3.45\pic18-lt\cxx-framework\src\traditional\math\fxd1616s.asm
                D1616SNEG   0x00252c    program     static E:\3.45\pic18-lt\cxx-framework\src\traditional\math\fxd1616s.asm
                  D1616SX   0x00253e    program     static E:\3.45\pic18-lt\cxx-framework\src\traditional\math\fxd1616s.asm
                 FXM1616U   0x002548    program     extern E:\3.45\pic18-lt\cxx-framework\src\traditional\math\fxm1616u.asm
                  INT3216   0x002584    program     extern E:\3.45\pic18-lt\cxx-framework\src\traditional\math\castFP16.asm
                     jMax   0x002594    program     static E:\3.45\pic18-lt\cxx-framework\src\traditional\math\castFP16.asm
                  jMaxPos   0x002598    program     static E:\3.45\pic18-lt\cxx-framework\src\traditional\math\castFP16.asm
                  jMaxNeg   0x0025a2    program     static E:\3.45\pic18-lt\cxx-framework\src\traditional\math\castFP16.asm
                    jZero   0x0025aa    program     static E:\3.45\pic18-lt\cxx-framework\src\traditional\math\castFP16.asm
                  jNotInf   0x0025b0    program     static E:\3.45\pic18-lt\cxx-framework\src\traditional\math\castFP16.asm
                    jLoop   0x0025c0    program     static E:\3.45\pic18-lt\cxx-framework\src\traditional\math\castFP16.asm
                jLoopExit   0x0025d0    program     static E:\3.45\pic18-lt\cxx-framework\src\traditional\math\castFP16.asm
                    jExit   0x0025e0    program     static E:\3.45\pic18-lt\cxx-framework\src\traditional\math\castFP16.asm
                  TAGTB32   0x0025e2    program     extern E:\3.45\pic18-lt\cxx-framework\src\traditional\math\gtFP.asm
                  TALTB32   0x0025f4    program     extern E:\3.45\pic18-lt\cxx-framework\src\traditional\math\ltFP.asm
              __FpCompare   0x002606    program     extern E:\3.45\pic18-lt\cxx-framework\src\traditional\math\compFP.asm
             jBothNotZero   0x002624    program     static E:\3.45\pic18-lt\cxx-framework\src\traditional\math\compFP.asm
                 jSignsEQ   0x002628    program     static E:\3.45\pic18-lt\cxx-framework\src\traditional\math\compFP.asm
                      jEQ   0x002640    program     static E:\3.45\pic18-lt\cxx-framework\src\traditional\math\compFP.asm
                      jNE   0x002644    program     static E:\3.45\pic18-lt\cxx-framework\src\traditional\math\compFP.asm
                    jExch   0x00264c    program     static E:\3.45\pic18-lt\cxx-framework\src\traditional\math\compFP.asm
                  jNoExch   0x00266c    program     static E:\3.45\pic18-lt\cxx-framework\src\traditional\math\compFP.asm
                   jFinal   0x002676    program     static E:\3.45\pic18-lt\cxx-framework\src\traditional\math\compFP.asm
                  jAisNeg   0x002682    program     static E:\3.45\pic18-lt\cxx-framework\src\traditional\math\compFP.asm
                   jShift   0x002688    program     static E:\3.45\pic18-lt\cxx-framework\src\traditional\math\compFP.asm
                   jExpEQ   0x002692    program     static E:\3.45\pic18-lt\cxx-framework\src\traditional\math\compFP.asm
                  jRotate   0x00269e    program     static E:\3.45\pic18-lt\cxx-framework\src\traditional\math\compFP.asm
            __FpReturnNaN   0x0026b0    program     extern E:\3.45\pic18-lt\cxx-framework\src\traditional\math\packFP.asm
                 __FpExit   0x0026bc    program     extern E:\3.45\pic18-lt\cxx-framework\src\traditional\math\packFP.asm
        __FpReturnSignInf   0x0026be    program     extern E:\3.45\pic18-lt\cxx-framework\src\traditional\math\packFP.asm
         __FpReturnNegInf   0x0026c2    program     extern E:\3.45\pic18-lt\cxx-framework\src\traditional\math\packFP.asm
         __FpReturnPosInf   0x0026c8    program     extern E:\3.45\pic18-lt\cxx-framework\src\traditional\math\packFP.asm
           jReturnPosInf0   0x0026cc    program     static E:\3.45\pic18-lt\cxx-framework\src\traditional\math\packFP.asm
               jZero1and2   0x0026d0    program     static E:\3.45\pic18-lt\cxx-framework\src\traditional\math\packFP.asm
       __FpReturnSignZero   0x0026d6    program     extern E:\3.45\pic18-lt\cxx-framework\src\traditional\math\packFP.asm
        __FpReturnNegZero   0x0026da    program     extern E:\3.45\pic18-lt\cxx-framework\src\traditional\math\packFP.asm
        __FpReturnPosZero   0x0026e2    program     extern E:\3.45\pic18-lt\cxx-framework\src\traditional\math\packFP.asm
                 __FpPack   0x0026e8    program     extern E:\3.45\pic18-lt\cxx-framework\src\traditional\math\packFP.asm
                  jPkLoop   0x0026f6    program     static E:\3.45\pic18-lt\cxx-framework\src\traditional\math\packFP.asm
             jPkShiftDone   0x002712    program     static E:\3.45\pic18-lt\cxx-framework\src\traditional\math\packFP.asm
               jPkRoundIt   0x002728    program     static E:\3.45\pic18-lt\cxx-framework\src\traditional\math\packFP.asm
             jPkRoundDone   0x002740    program     static E:\3.45\pic18-lt\cxx-framework\src\traditional\math\packFP.asm
              __FpReturnW   0x002740    program     extern E:\3.45\pic18-lt\cxx-framework\src\traditional\math\packFP.asm
              __FpUnPackA   0x002760    program     extern E:\3.45\pic18-lt\cxx-framework\src\traditional\math\UnpackFP.asm
                  jUnpkA1   0x00276a    program     static E:\3.45\pic18-lt\cxx-framework\src\traditional\math\UnpackFP.asm
                 jUnpkANZ   0x002778    program     static E:\3.45\pic18-lt\cxx-framework\src\traditional\math\UnpackFP.asm
                  jUnpkA2   0x002782    program     static E:\3.45\pic18-lt\cxx-framework\src\traditional\math\UnpackFP.asm
                 jUnpkNaN   0x00278c    program     static E:\3.45\pic18-lt\cxx-framework\src\traditional\math\UnpackFP.asm
              __FpUnPackB   0x002790    program     extern E:\3.45\pic18-lt\cxx-framework\src\traditional\math\UnpackFP.asm
                  jUnpkB1   0x00279a    program     static E:\3.45\pic18-lt\cxx-framework\src\traditional\math\UnpackFP.asm
                 jUnpkBNZ   0x0027a8    program     static E:\3.45\pic18-lt\cxx-framework\src\traditional\math\UnpackFP.asm
                  jUnpkB2   0x0027b2    program     static E:\3.45\pic18-lt\cxx-framework\src\traditional\math\UnpackFP.asm
                _do_cinit   0x0027bc    program     extern E:\3.45\pic18-lt\cxx-framework\src\traditional\startup\c018i.c
                     test   0x0027d6    program     static                          
                copy_loop   0x00282e    program     static                          
            copy_one_byte   0x002834    program     static                          
             done_copying   0x002842    program     static                          
       ___return_lbl00002   0x002858    program     static                          
                     done   0x002858    program     static                          
               ReadTimer0   0x00285a    program     extern E:\3.45\pic18-lt\cxx-framework\src\pmc_common\Timers\t0read.c
              WriteTimer0   0x002898    program     extern E:\3.45\pic18-lt\cxx-framework\src\pmc_common\Timers\t0write.c
               OpenTimer0   0x0028d0    program     extern E:\3.45\pic18-lt\cxx-framework\src\pmc_common\Timers\t0open.c
             Delay10KTCYx   0x002908    program     extern E:\3.45\pic18-lt\cxx-framework\src\traditional\delays\d10ktcyx.asm
                    D10Kx   0x002912    program     static E:\3.45\pic18-lt\cxx-framework\src\traditional\delays\d10ktcyx.asm
                   D10K_1   0x002914    program     static E:\3.45\pic18-lt\cxx-framework\src\traditional\delays\d10ktcyx.asm
       _D10KTCYXCODE_0010   0x002918    program     static E:\3.45\pic18-lt\cxx-framework\src\traditional\delays\d10ktcyx.asm
                    D10Kl   0x002920    program     static E:\3.45\pic18-lt\cxx-framework\src\traditional\delays\d10ktcyx.asm
       _D10KTCYXCODE_001C   0x002924    program     static E:\3.45\pic18-lt\cxx-framework\src\traditional\delays\d10ktcyx.asm
                 FXD1616U   0x002936    program     extern E:\3.45\pic18-lt\cxx-framework\src\traditional\math\fxd1616u.c
                     loop   0x002940    program     static                          
                  endloop   0x00295c    program     static                          
       ___return_lbl00000   0x002960    program     static                          
              Delay1KTCYx   0x002962    program     extern E:\3.45\pic18-lt\cxx-framework\src\traditional\delays\d1ktcyx.asm
                     D1Kx   0x00296c    program     static E:\3.45\pic18-lt\cxx-framework\src\traditional\delays\d1ktcyx.asm
                    D1K_1   0x00296e    program     static E:\3.45\pic18-lt\cxx-framework\src\traditional\delays\d1ktcyx.asm
        _D1KTCYXCODE_0010   0x002972    program     static E:\3.45\pic18-lt\cxx-framework\src\traditional\delays\d1ktcyx.asm
[...]
                 DDRCbits   0x000f94       data     extern E:\3.45\pic18-lt\cxx-framework\src\traditional\proc\p18f4550.asm
                 DDRDbits   0x000f95       data     extern E:\3.45\pic18-lt\cxx-framework\src\traditional\proc\p18f4550.asm
                    TRISD   0x000f95       data     extern E:\3.45\pic18-lt\cxx-framework\src\traditional\proc\p18f4550.asm
                TRISDbits   0x000f95       data     extern E:\3.45\pic18-lt\cxx-framework\src\traditional\proc\p18f4550.asm
                     DDRD   0x000f95       data     extern E:\3.45\pic18-lt\cxx-framework\src\traditional\proc\p18f4550.asm
                 DDREbits   0x000f96       data     extern E:\3.45\pic18-lt\cxx-framework\src\traditional\proc\p18f4550.asm
                     DDRE   0x000f96       data     extern E:\3.45\pic18-lt\cxx-framework\src\traditional\proc\p18f4550.asm
                TRISEbits   0x000f96       data     extern E:\3.45\pic18-lt\cxx-framework\src\traditional\proc\p18f4550.asm
                    TRISE   0x000f96       data     extern E:\3.45\pic18-lt\cxx-framework\src\traditional\proc\p18f4550.asm
              OSCTUNEbits   0x000f9b       data     extern E:\3.45\pic18-lt\cxx-framework\src\traditional\proc\p18f4550.asm
                  OSCTUNE   0x000f9b       data     extern E:\3.45\pic18-lt\cxx-framework\src\traditional\proc\p18f4550.asm
                 PIE1bits   0x000f9d       data     extern E:\3.45\pic18-lt\cxx-framework\src\traditional\proc\p18f4550.asm
                     PIE1   0x000f9d       data     extern E:\3.45\pic18-lt\cxx-framework\src\traditional\proc\p18f4550.asm
                 PIR1bits   0x000f9e       data     extern E:\3.45\pic18-lt\cxx-framework\src\traditional\proc\p18f4550.asm
                     PIR1   0x000f9e       data     extern E:\3.45\pic18-lt\cxx-framework\src\traditional\proc\p18f4550.asm
                     IPR1   0x000f9f       data     extern E:\3.45\pic18-lt\cxx-framework\src\traditional\proc\p18f4550.asm
                 IPR1bits   0x000f9f       data     extern E:\3.45\pic18-lt\cxx-framework\src\traditional\proc\p18f4550.asm
                 PIE2bits   0x000fa0       data     extern E:\3.45\pic18-lt\cxx-framework\src\traditional\proc\p18f4550.asm
                     PIE2   0x000fa0       data     extern E:\3.45\pic18-lt\cxx-framework\src\traditional\proc\p18f4550.asm
                 PIR2bits   0x000fa1       data     extern E:\3.45\pic18-lt\cxx-framework\src\traditional\proc\p18f4550.asm
                     PIR2   0x000fa1       data     extern E:\3.45\pic18-lt\cxx-framework\src\traditional\proc\p18f4550.asm
                     IPR2   0x000fa2       data     extern E:\3.45\pic18-lt\cxx-framework\src\traditional\proc\p18f4550.asm
                 IPR2bits   0x000fa2       data     extern E:\3.45\pic18-lt\cxx-framework\src\traditional\proc\p18f4550.asm
               EECON1bits   0x000fa6       data     extern E:\3.45\pic18-lt\cxx-framework\src\traditional\proc\p18f4550.asm
                   EECON1   0x000fa6       data     extern E:\3.45\pic18-lt\cxx-framework\src\traditional\proc\p18f4550.asm
                   EECON2   0x000fa7       data     extern E:\3.45\pic18-lt\cxx-framework\src\traditional\proc\p18f4550.asm
                   EEDATA   0x000fa8       data     extern E:\3.45\pic18-lt\cxx-framework\src\traditional\proc\p18f4550.asm
                    EEADR   0x000fa9       data     extern E:\3.45\pic18-lt\cxx-framework\src\traditional\proc\p18f4550.asm
                    RCSTA   0x000fab       data     extern E:\3.45\pic18-lt\cxx-framework\src\traditional\proc\p18f4550.asm
                RCSTAbits   0x000fab       data     extern E:\3.45\pic18-lt\cxx-framework\src\traditional\proc\p18f4550.asm
                    TXSTA   0x000fac       data     extern E:\3.45\pic18-lt\cxx-framework\src\traditional\proc\p18f4550.asm
                TXSTAbits   0x000fac       data     extern E:\3.45\pic18-lt\cxx-framework\src\traditional\proc\p18f4550.asm
                    TXREG   0x000fad       data     extern E:\3.45\pic18-lt\cxx-framework\src\traditional\proc\p18f4550.asm
                    RCREG   0x000fae       data     extern E:\3.45\pic18-lt\cxx-framework\src\traditional\proc\p18f4550.asm
                    SPBRG   0x000faf       data     extern E:\3.45\pic18-lt\cxx-framework\src\traditional\proc\p18f4550.asm
                   SPBRGH   0x000fb0       data     extern E:\3.45\pic18-lt\cxx-framework\src\traditional\proc\p18f4550.asm
                T3CONbits   0x000fb1       data     extern E:\3.45\pic18-lt\cxx-framework\src\traditional\proc\p18f4550.asm
                    T3CON   0x000fb1       data     extern E:\3.45\pic18-lt\cxx-framework\src\traditional\proc\p18f4550.asm
                    TMR3L   0x000fb2       data     extern E:\3.45\pic18-lt\cxx-framework\src\traditional\proc\p18f4550.asm
                    TMR3H   0x000fb3       data     extern E:\3.45\pic18-lt\cxx-framework\src\traditional\proc\p18f4550.asm
                CMCONbits   0x000fb4       data     extern E:\3.45\pic18-lt\cxx-framework\src\traditional\proc\p18f4550.asm
                    CMCON   0x000fb4       data     extern E:\3.45\pic18-lt\cxx-framework\src\traditional\proc\p18f4550.asm
               CVRCONbits   0x000fb5       data     extern E:\3.45\pic18-lt\cxx-framework\src\traditional\proc\p18f4550.asm
                   CVRCON   0x000fb5       data     extern E:\3.45\pic18-lt\cxx-framework\src\traditional\proc\p18f4550.asm
                   CCP1AS   0x000fb6       data     extern E:\3.45\pic18-lt\cxx-framework\src\traditional\proc\p18f4550.asm
              ECCP1ASbits   0x000fb6       data     extern E:\3.45\pic18-lt\cxx-framework\src\traditional\proc\p18f4550.asm
                  ECCP1AS   0x000fb6       data     extern E:\3.45\pic18-lt\cxx-framework\src\traditional\proc\p18f4550.asm
               CCP1ASbits   0x000fb6       data     extern E:\3.45\pic18-lt\cxx-framework\src\traditional\proc\p18f4550.asm
                 ECCP1DEL   0x000fb7       data     extern E:\3.45\pic18-lt\cxx-framework\src\traditional\proc\p18f4550.asm
             ECCP1DELbits   0x000fb7       data     extern E:\3.45\pic18-lt\cxx-framework\src\traditional\proc\p18f4550.asm
              CCP1DELbits   0x000fb7       data     extern E:\3.45\pic18-lt\cxx-framework\src\traditional\proc\p18f4550.asm
                  CCP1DEL   0x000fb7       data     extern E:\3.45\pic18-lt\cxx-framework\src\traditional\proc\p18f4550.asm
              BAUDCTLbits   0x000fb8       data     extern E:\3.45\pic18-lt\cxx-framework\src\traditional\proc\p18f4550.asm
                  BAUDCTL   0x000fb8       data     extern E:\3.45\pic18-lt\cxx-framework\src\traditional\proc\p18f4550.asm
              BAUDCONbits   0x000fb8       data     extern E:\3.45\pic18-lt\cxx-framework\src\traditional\proc\p18f4550.asm
                  BAUDCON   0x000fb8       data     extern E:\3.45\pic18-lt\cxx-framework\src\traditional\proc\p18f4550.asm
              CCP2CONbits   0x000fba       data     extern E:\3.45\pic18-lt\cxx-framework\src\traditional\proc\p18f4550.asm
                  CCP2CON   0x000fba       data     extern E:\3.45\pic18-lt\cxx-framework\src\traditional\proc\p18f4550.asm
                   CCPR2L   0x000fbb       data     extern E:\3.45\pic18-lt\cxx-framework\src\traditional\proc\p18f4550.asm
                    CCPR2   0x000fbb       data     extern E:\3.45\pic18-lt\cxx-framework\src\traditional\proc\p18f4550.asm
                   CCPR2H   0x000fbc       data     extern E:\3.45\pic18-lt\cxx-framework\src\traditional\proc\p18f4550.asm
                 ECCP1CON   0x000fbd       data     extern E:\3.45\pic18-lt\cxx-framework\src\traditional\proc\p18f4550.asm
             ECCP1CONbits   0x000fbd       data     extern E:\3.45\pic18-lt\cxx-framework\src\traditional\proc\p18f4550.asm
                  CCP1CON   0x000fbd       data     extern E:\3.45\pic18-lt\cxx-framework\src\traditional\proc\p18f4550.asm
              CCP1CONbits   0x000fbd       data     extern E:\3.45\pic18-lt\cxx-framework\src\traditional\proc\p18f4550.asm
                   CCPR1L   0x000fbe       data     extern E:\3.45\pic18-lt\cxx-framework\src\traditional\proc\p18f4550.asm
                    CCPR1   0x000fbe       data     extern E:\3.45\pic18-lt\cxx-framework\src\traditional\proc\p18f4550.asm
                   CCPR1H   0x000fbf       data     extern E:\3.45\pic18-lt\cxx-framework\src\traditional\proc\p18f4550.asm
               ADCON2bits   0x000fc0       data     extern E:\3.45\pic18-lt\cxx-framework\src\traditional\proc\p18f4550.asm
                   ADCON2   0x000fc0       data     extern E:\3.45\pic18-lt\cxx-framework\src\traditional\proc\p18f4550.asm
                   ADCON1   0x000fc1       data     extern E:\3.45\pic18-lt\cxx-framework\src\traditional\proc\p18f4550.asm
               ADCON1bits   0x000fc1       data     extern E:\3.45\pic18-lt\cxx-framework\src\traditional\proc\p18f4550.asm
                   ADCON0   0x000fc2       data     extern E:\3.45\pic18-lt\cxx-framework\src\traditional\proc\p18f4550.asm
               ADCON0bits   0x000fc2       data     extern E:\3.45\pic18-lt\cxx-framework\src\traditional\proc\p18f4550.asm
                    ADRES   0x000fc3       data     extern E:\3.45\pic18-lt\cxx-framework\src\traditional\proc\p18f4550.asm
                   ADRESL   0x000fc3       data     extern E:\3.45\pic18-lt\cxx-framework\src\traditional\proc\p18f4550.asm
                   ADRESH   0x000fc4       data     extern E:\3.45\pic18-lt\cxx-framework\src\traditional\proc\p18f4550.asm
                  SSPCON2   0x000fc5       data     extern E:\3.45\pic18-lt\cxx-framework\src\traditional\proc\p18f4550.asm
              SSPCON2bits   0x000fc5       data     extern E:\3.45\pic18-lt\cxx-framework\src\traditional\proc\p18f4550.asm
                  SSPCON1   0x000fc6       data     extern E:\3.45\pic18-lt\cxx-framework\src\traditional\proc\p18f4550.asm
              SSPCON1bits   0x000fc6       data     extern E:\3.45\pic18-lt\cxx-framework\src\traditional\proc\p18f4550.asm
              SSPSTATbits   0x000fc7       data     extern E:\3.45\pic18-lt\cxx-framework\src\traditional\proc\p18f4550.asm
                  SSPSTAT   0x000fc7       data     extern E:\3.45\pic18-lt\cxx-framework\src\traditional\proc\p18f4550.asm
                   SSPADD   0x000fc8       data     extern E:\3.45\pic18-lt\cxx-framework\src\traditional\proc\p18f4550.asm
                   SSPBUF   0x000fc9       data     extern E:\3.45\pic18-lt\cxx-framework\src\traditional\proc\p18f4550.asm
                T2CONbits   0x000fca       data     extern E:\3.45\pic18-lt\cxx-framework\src\traditional\proc\p18f4550.asm
                    T2CON   0x000fca       data     extern E:\3.45\pic18-lt\cxx-framework\src\traditional\proc\p18f4550.asm
                      PR2   0x000fcb       data     extern E:\3.45\pic18-lt\cxx-framework\src\traditional\proc\p18f4550.asm
                     TMR2   0x000fcc       data     extern E:\3.45\pic18-lt\cxx-framework\src\traditional\proc\p18f4550.asm
                    T1CON   0x000fcd       data     extern E:\3.45\pic18-lt\cxx-framework\src\traditional\proc\p18f4550.asm
                T1CONbits   0x000fcd       data     extern E:\3.45\pic18-lt\cxx-framework\src\traditional\proc\p18f4550.asm
                    TMR1L   0x000fce       data     extern E:\3.45\pic18-lt\cxx-framework\src\traditional\proc\p18f4550.asm
                    TMR1H   0x000fcf       data     extern E:\3.45\pic18-lt\cxx-framework\src\traditional\proc\p18f4550.asm
                 RCONbits   0x000fd0       data     extern E:\3.45\pic18-lt\cxx-framework\src\traditional\proc\p18f4550.asm
                     RCON   0x000fd0       data     extern E:\3.45\pic18-lt\cxx-framework\src\traditional\proc\p18f4550.asm
               WDTCONbits   0x000fd1       data     extern E:\3.45\pic18-lt\cxx-framework\src\traditional\proc\p18f4550.asm
                   WDTCON   0x000fd1       data     extern E:\3.45\pic18-lt\cxx-framework\src\traditional\proc\p18f4550.asm
                  HLVDCON   0x000fd2       data     extern E:\3.45\pic18-lt\cxx-framework\src\traditional\proc\p18f4550.asm
              HLVDCONbits   0x000fd2       data     extern E:\3.45\pic18-lt\cxx-framework\src\traditional\proc\p18f4550.asm
                   LVDCON   0x000fd2       data     extern E:\3.45\pic18-lt\cxx-framework\src\traditional\proc\p18f4550.asm
               LVDCONbits   0x000fd2       data     extern E:\3.45\pic18-lt\cxx-framework\src\traditional\proc\p18f4550.asm
                   OSCCON   0x000fd3       data     extern E:\3.45\pic18-lt\cxx-framework\src\traditional\proc\p18f4550.asm
               OSCCONbits   0x000fd3       data     extern E:\3.45\pic18-lt\cxx-framework\src\traditional\proc\p18f4550.asm
                    T0CON   0x000fd5       data     extern E:\3.45\pic18-lt\cxx-framework\src\traditional\proc\p18f4550.asm
                T0CONbits   0x000fd5       data     extern E:\3.45\pic18-lt\cxx-framework\src\traditional\proc\p18f4550.asm
                    TMR0L   0x000fd6       data     extern E:\3.45\pic18-lt\cxx-framework\src\traditional\proc\p18f4550.asm
                    TMR0H   0x000fd7       data     extern E:\3.45\pic18-lt\cxx-framework\src\traditional\proc\p18f4550.asm
                   STATUS   0x000fd8       data     extern E:\3.45\pic18-lt\cxx-framework\src\traditional\proc\p18f4550.asm
               STATUSbits   0x000fd8       data     extern E:\3.45\pic18-lt\cxx-framework\src\traditional\proc\p18f4550.asm
                     FSR2   0x000fd9       data     extern E:\3.45\pic18-lt\cxx-framework\src\traditional\proc\p18f4550.asm
                    FSR2L   0x000fd9       data     extern E:\3.45\pic18-lt\cxx-framework\src\traditional\proc\p18f4550.asm
                    FSR2H   0x000fda       data     extern E:\3.45\pic18-lt\cxx-framework\src\traditional\proc\p18f4550.asm
                   PLUSW2   0x000fdb       data     extern E:\3.45\pic18-lt\cxx-framework\src\traditional\proc\p18f4550.asm
                  PREINC2   0x000fdc       data     extern E:\3.45\pic18-lt\cxx-framework\src\traditional\proc\p18f4550.asm
                 POSTDEC2   0x000fdd       data     extern E:\3.45\pic18-lt\cxx-framework\src\traditional\proc\p18f4550.asm
                 POSTINC2   0x000fde       data     extern E:\3.45\pic18-lt\cxx-framework\src\traditional\proc\p18f4550.asm
                    INDF2   0x000fdf       data     extern E:\3.45\pic18-lt\cxx-framework\src\traditional\proc\p18f4550.asm
                      BSR   0x000fe0       data     extern E:\3.45\pic18-lt\cxx-framework\src\traditional\proc\p18f4550.asm
                    FSR1L   0x000fe1       data     extern E:\3.45\pic18-lt\cxx-framework\src\traditional\proc\p18f4550.asm
                     FSR1   0x000fe1       data     extern E:\3.45\pic18-lt\cxx-framework\src\traditional\proc\p18f4550.asm
                    FSR1H   0x000fe2       data     extern E:\3.45\pic18-lt\cxx-framework\src\traditional\proc\p18f4550.asm
                   PLUSW1   0x000fe3       data     extern E:\3.45\pic18-lt\cxx-framework\src\traditional\proc\p18f4550.asm
                  PREINC1   0x000fe4       data     extern E:\3.45\pic18-lt\cxx-framework\src\traditional\proc\p18f4550.asm
                 POSTDEC1   0x000fe5       data     extern E:\3.45\pic18-lt\cxx-framework\src\traditional\proc\p18f4550.asm
                 POSTINC1   0x000fe6       data     extern E:\3.45\pic18-lt\cxx-framework\src\traditional\proc\p18f4550.asm
                    INDF1   0x000fe7       data     extern E:\3.45\pic18-lt\cxx-framework\src\traditional\proc\p18f4550.asm
                     WREG   0x000fe8       data     extern E:\3.45\pic18-lt\cxx-framework\src\traditional\proc\p18f4550.asm
                    FSR0L   0x000fe9       data     extern E:\3.45\pic18-lt\cxx-framework\src\traditional\proc\p18f4550.asm
                     FSR0   0x000fe9       data     extern E:\3.45\pic18-lt\cxx-framework\src\traditional\proc\p18f4550.asm
                    FSR0H   0x000fea       data     extern E:\3.45\pic18-lt\cxx-framework\src\traditional\proc\p18f4550.asm
                   PLUSW0   0x000feb       data     extern E:\3.45\pic18-lt\cxx-framework\src\traditional\proc\p18f4550.asm
                  PREINC0   0x000fec       data     extern E:\3.45\pic18-lt\cxx-framework\src\traditional\proc\p18f4550.asm
                 POSTDEC0   0x000fed       data     extern E:\3.45\pic18-lt\cxx-framework\src\traditional\proc\p18f4550.asm
                 POSTINC0   0x000fee       data     extern E:\3.45\pic18-lt\cxx-framework\src\traditional\proc\p18f4550.asm
                    INDF0   0x000fef       data     extern E:\3.45\pic18-lt\cxx-framework\src\traditional\proc\p18f4550.asm
                  INTCON3   0x000ff0       data     extern E:\3.45\pic18-lt\cxx-framework\src\traditional\proc\p18f4550.asm
              INTCON3bits   0x000ff0       data     extern E:\3.45\pic18-lt\cxx-framework\src\traditional\proc\p18f4550.asm
                  INTCON2   0x000ff1       data     extern E:\3.45\pic18-lt\cxx-framework\src\traditional\proc\p18f4550.asm
              INTCON2bits   0x000ff1       data     extern E:\3.45\pic18-lt\cxx-framework\src\traditional\proc\p18f4550.asm
                   INTCON   0x000ff2       data     extern E:\3.45\pic18-lt\cxx-framework\src\traditional\proc\p18f4550.asm
               INTCONbits   0x000ff2       data     extern E:\3.45\pic18-lt\cxx-framework\src\traditional\proc\p18f4550.asm
                    PRODL   0x000ff3       data     extern E:\3.45\pic18-lt\cxx-framework\src\traditional\proc\p18f4550.asm
                     PROD   0x000ff3       data     extern E:\3.45\pic18-lt\cxx-framework\src\traditional\proc\p18f4550.asm
                    PRODH   0x000ff4       data     extern E:\3.45\pic18-lt\cxx-framework\src\traditional\proc\p18f4550.asm
                   TABLAT   0x000ff5       data     extern E:\3.45\pic18-lt\cxx-framework\src\traditional\proc\p18f4550.asm
                   TBLPTR   0x000ff6       data     extern E:\3.45\pic18-lt\cxx-framework\src\traditional\proc\p18f4550.asm
                  TBLPTRL   0x000ff6       data     extern E:\3.45\pic18-lt\cxx-framework\src\traditional\proc\p18f4550.asm
                  TBLPTRH   0x000ff7       data     extern E:\3.45\pic18-lt\cxx-framework\src\traditional\proc\p18f4550.asm
                  TBLPTRU   0x000ff8       data     extern E:\3.45\pic18-lt\cxx-framework\src\traditional\proc\p18f4550.asm
                      PCL   0x000ff9       data     extern E:\3.45\pic18-lt\cxx-framework\src\traditional\proc\p18f4550.asm
                       PC   0x000ff9       data     extern E:\3.45\pic18-lt\cxx-framework\src\traditional\proc\p18f4550.asm
                   PCLATH   0x000ffa       data     extern E:\3.45\pic18-lt\cxx-framework\src\traditional\proc\p18f4550.asm
                   PCLATU   0x000ffb       data     extern E:\3.45\pic18-lt\cxx-framework\src\traditional\proc\p18f4550.asm
                   STKPTR   0x000ffc       data     extern E:\3.45\pic18-lt\cxx-framework\src\traditional\proc\p18f4550.asm
               STKPTRbits   0x000ffc       data     extern E:\3.45\pic18-lt\cxx-framework\src\traditional\proc\p18f4550.asm
                     TOSL   0x000ffd       data     extern E:\3.45\pic18-lt\cxx-framework\src\traditional\proc\p18f4550.asm
                      TOS   0x000ffd       data     extern E:\3.45\pic18-lt\cxx-framework\src\traditional\proc\p18f4550.asm
                     TOSH   0x000ffe       data     extern E:\3.45\pic18-lt\cxx-framework\src\traditional\proc\p18f4550.asm
                     TOSU   0x000fff       data     extern E:\3.45\pic18-lt\cxx-framework\src\traditional\proc\p18f4550.asm


