MPLINK 4.46, Linker
Linker Map File - Created Sun Oct 26 11:53:35 2014

                                 Section Info
                  Section       Type    Address   Location Size(Bytes)
                ---------  ---------  ---------  ---------  ---------
               _entry_scn       code   0x000000    program   0x000006
                   .cinit    romdata   0x000006    program   0x00000e
           .code_MODULO.o       code   0x000014    program   0x001db2
                     PROG       code   0x001dc6    program   0x000598
               _cinit_scn       code   0x00235e    program   0x00009e
             D10KTCYXCODE       code   0x0023fc    program   0x00002e
         .code_fxd1616u.o       code   0x00242a    program   0x00002c
              D1KTCYXCODE       code   0x002456    program   0x000020
                    .code       code   0x002476    program   0x000020
             _startup_scn       code   0x002496    program   0x00001c
             D100TCYXCODE       code   0x0024b2    program   0x00001c
              D10TCYXCODE       code   0x0024ce    program   0x000016
             .stringtable    romdata   0x0024e4    program   0x00000c
           .code___init.o       code   0x0024f0    program   0x000002
        .idata___init.o_i    romdata   0x0024f2    program   0x000000
      .romdata_fxd1616u.o    romdata   0x0024f2    program   0x000000
      .idata_fxd1616u.o_i    romdata   0x0024f2    program   0x000000
        .romdata___init.o    romdata   0x0024f2    program   0x000000
        .romdata_MODULO.o    romdata   0x0024f2    program   0x000000
        .idata_MODULO.o_i    romdata   0x0024f2    program   0x00003a
         .romdata_c018i.o    romdata   0x0024f2    program   0x000000
         .idata_c018i.o_i    romdata   0x0024f2    program   0x000000
            .code_c018i.o       code   0x00252c    program   0x000000
  .config_300000_MODULO.o    romdata   0x300000    program   0x000001
  .config_300001_MODULO.o    romdata   0x300001    program   0x000001
  .config_300002_MODULO.o    romdata   0x300002    program   0x000001
  .config_300003_MODULO.o    romdata   0x300003    program   0x000001
  .config_300005_MODULO.o    romdata   0x300005    program   0x000001
  .config_300006_MODULO.o    romdata   0x300006    program   0x000001
                MATH_DATA      udata   0x000000       data   0x000014
                 .tmpdata      udata   0x000014       data   0x00000c
                DELAYDAT2      udata   0x000020       data   0x000001
                DELAYDAT1      udata   0x000021       data   0x000001
          .idata_MODULO.o      idata   0x000060       data   0x00003a
          .udata_MODULO.o      udata   0x00009a       data   0x000012
           .udata_c018i.o      udata   0x0000ac       data   0x00000a
           .idata_c018i.o      idata   0x0000b6       data   0x000000
        .udata_fxd1616u.o      udata   0x0000b6       data   0x000000
        .idata_fxd1616u.o      idata   0x0000b6       data   0x000000
          .udata___init.o      udata   0x0000b6       data   0x000000
          .idata___init.o      idata   0x0000b6       data   0x000000
                   .stack      udata   0x000300       data   0x000100
            SFR_UNBANKED0      udata   0x000f66       data   0x00009a



                              Program Memory Usage 
                               Start         End      
                           ---------   ---------      
                            0x000000    0x00252b      
                            0x300000    0x300003      
                            0x300005    0x300006      
            9522 out of 33048 program addresses used, program memory utilization is 28%



                              Symbols - Sorted by Name
                     Name    Address   Location    Storage File                     
                ---------  ---------  ---------  --------- ---------                
                   D100_1   0x0024c0    program     static E:\3.45\pic18-lt\cxx-framework\src\traditional\delays\d100tcyx.asm
                    D100x   0x0024be    program     static E:\3.45\pic18-lt\cxx-framework\src\traditional\delays\d100tcyx.asm
                   D10K_1   0x002408    program     static E:\3.45\pic18-lt\cxx-framework\src\traditional\delays\d10ktcyx.asm
                    D10Kl   0x002414    program     static E:\3.45\pic18-lt\cxx-framework\src\traditional\delays\d10ktcyx.asm
                    D10Kx   0x002406    program     static E:\3.45\pic18-lt\cxx-framework\src\traditional\delays\d10ktcyx.asm
                    D10_1   0x0024de    program     static E:\3.45\pic18-lt\cxx-framework\src\traditional\delays\d10tcyx.asm
                     D10x   0x0024d6    program     static E:\3.45\pic18-lt\cxx-framework\src\traditional\delays\d10tcyx.asm
                   D1616S   0x0020c0    program     static E:\3.45\pic18-lt\cxx-framework\src\traditional\math\fxd1616s.asm
                D1616SNEG   0x0020ce    program     static E:\3.45\pic18-lt\cxx-framework\src\traditional\math\fxd1616s.asm
                 D1616SOK   0x0020ca    program     static E:\3.45\pic18-lt\cxx-framework\src\traditional\math\fxd1616s.asm
                  D1616SX   0x0020e0    program     static E:\3.45\pic18-lt\cxx-framework\src\traditional\math\fxd1616s.asm
                    D1K_1   0x002462    program     static E:\3.45\pic18-lt\cxx-framework\src\traditional\delays\d1ktcyx.asm
                     D1Kx   0x002460    program     static E:\3.45\pic18-lt\cxx-framework\src\traditional\delays\d1ktcyx.asm
                  DA1616S   0x0020b0    program     static E:\3.45\pic18-lt\cxx-framework\src\traditional\math\fxd1616s.asm
                    Delay   0x000b52    program     extern E:\DATA\SENAI\projetus\FIRMWARE\MODULO.c
             Delay100TCYx   0x0024b2    program     extern E:\3.45\pic18-lt\cxx-framework\src\traditional\delays\d100tcyx.asm
             Delay10KTCYx   0x0023fc    program     extern E:\3.45\pic18-lt\cxx-framework\src\traditional\delays\d10ktcyx.asm
              Delay10TCYx   0x0024ce    program     extern E:\3.45\pic18-lt\cxx-framework\src\traditional\delays\d10tcyx.asm
              Delay1KTCYx   0x002456    program     extern E:\3.45\pic18-lt\cxx-framework\src\traditional\delays\d1ktcyx.asm
                 Delay_ms   0x0006d2    program     extern E:\DATA\SENAI\projetus\FIRMWARE\MODULO.c
                 FLO1632S   0x001dca    program     extern E:\3.45\pic18-lt\cxx-framework\src\traditional\math\cast16FP.asm
                 FLO1632U   0x001dc6    program     extern E:\3.45\pic18-lt\cxx-framework\src\traditional\math\cast16FP.asm
                    FPA32   0x001f72    program     extern E:\3.45\pic18-lt\cxx-framework\src\traditional\math\addFP.asm
                    FPD32   0x001df0    program     extern E:\3.45\pic18-lt\cxx-framework\src\traditional\math\divFP.asm
                    FPM32   0x001e96    program     extern E:\3.45\pic18-lt\cxx-framework\src\traditional\math\mulFP.asm
                    FPS32   0x001f70    program     extern E:\3.45\pic18-lt\cxx-framework\src\traditional\math\addFP.asm
                 FXD1616S   0x00209e    program     extern E:\3.45\pic18-lt\cxx-framework\src\traditional\math\fxd1616s.asm
                 FXD1616U   0x00242a    program     extern E:\3.45\pic18-lt\cxx-framework\src\traditional\math\fxd1616u.c
                 FXM1616U   0x0020ea    program     extern E:\3.45\pic18-lt\cxx-framework\src\traditional\math\fxm1616u.asm
                  INT3216   0x002126    program     extern E:\3.45\pic18-lt\cxx-framework\src\traditional\math\castFP16.asm
                    LerRF   0x001a38    program     extern E:\DATA\SENAI\projetus\FIRMWARE\MODULO.c
                      PWM   0x000f82    program     extern E:\DATA\SENAI\projetus\FIRMWARE\MODULO.c
                  TAGTB32   0x002184    program     extern E:\3.45\pic18-lt\cxx-framework\src\traditional\math\gtFP.asm
                  TALTB32   0x002196    program     extern E:\3.45\pic18-lt\cxx-framework\src\traditional\math\ltFP.asm
       _D100TCYXCODE_0008   0x0024ba    program     static E:\3.45\pic18-lt\cxx-framework\src\traditional\delays\d100tcyx.asm
       _D100TCYXCODE_0012   0x0024c4    program     static E:\3.45\pic18-lt\cxx-framework\src\traditional\delays\d100tcyx.asm
       _D100TCYXCODE_0018   0x0024ca    program     static E:\3.45\pic18-lt\cxx-framework\src\traditional\delays\d100tcyx.asm
       _D10KTCYXCODE_0010   0x00240c    program     static E:\3.45\pic18-lt\cxx-framework\src\traditional\delays\d10ktcyx.asm
       _D10KTCYXCODE_001C   0x002418    program     static E:\3.45\pic18-lt\cxx-framework\src\traditional\delays\d10ktcyx.asm
        _D10TCYXCODE_000A   0x0024d8    program     static E:\3.45\pic18-lt\cxx-framework\src\traditional\delays\d10tcyx.asm
        _D10TCYXCODE_000C   0x0024da    program     static E:\3.45\pic18-lt\cxx-framework\src\traditional\delays\d10tcyx.asm
        _D10TCYXCODE_000E   0x0024dc    program     static E:\3.45\pic18-lt\cxx-framework\src\traditional\delays\d10tcyx.asm
        _D1KTCYXCODE_0010   0x002466    program     static E:\3.45\pic18-lt\cxx-framework\src\traditional\delays\d1ktcyx.asm
        _D1KTCYXCODE_0016   0x00246c    program     static E:\3.45\pic18-lt\cxx-framework\src\traditional\delays\d1ktcyx.asm
              __FpCompare   0x0021a8    program     extern E:\3.45\pic18-lt\cxx-framework\src\traditional\math\compFP.asm
                 __FpExit   0x00225e    program     extern E:\3.45\pic18-lt\cxx-framework\src\traditional\math\packFP.asm
                 __FpPack   0x00228a    program     extern E:\3.45\pic18-lt\cxx-framework\src\traditional\math\packFP.asm
            __FpReturnNaN   0x002252    program     extern E:\3.45\pic18-lt\cxx-framework\src\traditional\math\packFP.asm
         __FpReturnNegInf   0x002264    program     extern E:\3.45\pic18-lt\cxx-framework\src\traditional\math\packFP.asm
        __FpReturnNegZero   0x00227c    program     extern E:\3.45\pic18-lt\cxx-framework\src\traditional\math\packFP.asm
         __FpReturnPosInf   0x00226a    program     extern E:\3.45\pic18-lt\cxx-framework\src\traditional\math\packFP.asm
        __FpReturnPosZero   0x002284    program     extern E:\3.45\pic18-lt\cxx-framework\src\traditional\math\packFP.asm
        __FpReturnSignInf   0x002260    program     extern E:\3.45\pic18-lt\cxx-framework\src\traditional\math\packFP.asm
       __FpReturnSignZero   0x002278    program     extern E:\3.45\pic18-lt\cxx-framework\src\traditional\math\packFP.asm
              __FpReturnW   0x0022e2    program     extern E:\3.45\pic18-lt\cxx-framework\src\traditional\math\packFP.asm
              __FpUnPackA   0x002302    program     extern E:\3.45\pic18-lt\cxx-framework\src\traditional\math\UnpackFP.asm
              __FpUnPackB   0x002332    program     extern E:\3.45\pic18-lt\cxx-framework\src\traditional\math\UnpackFP.asm
           ___do_lbl00001   0x000030    program     static                          
           ___do_lbl00002   0x000048    program     static                          
           ___do_lbl00003   0x00001c    program     static                          
       ___return_lbl00000   0x002454    program     static                          
       ___return_lbl00000   0x000004    program     static                          
       ___return_lbl00000   0x000048    program     static                          
       ___return_lbl00001   0x0024b0    program     static                          
       ___return_lbl00002   0x0023fa    program     static                          
               __config_0   0x300000    program     static E:\DATA\SENAI\projetus\FIRMWARE\MODULO.c
               __config_1   0x300001    program     static E:\DATA\SENAI\projetus\FIRMWARE\MODULO.c
               __config_2   0x300002    program     static E:\DATA\SENAI\projetus\FIRMWARE\MODULO.c
               __config_3   0x300003    program     static E:\DATA\SENAI\projetus\FIRMWARE\MODULO.c
               __config_4   0x300005    program     static E:\DATA\SENAI\projetus\FIRMWARE\MODULO.c
               __config_5   0x300006    program     static E:\DATA\SENAI\projetus\FIRMWARE\MODULO.c
                   __init   0x0024f0    program     extern E:\3.45\pic18-lt\cxx-framework\src\traditional\stdclib\__init.c
               __string_0   0x0024e4    program     static E:\DATA\SENAI\projetus\FIRMWARE\MODULO.c
            __zero_memory   0x002476    program     extern E:\3.45\pic18-lt\cxx-framework\src\traditional\proc\p18f2550.asm
                _do_cinit   0x00235e    program     extern E:\3.45\pic18-lt\cxx-framework\src\traditional\startup\c018i.c
                   _entry   0x000000    program     extern E:\3.45\pic18-lt\cxx-framework\src\traditional\startup\c018i.c
                 _startup   0x002496    program     extern E:\3.45\pic18-lt\cxx-framework\src\traditional\startup\c018i.c
             check_alarme   0x0019a4    program     extern E:\DATA\SENAI\projetus\FIRMWARE\MODULO.c
             check_button   0x001212    program     extern E:\DATA\SENAI\projetus\FIRMWARE\MODULO.c
                compare_l   0x00248c    program     static E:\3.45\pic18-lt\cxx-framework\src\traditional\proc\p18f2550.asm
                config_io   0x0010b0    program     extern E:\DATA\SENAI\projetus\FIRMWARE\MODULO.c
                copy_loop   0x0023d0    program     static                          
            copy_one_byte   0x0023d6    program     static                          
                     done   0x0023fa    program     static                          
             done_copying   0x0023e4    program     static                          
                  endloop   0x002450    program     static                          
           gera_atraso_us   0x000014    program     extern E:\DATA\SENAI\projetus\FIRMWARE\2550_lcd16.h
       imprime_buffer_lcd   0x0004f6    program     extern E:\DATA\SENAI\projetus\FIRMWARE\2550_lcd16.h
                 jANotInf   0x001e0e    program     static E:\3.45\pic18-lt\cxx-framework\src\traditional\math\divFP.asm
                 jANotInf   0x001eb4    program     static E:\3.45\pic18-lt\cxx-framework\src\traditional\math\mulFP.asm
                 jANotInf   0x001f9a    program     static E:\3.45\pic18-lt\cxx-framework\src\traditional\math\addFP.asm
                 jANotNeg   0x00202e    program     static E:\3.45\pic18-lt\cxx-framework\src\traditional\math\addFP.asm
                jANotZero   0x001e22    program     static E:\3.45\pic18-lt\cxx-framework\src\traditional\math\divFP.asm
              jAandWsetup   0x001ffe    program     static E:\3.45\pic18-lt\cxx-framework\src\traditional\math\addFP.asm
                  jAisNeg   0x002224    program     static E:\3.45\pic18-lt\cxx-framework\src\traditional\math\compFP.asm
                 jAltBexp   0x001fec    program     static E:\3.45\pic18-lt\cxx-framework\src\traditional\math\addFP.asm
                jBANotInf   0x001f90    program     static E:\3.45\pic18-lt\cxx-framework\src\traditional\math\addFP.asm
                 jBNotInf   0x001fa8    program     static E:\3.45\pic18-lt\cxx-framework\src\traditional\math\addFP.asm
              jBothFinite   0x001ec2    program     static E:\3.45\pic18-lt\cxx-framework\src\traditional\math\mulFP.asm
             jBothNotZero   0x0021c6    program     static E:\3.45\pic18-lt\cxx-framework\src\traditional\math\compFP.asm
             jBothNotZero   0x001ece    program     static E:\3.45\pic18-lt\cxx-framework\src\traditional\math\mulFP.asm
            jDifOrPosSign   0x001fbc    program     static E:\3.45\pic18-lt\cxx-framework\src\traditional\math\addFP.asm
                      jEQ   0x0021e2    program     static E:\3.45\pic18-lt\cxx-framework\src\traditional\math\compFP.asm
                    jExch   0x0021ee    program     static E:\3.45\pic18-lt\cxx-framework\src\traditional\math\compFP.asm
                    jExit   0x002182    program     static E:\3.45\pic18-lt\cxx-framework\src\traditional\math\castFP16.asm
                   jExpEQ   0x002234    program     static E:\3.45\pic18-lt\cxx-framework\src\traditional\math\compFP.asm
                   jFinal   0x002218    program     static E:\3.45\pic18-lt\cxx-framework\src\traditional\math\compFP.asm
               jFinalSign   0x002096    program     static E:\3.45\pic18-lt\cxx-framework\src\traditional\math\addFP.asm
                jHaveZero   0x001eca    program     static E:\3.45\pic18-lt\cxx-framework\src\traditional\math\mulFP.asm
                jI2F16Beg   0x001dda    program     static E:\3.45\pic18-lt\cxx-framework\src\traditional\math\cast16FP.asm
                    jLoop   0x001e4a    program     static E:\3.45\pic18-lt\cxx-framework\src\traditional\math\divFP.asm
                    jLoop   0x002162    program     static E:\3.45\pic18-lt\cxx-framework\src\traditional\math\castFP16.asm
                jLoopExit   0x002172    program     static E:\3.45\pic18-lt\cxx-framework\src\traditional\math\castFP16.asm
                     jMax   0x002136    program     static E:\3.45\pic18-lt\cxx-framework\src\traditional\math\castFP16.asm
                  jMaxNeg   0x002144    program     static E:\3.45\pic18-lt\cxx-framework\src\traditional\math\castFP16.asm
                  jMaxPos   0x00213a    program     static E:\3.45\pic18-lt\cxx-framework\src\traditional\math\castFP16.asm
                      jNE   0x0021e6    program     static E:\3.45\pic18-lt\cxx-framework\src\traditional\math\compFP.asm
                    jNext   0x001e70    program     static E:\3.45\pic18-lt\cxx-framework\src\traditional\math\divFP.asm
                jNoAdjust   0x001e6e    program     static E:\3.45\pic18-lt\cxx-framework\src\traditional\math\divFP.asm
                  jNoExch   0x00220e    program     static E:\3.45\pic18-lt\cxx-framework\src\traditional\math\compFP.asm
             jNotBothZero   0x001fc0    program     static E:\3.45\pic18-lt\cxx-framework\src\traditional\math\addFP.asm
                  jNotInf   0x002152    program     static E:\3.45\pic18-lt\cxx-framework\src\traditional\math\castFP16.asm
                  jPkLoop   0x002298    program     static E:\3.45\pic18-lt\cxx-framework\src\traditional\math\packFP.asm
             jPkRoundDone   0x0022e2    program     static E:\3.45\pic18-lt\cxx-framework\src\traditional\math\packFP.asm
               jPkRoundIt   0x0022ca    program     static E:\3.45\pic18-lt\cxx-framework\src\traditional\math\packFP.asm
             jPkShiftDone   0x0022b4    program     static E:\3.45\pic18-lt\cxx-framework\src\traditional\math\packFP.asm
           jReturnPosInf0   0x00226e    program     static E:\3.45\pic18-lt\cxx-framework\src\traditional\math\packFP.asm
                  jRotate   0x002240    program     static E:\3.45\pic18-lt\cxx-framework\src\traditional\math\compFP.asm
                   jShift   0x00222a    program     static E:\3.45\pic18-lt\cxx-framework\src\traditional\math\compFP.asm
               jShiftDone   0x002056    program     static E:\3.45\pic18-lt\cxx-framework\src\traditional\math\addFP.asm
               jShiftLoop   0x002048    program     static E:\3.45\pic18-lt\cxx-framework\src\traditional\math\addFP.asm
                jSignDone   0x002086    program     static E:\3.45\pic18-lt\cxx-framework\src\traditional\math\addFP.asm
              jSignedZero   0x001e18    program     static E:\3.45\pic18-lt\cxx-framework\src\traditional\math\divFP.asm
                 jSignsEQ   0x0021ca    program     static E:\3.45\pic18-lt\cxx-framework\src\traditional\math\compFP.asm
                  jUnpkA1   0x00230c    program     static E:\3.45\pic18-lt\cxx-framework\src\traditional\math\UnpackFP.asm
                  jUnpkA2   0x002324    program     static E:\3.45\pic18-lt\cxx-framework\src\traditional\math\UnpackFP.asm
                 jUnpkANZ   0x00231a    program     static E:\3.45\pic18-lt\cxx-framework\src\traditional\math\UnpackFP.asm
                  jUnpkB1   0x00233c    program     static E:\3.45\pic18-lt\cxx-framework\src\traditional\math\UnpackFP.asm
                  jUnpkB2   0x002354    program     static E:\3.45\pic18-lt\cxx-framework\src\traditional\math\UnpackFP.asm
                 jUnpkBNZ   0x00234a    program     static E:\3.45\pic18-lt\cxx-framework\src\traditional\math\UnpackFP.asm
                 jUnpkNaN   0x00232e    program     static E:\3.45\pic18-lt\cxx-framework\src\traditional\math\UnpackFP.asm
                 jWNotNeg   0x002042    program     static E:\3.45\pic18-lt\cxx-framework\src\traditional\math\addFP.asm
                    jZero   0x00214c    program     static E:\3.45\pic18-lt\cxx-framework\src\traditional\math\castFP16.asm
               jZero1and2   0x002272    program     static E:\3.45\pic18-lt\cxx-framework\src\traditional\math\packFP.asm
            lcd_LD_cursor   0x000314    program     extern E:\DATA\SENAI\projetus\FIRMWARE\2550_lcd16.h
                  lcd_cls   0x000218    program     extern E:\DATA\SENAI\projetus\FIRMWARE\2550_lcd16.h
          lcd_cursor_home   0x000238    program     extern E:\DATA\SENAI\projetus\FIRMWARE\2550_lcd16.h
       lcd_desloca_cursor   0x000258    program     extern E:\DATA\SENAI\projetus\FIRMWARE\2550_lcd16.h
     lcd_desloca_mensagem   0x0002b6    program     extern E:\DATA\SENAI\projetus\FIRMWARE\2550_lcd16.h
       lcd_envia_controle   0x000050    program     extern E:\DATA\SENAI\projetus\FIRMWARE\2550_lcd16.h
               lcd_inicia   0x000534    program     extern E:\DATA\SENAI\projetus\FIRMWARE\2550_lcd16.h
              lcd_le_dado   0x000476    program     extern E:\DATA\SENAI\projetus\FIRMWARE\2550_lcd16.h
              lcd_posicao   0x000390    program     extern E:\DATA\SENAI\projetus\FIRMWARE\2550_lcd16.h
                lcd_print   0x0004b2    program     extern E:\DATA\SENAI\projetus\FIRMWARE\2550_lcd16.h
            lcd_printchar   0x000446    program     extern E:\DATA\SENAI\projetus\FIRMWARE\2550_lcd16.h
               lcd_status   0x000494    program     extern E:\DATA\SENAI\projetus\FIRMWARE\2550_lcd16.h
                     loop   0x0024a6    program     static                          
                     loop   0x002434    program     static                          
                   loop_h   0x002484    program     static E:\3.45\pic18-lt\cxx-framework\src\traditional\proc\p18f2550.asm
                   loop_l   0x00248e    program     static E:\3.45\pic18-lt\cxx-framework\src\traditional\proc\p18f2550.asm
                     main   0x001dae    program     extern E:\DATA\SENAI\projetus\FIRMWARE\MODULO.c
                    print   0x0014b8    program     extern E:\DATA\SENAI\projetus\FIRMWARE\MODULO.c
                  set_led   0x0019d8    program     extern E:\DATA\SENAI\projetus\FIRMWARE\MODULO.c
                    start   0x0019f2    program     extern E:\DATA\SENAI\projetus\FIRMWARE\MODULO.c
                     test   0x002378    program     static                          
                traduzirP   0x0010de    program     extern E:\DATA\SENAI\projetus\FIRMWARE\MODULO.c
                traduzirS   0x00117e    program     extern E:\DATA\SENAI\projetus\FIRMWARE\MODULO.c
               zero_block   0x002484    program     static E:\3.45\pic18-lt\cxx-framework\src\traditional\proc\p18f2550.asm
                   ADCON0   0x000fc2       data     extern E:\3.45\pic18-lt\cxx-framework\src\traditional\proc\p18f2550.asm
               ADCON0bits   0x000fc2       data     extern E:\3.45\pic18-lt\cxx-framework\src\traditional\proc\p18f2550.asm
                   ADCON1   0x000fc1       data     extern E:\3.45\pic18-lt\cxx-framework\src\traditional\proc\p18f2550.asm
               ADCON1bits   0x000fc1       data     extern E:\3.45\pic18-lt\cxx-framework\src\traditional\proc\p18f2550.asm
                   ADCON2   0x000fc0       data     extern E:\3.45\pic18-lt\cxx-framework\src\traditional\proc\p18f2550.asm
               ADCON2bits   0x000fc0       data     extern E:\3.45\pic18-lt\cxx-framework\src\traditional\proc\p18f2550.asm
                    ADRES   0x000fc3       data     extern E:\3.45\pic18-lt\cxx-framework\src\traditional\proc\p18f2550.asm
                   ADRESH   0x000fc4       data     extern E:\3.45\pic18-lt\cxx-framework\src\traditional\proc\p18f2550.asm
                   ADRESL   0x000fc3       data     extern E:\3.45\pic18-lt\cxx-framework\src\traditional\proc\p18f2550.asm
                  BAUDCON   0x000fb8       data     extern E:\3.45\pic18-lt\cxx-framework\src\traditional\proc\p18f2550.asm
              BAUDCONbits   0x000fb8       data     extern E:\3.45\pic18-lt\cxx-framework\src\traditional\proc\p18f2550.asm
                  BAUDCTL   0x000fb8       data     extern E:\3.45\pic18-lt\cxx-framework\src\traditional\proc\p18f2550.asm
              BAUDCTLbits   0x000fb8       data     extern E:\3.45\pic18-lt\cxx-framework\src\traditional\proc\p18f2550.asm
                      BSR   0x000fe0       data     extern E:\3.45\pic18-lt\cxx-framework\src\traditional\proc\p18f2550.asm
                   CCP1AS   0x000fb6       data     extern E:\3.45\pic18-lt\cxx-framework\src\traditional\proc\p18f2550.asm
               CCP1ASbits   0x000fb6       data     extern E:\3.45\pic18-lt\cxx-framework\src\traditional\proc\p18f2550.asm
                  CCP1CON   0x000fbd       data     extern E:\3.45\pic18-lt\cxx-framework\src\traditional\proc\p18f2550.asm
              CCP1CONbits   0x000fbd       data     extern E:\3.45\pic18-lt\cxx-framework\src\traditional\proc\p18f2550.asm
                  CCP1DEL   0x000fb7       data     extern E:\3.45\pic18-lt\cxx-framework\src\traditional\proc\p18f2550.asm
              CCP1DELbits   0x000fb7       data     extern E:\3.45\pic18-lt\cxx-framework\src\traditional\proc\p18f2550.asm
                  CCP2CON   0x000fba       data     extern E:\3.45\pic18-lt\cxx-framework\src\traditional\proc\p18f2550.asm
              CCP2CONbits   0x000fba       data     extern E:\3.45\pic18-lt\cxx-framework\src\traditional\proc\p18f2550.asm
                    CCPR1   0x000fbe       data     extern E:\3.45\pic18-lt\cxx-framework\src\traditional\proc\p18f2550.asm
                   CCPR1H   0x000fbf       data     extern E:\3.45\pic18-lt\cxx-framework\src\traditional\proc\p18f2550.asm
                   CCPR1L   0x000fbe       data     extern E:\3.45\pic18-lt\cxx-framework\src\traditional\proc\p18f2550.asm
                    CCPR2   0x000fbb       data     extern E:\3.45\pic18-lt\cxx-framework\src\traditional\proc\p18f2550.asm
                   CCPR2H   0x000fbc       data     extern E:\3.45\pic18-lt\cxx-framework\src\traditional\proc\p18f2550.asm
                   CCPR2L   0x000fbb       data     extern E:\3.45\pic18-lt\cxx-framework\src\traditional\proc\p18f2550.asm
                    CMCON   0x000fb4       data     extern E:\3.45\pic18-lt\cxx-framework\src\traditional\proc\p18f2550.asm
                CMCONbits   0x000fb4       data     extern E:\3.45\pic18-lt\cxx-framework\src\traditional\proc\p18f2550.asm
                  CRYSTAL   0x00007c       data     extern E:\DATA\SENAI\projetus\FIRMWARE\MODULO.c
                   CVRCON   0x000fb5       data     extern E:\3.45\pic18-lt\cxx-framework\src\traditional\proc\p18f2550.asm
               CVRCONbits   0x000fb5       data     extern E:\3.45\pic18-lt\cxx-framework\src\traditional\proc\p18f2550.asm
                     DDRA   0x000f92       data     extern E:\3.45\pic18-lt\cxx-framework\src\traditional\proc\p18f2550.asm
                 DDRAbits   0x000f92       data     extern E:\3.45\pic18-lt\cxx-framework\src\traditional\proc\p18f2550.asm
                     DDRB   0x000f93       data     extern E:\3.45\pic18-lt\cxx-framework\src\traditional\proc\p18f2550.asm
                 DDRBbits   0x000f93       data     extern E:\3.45\pic18-lt\cxx-framework\src\traditional\proc\p18f2550.asm
                     DDRC   0x000f94       data     extern E:\3.45\pic18-lt\cxx-framework\src\traditional\proc\p18f2550.asm
                 DDRCbits   0x000f94       data     extern E:\3.45\pic18-lt\cxx-framework\src\traditional\proc\p18f2550.asm
            DelayCounter1   0x000021       data     extern E:\3.45\pic18-lt\cxx-framework\src\traditional\delays\delayd1.asm
            DelayCounter2   0x000020       data     extern E:\3.45\pic18-lt\cxx-framework\src\traditional\delays\delayd2.asm
                  ECCP1AS   0x000fb6       data     extern E:\3.45\pic18-lt\cxx-framework\src\traditional\proc\p18f2550.asm
              ECCP1ASbits   0x000fb6       data     extern E:\3.45\pic18-lt\cxx-framework\src\traditional\proc\p18f2550.asm
                 ECCP1DEL   0x000fb7       data     extern E:\3.45\pic18-lt\cxx-framework\src\traditional\proc\p18f2550.asm
             ECCP1DELbits   0x000fb7       data     extern E:\3.45\pic18-lt\cxx-framework\src\traditional\proc\p18f2550.asm
                    EEADR   0x000fa9       data     extern E:\3.45\pic18-lt\cxx-framework\src\traditional\proc\p18f2550.asm
                   EECON1   0x000fa6       data     extern E:\3.45\pic18-lt\cxx-framework\src\traditional\proc\p18f2550.asm
               EECON1bits   0x000fa6       data     extern E:\3.45\pic18-lt\cxx-framework\src\traditional\proc\p18f2550.asm
                   EECON2   0x000fa7       data     extern E:\3.45\pic18-lt\cxx-framework\src\traditional\proc\p18f2550.asm
                   EEDATA   0x000fa8       data     extern E:\3.45\pic18-lt\cxx-framework\src\traditional\proc\p18f2550.asm
                FREQUENCY   0x000084       data     extern E:\DATA\SENAI\projetus\FIRMWARE\MODULO.c
                     FSR0   0x000fe9       data     extern E:\3.45\pic18-lt\cxx-framework\src\traditional\proc\p18f2550.asm
                    FSR0H   0x000fea       data     extern E:\3.45\pic18-lt\cxx-framework\src\traditional\proc\p18f2550.asm
                    FSR0L   0x000fe9       data     extern E:\3.45\pic18-lt\cxx-framework\src\traditional\proc\p18f2550.asm
                     FSR1   0x000fe1       data     extern E:\3.45\pic18-lt\cxx-framework\src\traditional\proc\p18f2550.asm
                    FSR1H   0x000fe2       data     extern E:\3.45\pic18-lt\cxx-framework\src\traditional\proc\p18f2550.asm
                    FSR1L   0x000fe1       data     extern E:\3.45\pic18-lt\cxx-framework\src\traditional\proc\p18f2550.asm
                     FSR2   0x000fd9       data     extern E:\3.45\pic18-lt\cxx-framework\src\traditional\proc\p18f2550.asm
                    FSR2H   0x000fda       data     extern E:\3.45\pic18-lt\cxx-framework\src\traditional\proc\p18f2550.asm
                    FSR2L   0x000fd9       data     extern E:\3.45\pic18-lt\cxx-framework\src\traditional\proc\p18f2550.asm
                  HLVDCON   0x000fd2       data     extern E:\3.45\pic18-lt\cxx-framework\src\traditional\proc\p18f2550.asm
              HLVDCONbits   0x000fd2       data     extern E:\3.45\pic18-lt\cxx-framework\src\traditional\proc\p18f2550.asm
                    INDF0   0x000fef       data     extern E:\3.45\pic18-lt\cxx-framework\src\traditional\proc\p18f2550.asm
                    INDF1   0x000fe7       data     extern E:\3.45\pic18-lt\cxx-framework\src\traditional\proc\p18f2550.asm
                    INDF2   0x000fdf       data     extern E:\3.45\pic18-lt\cxx-framework\src\traditional\proc\p18f2550.asm
                   INTCON   0x000ff2       data     extern E:\3.45\pic18-lt\cxx-framework\src\traditional\proc\p18f2550.asm
                  INTCON2   0x000ff1       data     extern E:\3.45\pic18-lt\cxx-framework\src\traditional\proc\p18f2550.asm
              INTCON2bits   0x000ff1       data     extern E:\3.45\pic18-lt\cxx-framework\src\traditional\proc\p18f2550.asm
                  INTCON3   0x000ff0       data     extern E:\3.45\pic18-lt\cxx-framework\src\traditional\proc\p18f2550.asm
              INTCON3bits   0x000ff0       data     extern E:\3.45\pic18-lt\cxx-framework\src\traditional\proc\p18f2550.asm
               INTCONbits   0x000ff2       data     extern E:\3.45\pic18-lt\cxx-framework\src\traditional\proc\p18f2550.asm
                     IPR1   0x000f9f       data     extern E:\3.45\pic18-lt\cxx-framework\src\traditional\proc\p18f2550.asm
                 IPR1bits   0x000f9f       data     extern E:\3.45\pic18-lt\cxx-framework\src\traditional\proc\p18f2550.asm
                     IPR2   0x000fa2       data     extern E:\3.45\pic18-lt\cxx-framework\src\traditional\proc\p18f2550.asm
                 IPR2bits   0x000fa2       data     extern E:\3.45\pic18-lt\cxx-framework\src\traditional\proc\p18f2550.asm
                     LATA   0x000f89       data     extern E:\3.45\pic18-lt\cxx-framework\src\traditional\proc\p18f2550.asm
                 LATAbits   0x000f89       data     extern E:\3.45\pic18-lt\cxx-framework\src\traditional\proc\p18f2550.asm
                     LATB   0x000f8a       data     extern E:\3.45\pic18-lt\cxx-framework\src\traditional\proc\p18f2550.asm
                 LATBbits   0x000f8a       data     extern E:\3.45\pic18-lt\cxx-framework\src\traditional\proc\p18f2550.asm
                     LATC   0x000f8b       data     extern E:\3.45\pic18-lt\cxx-framework\src\traditional\proc\p18f2550.asm
                 LATCbits   0x000f8b       data     extern E:\3.45\pic18-lt\cxx-framework\src\traditional\proc\p18f2550.asm
                   LVDCON   0x000fd2       data     extern E:\3.45\pic18-lt\cxx-framework\src\traditional\proc\p18f2550.asm
               LVDCONbits   0x000fd2       data     extern E:\3.45\pic18-lt\cxx-framework\src\traditional\proc\p18f2550.asm
                   OSCCON   0x000fd3       data     extern E:\3.45\pic18-lt\cxx-framework\src\traditional\proc\p18f2550.asm
               OSCCONbits   0x000fd3       data     extern E:\3.45\pic18-lt\cxx-framework\src\traditional\proc\p18f2550.asm
                  OSCTUNE   0x000f9b       data     extern E:\3.45\pic18-lt\cxx-framework\src\traditional\proc\p18f2550.asm
              OSCTUNEbits   0x000f9b       data     extern E:\3.45\pic18-lt\cxx-framework\src\traditional\proc\p18f2550.asm
                       PC   0x000ff9       data     extern E:\3.45\pic18-lt\cxx-framework\src\traditional\proc\p18f2550.asm
                      PCL   0x000ff9       data     extern E:\3.45\pic18-lt\cxx-framework\src\traditional\proc\p18f2550.asm
                   PCLATH   0x000ffa       data     extern E:\3.45\pic18-lt\cxx-framework\src\traditional\proc\p18f2550.asm
                   PCLATU   0x000ffb       data     extern E:\3.45\pic18-lt\cxx-framework\src\traditional\proc\p18f2550.asm
                     PIE1   0x000f9d       data     extern E:\3.45\pic18-lt\cxx-framework\src\traditional\proc\p18f2550.asm
                 PIE1bits   0x000f9d       data     extern E:\3.45\pic18-lt\cxx-framework\src\traditional\proc\p18f2550.asm
                     PIE2   0x000fa0       data     extern E:\3.45\pic18-lt\cxx-framework\src\traditional\proc\p18f2550.asm
                 PIE2bits   0x000fa0       data     extern E:\3.45\pic18-lt\cxx-framework\src\traditional\proc\p18f2550.asm
                     PIR1   0x000f9e       data     extern E:\3.45\pic18-lt\cxx-framework\src\traditional\proc\p18f2550.asm
                 PIR1bits   0x000f9e       data     extern E:\3.45\pic18-lt\cxx-framework\src\traditional\proc\p18f2550.asm
                     PIR2   0x000fa1       data     extern E:\3.45\pic18-lt\cxx-framework\src\traditional\proc\p18f2550.asm
                 PIR2bits   0x000fa1       data     extern E:\3.45\pic18-lt\cxx-framework\src\traditional\proc\p18f2550.asm
                   PLUSW0   0x000feb       data     extern E:\3.45\pic18-lt\cxx-framework\src\traditional\proc\p18f2550.asm
                   PLUSW1   0x000fe3       data     extern E:\3.45\pic18-lt\cxx-framework\src\traditional\proc\p18f2550.asm
                   PLUSW2   0x000fdb       data     extern E:\3.45\pic18-lt\cxx-framework\src\traditional\proc\p18f2550.asm
                    PORTA   0x000f80       data     extern E:\3.45\pic18-lt\cxx-framework\src\traditional\proc\p18f2550.asm
                PORTAbits   0x000f80       data     extern E:\3.45\pic18-lt\cxx-framework\src\traditional\proc\p18f2550.asm
                    PORTB   0x000f81       data     extern E:\3.45\pic18-lt\cxx-framework\src\traditional\proc\p18f2550.asm
                PORTBbits   0x000f81       data     extern E:\3.45\pic18-lt\cxx-framework\src\traditional\proc\p18f2550.asm
                    PORTC   0x000f82       data     extern E:\3.45\pic18-lt\cxx-framework\src\traditional\proc\p18f2550.asm
                PORTCbits   0x000f82       data     extern E:\3.45\pic18-lt\cxx-framework\src\traditional\proc\p18f2550.asm
                    PORTE   0x000f84       data     extern E:\3.45\pic18-lt\cxx-framework\src\traditional\proc\p18f2550.asm
                PORTEbits   0x000f84       data     extern E:\3.45\pic18-lt\cxx-framework\src\traditional\proc\p18f2550.asm
                 POSTDEC0   0x000fed       data     extern E:\3.45\pic18-lt\cxx-framework\src\traditional\proc\p18f2550.asm
                 POSTDEC1   0x000fe5       data     extern E:\3.45\pic18-lt\cxx-framework\src\traditional\proc\p18f2550.asm
                 POSTDEC2   0x000fdd       data     extern E:\3.45\pic18-lt\cxx-framework\src\traditional\proc\p18f2550.asm
                 POSTINC0   0x000fee       data     extern E:\3.45\pic18-lt\cxx-framework\src\traditional\proc\p18f2550.asm
                 POSTINC1   0x000fe6       data     extern E:\3.45\pic18-lt\cxx-framework\src\traditional\proc\p18f2550.asm
                 POSTINC2   0x000fde       data     extern E:\3.45\pic18-lt\cxx-framework\src\traditional\proc\p18f2550.asm
                      PR2   0x000fcb       data     extern E:\3.45\pic18-lt\cxx-framework\src\traditional\proc\p18f2550.asm
                  PREINC0   0x000fec       data     extern E:\3.45\pic18-lt\cxx-framework\src\traditional\proc\p18f2550.asm
                  PREINC1   0x000fe4       data     extern E:\3.45\pic18-lt\cxx-framework\src\traditional\proc\p18f2550.asm
                  PREINC2   0x000fdc       data     extern E:\3.45\pic18-lt\cxx-framework\src\traditional\proc\p18f2550.asm
                     PROD   0x000ff3       data     extern E:\3.45\pic18-lt\cxx-framework\src\traditional\proc\p18f2550.asm
                    PRODH   0x000ff4       data     extern E:\3.45\pic18-lt\cxx-framework\src\traditional\proc\p18f2550.asm
                    PRODL   0x000ff3       data     extern E:\3.45\pic18-lt\cxx-framework\src\traditional\proc\p18f2550.asm
               PWM_CONFIG   0x000082       data     extern E:\DATA\SENAI\projetus\FIRMWARE\MODULO.c
                   PWM_ON   0x00007e       data     extern E:\DATA\SENAI\projetus\FIRMWARE\MODULO.c
          PWM_PORCENTAGEM   0x000094       data     extern E:\DATA\SENAI\projetus\FIRMWARE\MODULO.c
               PWM_UPDATE   0x000080       data     extern E:\DATA\SENAI\projetus\FIRMWARE\MODULO.c
     PeriodoDeTransmissao   0x000096       data     extern E:\DATA\SENAI\projetus\FIRMWARE\MODULO.c
                     RCON   0x000fd0       data     extern E:\3.45\pic18-lt\cxx-framework\src\traditional\proc\p18f2550.asm
                 RCONbits   0x000fd0       data     extern E:\3.45\pic18-lt\cxx-framework\src\traditional\proc\p18f2550.asm
                    RCREG   0x000fae       data     extern E:\3.45\pic18-lt\cxx-framework\src\traditional\proc\p18f2550.asm
                    RCSTA   0x000fab       data     extern E:\3.45\pic18-lt\cxx-framework\src\traditional\proc\p18f2550.asm
                RCSTAbits   0x000fab       data     extern E:\3.45\pic18-lt\cxx-framework\src\traditional\proc\p18f2550.asm
                     SIGN   0x000000       data     extern E:\3.45\pic18-lt\cxx-framework\src\traditional\math\cmath18.asm
                    SPBRG   0x000faf       data     extern E:\3.45\pic18-lt\cxx-framework\src\traditional\proc\p18f2550.asm
                   SPBRGH   0x000fb0       data     extern E:\3.45\pic18-lt\cxx-framework\src\traditional\proc\p18f2550.asm
                   SSPADD   0x000fc8       data     extern E:\3.45\pic18-lt\cxx-framework\src\traditional\proc\p18f2550.asm
                   SSPBUF   0x000fc9       data     extern E:\3.45\pic18-lt\cxx-framework\src\traditional\proc\p18f2550.asm
                  SSPCON1   0x000fc6       data     extern E:\3.45\pic18-lt\cxx-framework\src\traditional\proc\p18f2550.asm
              SSPCON1bits   0x000fc6       data     extern E:\3.45\pic18-lt\cxx-framework\src\traditional\proc\p18f2550.asm
                  SSPCON2   0x000fc5       data     extern E:\3.45\pic18-lt\cxx-framework\src\traditional\proc\p18f2550.asm
              SSPCON2bits   0x000fc5       data     extern E:\3.45\pic18-lt\cxx-framework\src\traditional\proc\p18f2550.asm
                  SSPSTAT   0x000fc7       data     extern E:\3.45\pic18-lt\cxx-framework\src\traditional\proc\p18f2550.asm
              SSPSTATbits   0x000fc7       data     extern E:\3.45\pic18-lt\cxx-framework\src\traditional\proc\p18f2550.asm
                   STATUS   0x000fd8       data     extern E:\3.45\pic18-lt\cxx-framework\src\traditional\proc\p18f2550.asm
               STATUSbits   0x000fd8       data     extern E:\3.45\pic18-lt\cxx-framework\src\traditional\proc\p18f2550.asm
                   STKPTR   0x000ffc       data     extern E:\3.45\pic18-lt\cxx-framework\src\traditional\proc\p18f2550.asm
               STKPTRbits   0x000ffc       data     extern E:\3.45\pic18-lt\cxx-framework\src\traditional\proc\p18f2550.asm
                        T   0x000088       data     extern E:\DATA\SENAI\projetus\FIRMWARE\MODULO.c
                    T0CON   0x000fd5       data     extern E:\3.45\pic18-lt\cxx-framework\src\traditional\proc\p18f2550.asm
                T0CONbits   0x000fd5       data     extern E:\3.45\pic18-lt\cxx-framework\src\traditional\proc\p18f2550.asm
                    T1CON   0x000fcd       data     extern E:\3.45\pic18-lt\cxx-framework\src\traditional\proc\p18f2550.asm
                T1CONbits   0x000fcd       data     extern E:\3.45\pic18-lt\cxx-framework\src\traditional\proc\p18f2550.asm
                    T2CON   0x000fca       data     extern E:\3.45\pic18-lt\cxx-framework\src\traditional\proc\p18f2550.asm
                T2CONbits   0x000fca       data     extern E:\3.45\pic18-lt\cxx-framework\src\traditional\proc\p18f2550.asm
                    T3CON   0x000fb1       data     extern E:\3.45\pic18-lt\cxx-framework\src\traditional\proc\p18f2550.asm
                T3CONbits   0x000fb1       data     extern E:\3.45\pic18-lt\cxx-framework\src\traditional\proc\p18f2550.asm
                   TABLAT   0x000ff5       data     extern E:\3.45\pic18-lt\cxx-framework\src\traditional\proc\p18f2550.asm
                   TBLPTR   0x000ff6       data     extern E:\3.45\pic18-lt\cxx-framework\src\traditional\proc\p18f2550.asm
                  TBLPTRH   0x000ff7       data     extern E:\3.45\pic18-lt\cxx-framework\src\traditional\proc\p18f2550.asm
                  TBLPTRL   0x000ff6       data     extern E:\3.45\pic18-lt\cxx-framework\src\traditional\proc\p18f2550.asm
                  TBLPTRU   0x000ff8       data     extern E:\3.45\pic18-lt\cxx-framework\src\traditional\proc\p18f2550.asm
                    TMR0H   0x000fd7       data     extern E:\3.45\pic18-lt\cxx-framework\src\traditional\proc\p18f2550.asm
                    TMR0L   0x000fd6       data     extern E:\3.45\pic18-lt\cxx-framework\src\traditional\proc\p18f2550.asm
                    TMR1H   0x000fcf       data     extern E:\3.45\pic18-lt\cxx-framework\src\traditional\proc\p18f2550.asm
                    TMR1L   0x000fce       data     extern E:\3.45\pic18-lt\cxx-framework\src\traditional\proc\p18f2550.asm
                     TMR2   0x000fcc       data     extern E:\3.45\pic18-lt\cxx-framework\src\traditional\proc\p18f2550.asm
                    TMR3H   0x000fb3       data     extern E:\3.45\pic18-lt\cxx-framework\src\traditional\proc\p18f2550.asm
                    TMR3L   0x000fb2       data     extern E:\3.45\pic18-lt\cxx-framework\src\traditional\proc\p18f2550.asm
                     TOFF   0x000090       data     extern E:\DATA\SENAI\projetus\FIRMWARE\MODULO.c
                      TON   0x00008c       data     extern E:\DATA\SENAI\projetus\FIRMWARE\MODULO.c
                      TOS   0x000ffd       data     extern E:\3.45\pic18-lt\cxx-framework\src\traditional\proc\p18f2550.asm
                     TOSH   0x000ffe       data     extern E:\3.45\pic18-lt\cxx-framework\src\traditional\proc\p18f2550.asm
                     TOSL   0x000ffd       data     extern E:\3.45\pic18-lt\cxx-framework\src\traditional\proc\p18f2550.asm
                     TOSU   0x000fff       data     extern E:\3.45\pic18-lt\cxx-framework\src\traditional\proc\p18f2550.asm
                    TRISA   0x000f92       data     extern E:\3.45\pic18-lt\cxx-framework\src\traditional\proc\p18f2550.asm
                TRISAbits   0x000f92       data     extern E:\3.45\pic18-lt\cxx-framework\src\traditional\proc\p18f2550.asm
                    TRISB   0x000f93       data     extern E:\3.45\pic18-lt\cxx-framework\src\traditional\proc\p18f2550.asm
                TRISBbits   0x000f93       data     extern E:\3.45\pic18-lt\cxx-framework\src\traditional\proc\p18f2550.asm
                    TRISC   0x000f94       data     extern E:\3.45\pic18-lt\cxx-framework\src\traditional\proc\p18f2550.asm
                TRISCbits   0x000f94       data     extern E:\3.45\pic18-lt\cxx-framework\src\traditional\proc\p18f2550.asm
                    TXREG   0x000fad       data     extern E:\3.45\pic18-lt\cxx-framework\src\traditional\proc\p18f2550.asm
                    TXSTA   0x000fac       data     extern E:\3.45\pic18-lt\cxx-framework\src\traditional\proc\p18f2550.asm
                TXSTAbits   0x000fac       data     extern E:\3.45\pic18-lt\cxx-framework\src\traditional\proc\p18f2550.asm
                    UADDR   0x000f6e       data     extern E:\3.45\pic18-lt\cxx-framework\src\traditional\proc\p18f2550.asm
                UADDRbits   0x000f6e       data     extern E:\3.45\pic18-lt\cxx-framework\src\traditional\proc\p18f2550.asm
                     UCFG   0x000f6f       data     extern E:\3.45\pic18-lt\cxx-framework\src\traditional\proc\p18f2550.asm
                 UCFGbits   0x000f6f       data     extern E:\3.45\pic18-lt\cxx-framework\src\traditional\proc\p18f2550.asm
                     UCON   0x000f6d       data     extern E:\3.45\pic18-lt\cxx-framework\src\traditional\proc\p18f2550.asm
                 UCONbits   0x000f6d       data     extern E:\3.45\pic18-lt\cxx-framework\src\traditional\proc\p18f2550.asm
                     UEIE   0x000f6b       data     extern E:\3.45\pic18-lt\cxx-framework\src\traditional\proc\p18f2550.asm
                 UEIEbits   0x000f6b       data     extern E:\3.45\pic18-lt\cxx-framework\src\traditional\proc\p18f2550.asm
                     UEIR   0x000f6a       data     extern E:\3.45\pic18-lt\cxx-framework\src\traditional\proc\p18f2550.asm
                 UEIRbits   0x000f6a       data     extern E:\3.45\pic18-lt\cxx-framework\src\traditional\proc\p18f2550.asm
                     UEP0   0x000f70       data     extern E:\3.45\pic18-lt\cxx-framework\src\traditional\proc\p18f2550.asm
                 UEP0bits   0x000f70       data     extern E:\3.45\pic18-lt\cxx-framework\src\traditional\proc\p18f2550.asm
                     UEP1   0x000f71       data     extern E:\3.45\pic18-lt\cxx-framework\src\traditional\proc\p18f2550.asm
                    UEP10   0x000f7a       data     extern E:\3.45\pic18-lt\cxx-framework\src\traditional\proc\p18f2550.asm
                UEP10bits   0x000f7a       data     extern E:\3.45\pic18-lt\cxx-framework\src\traditional\proc\p18f2550.asm
                    UEP11   0x000f7b       data     extern E:\3.45\pic18-lt\cxx-framework\src\traditional\proc\p18f2550.asm
                UEP11bits   0x000f7b       data     extern E:\3.45\pic18-lt\cxx-framework\src\traditional\proc\p18f2550.asm
                    UEP12   0x000f7c       data     extern E:\3.45\pic18-lt\cxx-framework\src\traditional\proc\p18f2550.asm
                UEP12bits   0x000f7c       data     extern E:\3.45\pic18-lt\cxx-framework\src\traditional\proc\p18f2550.asm
                    UEP13   0x000f7d       data     extern E:\3.45\pic18-lt\cxx-framework\src\traditional\proc\p18f2550.asm
                UEP13bits   0x000f7d       data     extern E:\3.45\pic18-lt\cxx-framework\src\traditional\proc\p18f2550.asm
                    UEP14   0x000f7e       data     extern E:\3.45\pic18-lt\cxx-framework\src\traditional\proc\p18f2550.asm
                UEP14bits   0x000f7e       data     extern E:\3.45\pic18-lt\cxx-framework\src\traditional\proc\p18f2550.asm
                    UEP15   0x000f7f       data     extern E:\3.45\pic18-lt\cxx-framework\src\traditional\proc\p18f2550.asm
                UEP15bits   0x000f7f       data     extern E:\3.45\pic18-lt\cxx-framework\src\traditional\proc\p18f2550.asm
                 UEP1bits   0x000f71       data     extern E:\3.45\pic18-lt\cxx-framework\src\traditional\proc\p18f2550.asm
                     UEP2   0x000f72       data     extern E:\3.45\pic18-lt\cxx-framework\src\traditional\proc\p18f2550.asm
                 UEP2bits   0x000f72       data     extern E:\3.45\pic18-lt\cxx-framework\src\traditional\proc\p18f2550.asm
                     UEP3   0x000f73       data     extern E:\3.45\pic18-lt\cxx-framework\src\traditional\proc\p18f2550.asm
                 UEP3bits   0x000f73       data     extern E:\3.45\pic18-lt\cxx-framework\src\traditional\proc\p18f2550.asm
                     UEP4   0x000f74       data     extern E:\3.45\pic18-lt\cxx-framework\src\traditional\proc\p18f2550.asm
                 UEP4bits   0x000f74       data     extern E:\3.45\pic18-lt\cxx-framework\src\traditional\proc\p18f2550.asm
                     UEP5   0x000f75       data     extern E:\3.45\pic18-lt\cxx-framework\src\traditional\proc\p18f2550.asm
                 UEP5bits   0x000f75       data     extern E:\3.45\pic18-lt\cxx-framework\src\traditional\proc\p18f2550.asm
                     UEP6   0x000f76       data     extern E:\3.45\pic18-lt\cxx-framework\src\traditional\proc\p18f2550.asm
                 UEP6bits   0x000f76       data     extern E:\3.45\pic18-lt\cxx-framework\src\traditional\proc\p18f2550.asm
                     UEP7   0x000f77       data     extern E:\3.45\pic18-lt\cxx-framework\src\traditional\proc\p18f2550.asm
                 UEP7bits   0x000f77       data     extern E:\3.45\pic18-lt\cxx-framework\src\traditional\proc\p18f2550.asm
                     UEP8   0x000f78       data     extern E:\3.45\pic18-lt\cxx-framework\src\traditional\proc\p18f2550.asm
                 UEP8bits   0x000f78       data     extern E:\3.45\pic18-lt\cxx-framework\src\traditional\proc\p18f2550.asm
                     UEP9   0x000f79       data     extern E:\3.45\pic18-lt\cxx-framework\src\traditional\proc\p18f2550.asm
                 UEP9bits   0x000f79       data     extern E:\3.45\pic18-lt\cxx-framework\src\traditional\proc\p18f2550.asm
                     UFRM   0x000f66       data     extern E:\3.45\pic18-lt\cxx-framework\src\traditional\proc\p18f2550.asm
                    UFRMH   0x000f67       data     extern E:\3.45\pic18-lt\cxx-framework\src\traditional\proc\p18f2550.asm
                UFRMHbits   0x000f67       data     extern E:\3.45\pic18-lt\cxx-framework\src\traditional\proc\p18f2550.asm
                    UFRML   0x000f66       data     extern E:\3.45\pic18-lt\cxx-framework\src\traditional\proc\p18f2550.asm
                UFRMLbits   0x000f66       data     extern E:\3.45\pic18-lt\cxx-framework\src\traditional\proc\p18f2550.asm
                      UIE   0x000f69       data     extern E:\3.45\pic18-lt\cxx-framework\src\traditional\proc\p18f2550.asm
                  UIEbits   0x000f69       data     extern E:\3.45\pic18-lt\cxx-framework\src\traditional\proc\p18f2550.asm
                      UIR   0x000f68       data     extern E:\3.45\pic18-lt\cxx-framework\src\traditional\proc\p18f2550.asm
                  UIRbits   0x000f68       data     extern E:\3.45\pic18-lt\cxx-framework\src\traditional\proc\p18f2550.asm
                    USTAT   0x000f6c       data     extern E:\3.45\pic18-lt\cxx-framework\src\traditional\proc\p18f2550.asm
                USTATbits   0x000f6c       data     extern E:\3.45\pic18-lt\cxx-framework\src\traditional\proc\p18f2550.asm
                   WDTCON   0x000fd1       data     extern E:\3.45\pic18-lt\cxx-framework\src\traditional\proc\p18f2550.asm
               WDTCONbits   0x000fd1       data     extern E:\3.45\pic18-lt\cxx-framework\src\traditional\proc\p18f2550.asm
                     WREG   0x000fe8       data     extern E:\3.45\pic18-lt\cxx-framework\src\traditional\proc\p18f2550.asm
                 __AARGB0   0x000009       data     extern E:\3.45\pic18-lt\cxx-framework\src\traditional\math\aarg.asm
                 __AARGB1   0x000008       data     extern E:\3.45\pic18-lt\cxx-framework\src\traditional\math\aarg.asm
                 __AARGB2   0x000007       data     extern E:\3.45\pic18-lt\cxx-framework\src\traditional\math\aarg.asm
                 __AARGB3   0x000006       data     extern E:\3.45\pic18-lt\cxx-framework\src\traditional\math\aarg.asm
                 __AARGB4   0x000005       data     extern E:\3.45\pic18-lt\cxx-framework\src\traditional\math\aarg.asm
                 __AARGB5   0x000004       data     extern E:\3.45\pic18-lt\cxx-framework\src\traditional\math\aarg.asm
                 __AARGB6   0x000003       data     extern E:\3.45\pic18-lt\cxx-framework\src\traditional\math\aarg.asm
                 __AARGB7   0x000002       data     extern E:\3.45\pic18-lt\cxx-framework\src\traditional\math\aarg.asm
                   __AEXP   0x00000a       data     extern E:\3.45\pic18-lt\cxx-framework\src\traditional\math\aarg.asm
                 __BARGB0   0x00000e       data     extern E:\3.45\pic18-lt\cxx-framework\src\traditional\math\barg.asm
                 __BARGB1   0x00000d       data     extern E:\3.45\pic18-lt\cxx-framework\src\traditional\math\barg.asm
                 __BARGB2   0x00000c       data     extern E:\3.45\pic18-lt\cxx-framework\src\traditional\math\barg.asm
                 __BARGB3   0x00000b       data     extern E:\3.45\pic18-lt\cxx-framework\src\traditional\math\barg.asm
                   __BEXP   0x00000f       data     extern E:\3.45\pic18-lt\cxx-framework\src\traditional\math\barg.asm
                __FPFLAGS   0x000001       data     extern E:\3.45\pic18-lt\cxx-framework\src\traditional\math\cmath18.asm
            __FPFLAGSbits   0x000001       data     extern E:\3.45\pic18-lt\cxx-framework\src\traditional\math\cmath18.asm
                  __REMB0   0x000005       data     extern E:\3.45\pic18-lt\cxx-framework\src\traditional\math\aarg.asm
                  __REMB1   0x000004       data     extern E:\3.45\pic18-lt\cxx-framework\src\traditional\math\aarg.asm
                  __REMB2   0x000003       data     extern E:\3.45\pic18-lt\cxx-framework\src\traditional\math\aarg.asm
                  __REMB3   0x000002       data     extern E:\3.45\pic18-lt\cxx-framework\src\traditional\math\aarg.asm
                   __TEMP   0x000013       data     extern E:\3.45\pic18-lt\cxx-framework\src\traditional\math\temparg.asm
                 __TEMPB0   0x000013       data     extern E:\3.45\pic18-lt\cxx-framework\src\traditional\math\temparg.asm
                 __TEMPB1   0x000012       data     extern E:\3.45\pic18-lt\cxx-framework\src\traditional\math\temparg.asm
                 __TEMPB2   0x000011       data     extern E:\3.45\pic18-lt\cxx-framework\src\traditional\math\temparg.asm
                 __TEMPB3   0x000010       data     extern E:\3.45\pic18-lt\cxx-framework\src\traditional\math\temparg.asm
                  __tmp_0   0x000014       data     static E:\DATA\SENAI\projetus\FIRMWARE\MODULO.c
                   alarme   0x000068       data     extern E:\DATA\SENAI\projetus\FIRMWARE\MODULO.c
                   buffer   0x00006c       data     extern E:\DATA\SENAI\projetus\FIRMWARE\MODULO.c
                curr_byte   0x0000af       data     static E:\3.45\pic18-lt\cxx-framework\src\traditional\startup\c018i.c
               curr_entry   0x0000b1       data     static E:\3.45\pic18-lt\cxx-framework\src\traditional\startup\c018i.c
                 data_ptr   0x0000b3       data     static E:\3.45\pic18-lt\cxx-framework\src\traditional\startup\c018i.c
              exibir_disp   0x000066       data     extern E:\DATA\SENAI\projetus\FIRMWARE\MODULO.c
              ferramentas   0x00009a       data     extern E:\DATA\SENAI\projetus\FIRMWARE\MODULO.c
         ferramentas_disp   0x0000aa       data     extern E:\DATA\SENAI\projetus\FIRMWARE\MODULO.c
        linhas_do_display   0x000062       data     extern E:\DATA\SENAI\projetus\FIRMWARE\MODULO.c
            n_ferramentas   0x000060       data     extern E:\DATA\SENAI\projetus\FIRMWARE\MODULO.c
                   pagina   0x00006a       data     extern E:\DATA\SENAI\projetus\FIRMWARE\MODULO.c
                     prom   0x0000ac       data     static E:\3.45\pic18-lt\cxx-framework\src\traditional\startup\c018i.c
            total_paginas   0x000064       data     extern E:\DATA\SENAI\projetus\FIRMWARE\MODULO.c



                              Symbols - Sorted by Address
                     Name    Address   Location    Storage File                     
                ---------  ---------  ---------  --------- ---------                
                   _entry   0x000000    program     extern E:\3.45\pic18-lt\cxx-framework\src\traditional\startup\c018i.c
       ___return_lbl00000   0x000004    program     static                          
           gera_atraso_us   0x000014    program     extern E:\DATA\SENAI\projetus\FIRMWARE\2550_lcd16.h
           ___do_lbl00003   0x00001c    program     static                          
           ___do_lbl00001   0x000030    program     static                          
           ___do_lbl00002   0x000048    program     static                          
       ___return_lbl00000   0x000048    program     static                          
       lcd_envia_controle   0x000050    program     extern E:\DATA\SENAI\projetus\FIRMWARE\2550_lcd16.h
                  lcd_cls   0x000218    program     extern E:\DATA\SENAI\projetus\FIRMWARE\2550_lcd16.h
          lcd_cursor_home   0x000238    program     extern E:\DATA\SENAI\projetus\FIRMWARE\2550_lcd16.h
       lcd_desloca_cursor   0x000258    program     extern E:\DATA\SENAI\projetus\FIRMWARE\2550_lcd16.h
     lcd_desloca_mensagem   0x0002b6    program     extern E:\DATA\SENAI\projetus\FIRMWARE\2550_lcd16.h
            lcd_LD_cursor   0x000314    program     extern E:\DATA\SENAI\projetus\FIRMWARE\2550_lcd16.h
              lcd_posicao   0x000390    program     extern E:\DATA\SENAI\projetus\FIRMWARE\2550_lcd16.h
            lcd_printchar   0x000446    program     extern E:\DATA\SENAI\projetus\FIRMWARE\2550_lcd16.h
              lcd_le_dado   0x000476    program     extern E:\DATA\SENAI\projetus\FIRMWARE\2550_lcd16.h
               lcd_status   0x000494    program     extern E:\DATA\SENAI\projetus\FIRMWARE\2550_lcd16.h
                lcd_print   0x0004b2    program     extern E:\DATA\SENAI\projetus\FIRMWARE\2550_lcd16.h
       imprime_buffer_lcd   0x0004f6    program     extern E:\DATA\SENAI\projetus\FIRMWARE\2550_lcd16.h
               lcd_inicia   0x000534    program     extern E:\DATA\SENAI\projetus\FIRMWARE\2550_lcd16.h
                 Delay_ms   0x0006d2    program     extern E:\DATA\SENAI\projetus\FIRMWARE\MODULO.c
                    Delay   0x000b52    program     extern E:\DATA\SENAI\projetus\FIRMWARE\MODULO.c
                      PWM   0x000f82    program     extern E:\DATA\SENAI\projetus\FIRMWARE\MODULO.c
                config_io   0x0010b0    program     extern E:\DATA\SENAI\projetus\FIRMWARE\MODULO.c
                traduzirP   0x0010de    program     extern E:\DATA\SENAI\projetus\FIRMWARE\MODULO.c
                traduzirS   0x00117e    program     extern E:\DATA\SENAI\projetus\FIRMWARE\MODULO.c
             check_button   0x001212    program     extern E:\DATA\SENAI\projetus\FIRMWARE\MODULO.c
                    print   0x0014b8    program     extern E:\DATA\SENAI\projetus\FIRMWARE\MODULO.c
             check_alarme   0x0019a4    program     extern E:\DATA\SENAI\projetus\FIRMWARE\MODULO.c
                  set_led   0x0019d8    program     extern E:\DATA\SENAI\projetus\FIRMWARE\MODULO.c
                    start   0x0019f2    program     extern E:\DATA\SENAI\projetus\FIRMWARE\MODULO.c
                    LerRF   0x001a38    program     extern E:\DATA\SENAI\projetus\FIRMWARE\MODULO.c
                     main   0x001dae    program     extern E:\DATA\SENAI\projetus\FIRMWARE\MODULO.c
                 FLO1632U   0x001dc6    program     extern E:\3.45\pic18-lt\cxx-framework\src\traditional\math\cast16FP.asm
                 FLO1632S   0x001dca    program     extern E:\3.45\pic18-lt\cxx-framework\src\traditional\math\cast16FP.asm
                jI2F16Beg   0x001dda    program     static E:\3.45\pic18-lt\cxx-framework\src\traditional\math\cast16FP.asm
                    FPD32   0x001df0    program     extern E:\3.45\pic18-lt\cxx-framework\src\traditional\math\divFP.asm
                 jANotInf   0x001e0e    program     static E:\3.45\pic18-lt\cxx-framework\src\traditional\math\divFP.asm
              jSignedZero   0x001e18    program     static E:\3.45\pic18-lt\cxx-framework\src\traditional\math\divFP.asm
                jANotZero   0x001e22    program     static E:\3.45\pic18-lt\cxx-framework\src\traditional\math\divFP.asm
                    jLoop   0x001e4a    program     static E:\3.45\pic18-lt\cxx-framework\src\traditional\math\divFP.asm
                jNoAdjust   0x001e6e    program     static E:\3.45\pic18-lt\cxx-framework\src\traditional\math\divFP.asm
                    jNext   0x001e70    program     static E:\3.45\pic18-lt\cxx-framework\src\traditional\math\divFP.asm
                    FPM32   0x001e96    program     extern E:\3.45\pic18-lt\cxx-framework\src\traditional\math\mulFP.asm
                 jANotInf   0x001eb4    program     static E:\3.45\pic18-lt\cxx-framework\src\traditional\math\mulFP.asm
              jBothFinite   0x001ec2    program     static E:\3.45\pic18-lt\cxx-framework\src\traditional\math\mulFP.asm
                jHaveZero   0x001eca    program     static E:\3.45\pic18-lt\cxx-framework\src\traditional\math\mulFP.asm
             jBothNotZero   0x001ece    program     static E:\3.45\pic18-lt\cxx-framework\src\traditional\math\mulFP.asm
                    FPS32   0x001f70    program     extern E:\3.45\pic18-lt\cxx-framework\src\traditional\math\addFP.asm
                    FPA32   0x001f72    program     extern E:\3.45\pic18-lt\cxx-framework\src\traditional\math\addFP.asm
                jBANotInf   0x001f90    program     static E:\3.45\pic18-lt\cxx-framework\src\traditional\math\addFP.asm
                 jANotInf   0x001f9a    program     static E:\3.45\pic18-lt\cxx-framework\src\traditional\math\addFP.asm
                 jBNotInf   0x001fa8    program     static E:\3.45\pic18-lt\cxx-framework\src\traditional\math\addFP.asm
            jDifOrPosSign   0x001fbc    program     static E:\3.45\pic18-lt\cxx-framework\src\traditional\math\addFP.asm
             jNotBothZero   0x001fc0    program     static E:\3.45\pic18-lt\cxx-framework\src\traditional\math\addFP.asm
                 jAltBexp   0x001fec    program     static E:\3.45\pic18-lt\cxx-framework\src\traditional\math\addFP.asm
              jAandWsetup   0x001ffe    program     static E:\3.45\pic18-lt\cxx-framework\src\traditional\math\addFP.asm
                 jANotNeg   0x00202e    program     static E:\3.45\pic18-lt\cxx-framework\src\traditional\math\addFP.asm
                 jWNotNeg   0x002042    program     static E:\3.45\pic18-lt\cxx-framework\src\traditional\math\addFP.asm
               jShiftLoop   0x002048    program     static E:\3.45\pic18-lt\cxx-framework\src\traditional\math\addFP.asm
               jShiftDone   0x002056    program     static E:\3.45\pic18-lt\cxx-framework\src\traditional\math\addFP.asm
                jSignDone   0x002086    program     static E:\3.45\pic18-lt\cxx-framework\src\traditional\math\addFP.asm
               jFinalSign   0x002096    program     static E:\3.45\pic18-lt\cxx-framework\src\traditional\math\addFP.asm
                 FXD1616S   0x00209e    program     extern E:\3.45\pic18-lt\cxx-framework\src\traditional\math\fxd1616s.asm
                  DA1616S   0x0020b0    program     static E:\3.45\pic18-lt\cxx-framework\src\traditional\math\fxd1616s.asm
                   D1616S   0x0020c0    program     static E:\3.45\pic18-lt\cxx-framework\src\traditional\math\fxd1616s.asm
                 D1616SOK   0x0020ca    program     static E:\3.45\pic18-lt\cxx-framework\src\traditional\math\fxd1616s.asm
                D1616SNEG   0x0020ce    program     static E:\3.45\pic18-lt\cxx-framework\src\traditional\math\fxd1616s.asm
                  D1616SX   0x0020e0    program     static E:\3.45\pic18-lt\cxx-framework\src\traditional\math\fxd1616s.asm
                 FXM1616U   0x0020ea    program     extern E:\3.45\pic18-lt\cxx-framework\src\traditional\math\fxm1616u.asm
                  INT3216   0x002126    program     extern E:\3.45\pic18-lt\cxx-framework\src\traditional\math\castFP16.asm
                     jMax   0x002136    program     static E:\3.45\pic18-lt\cxx-framework\src\traditional\math\castFP16.asm
                  jMaxPos   0x00213a    program     static E:\3.45\pic18-lt\cxx-framework\src\traditional\math\castFP16.asm
                  jMaxNeg   0x002144    program     static E:\3.45\pic18-lt\cxx-framework\src\traditional\math\castFP16.asm
                    jZero   0x00214c    program     static E:\3.45\pic18-lt\cxx-framework\src\traditional\math\castFP16.asm
                  jNotInf   0x002152    program     static E:\3.45\pic18-lt\cxx-framework\src\traditional\math\castFP16.asm
                    jLoop   0x002162    program     static E:\3.45\pic18-lt\cxx-framework\src\traditional\math\castFP16.asm
                jLoopExit   0x002172    program     static E:\3.45\pic18-lt\cxx-framework\src\traditional\math\castFP16.asm
                    jExit   0x002182    program     static E:\3.45\pic18-lt\cxx-framework\src\traditional\math\castFP16.asm
                  TAGTB32   0x002184    program     extern E:\3.45\pic18-lt\cxx-framework\src\traditional\math\gtFP.asm
                  TALTB32   0x002196    program     extern E:\3.45\pic18-lt\cxx-framework\src\traditional\math\ltFP.asm
              __FpCompare   0x0021a8    program     extern E:\3.45\pic18-lt\cxx-framework\src\traditional\math\compFP.asm
             jBothNotZero   0x0021c6    program     static E:\3.45\pic18-lt\cxx-framework\src\traditional\math\compFP.asm
                 jSignsEQ   0x0021ca    program     static E:\3.45\pic18-lt\cxx-framework\src\traditional\math\compFP.asm
                      jEQ   0x0021e2    program     static E:\3.45\pic18-lt\cxx-framework\src\traditional\math\compFP.asm
                      jNE   0x0021e6    program     static E:\3.45\pic18-lt\cxx-framework\src\traditional\math\compFP.asm
                    jExch   0x0021ee    program     static E:\3.45\pic18-lt\cxx-framework\src\traditional\math\compFP.asm
                  jNoExch   0x00220e    program     static E:\3.45\pic18-lt\cxx-framework\src\traditional\math\compFP.asm
                   jFinal   0x002218    program     static E:\3.45\pic18-lt\cxx-framework\src\traditional\math\compFP.asm
                  jAisNeg   0x002224    program     static E:\3.45\pic18-lt\cxx-framework\src\traditional\math\compFP.asm
                   jShift   0x00222a    program     static E:\3.45\pic18-lt\cxx-framework\src\traditional\math\compFP.asm
                   jExpEQ   0x002234    program     static E:\3.45\pic18-lt\cxx-framework\src\traditional\math\compFP.asm
                  jRotate   0x002240    program     static E:\3.45\pic18-lt\cxx-framework\src\traditional\math\compFP.asm
            __FpReturnNaN   0x002252    program     extern E:\3.45\pic18-lt\cxx-framework\src\traditional\math\packFP.asm
                 __FpExit   0x00225e    program     extern E:\3.45\pic18-lt\cxx-framework\src\traditional\math\packFP.asm
        __FpReturnSignInf   0x002260    program     extern E:\3.45\pic18-lt\cxx-framework\src\traditional\math\packFP.asm
         __FpReturnNegInf   0x002264    program     extern E:\3.45\pic18-lt\cxx-framework\src\traditional\math\packFP.asm
         __FpReturnPosInf   0x00226a    program     extern E:\3.45\pic18-lt\cxx-framework\src\traditional\math\packFP.asm
           jReturnPosInf0   0x00226e    program     static E:\3.45\pic18-lt\cxx-framework\src\traditional\math\packFP.asm
               jZero1and2   0x002272    program     static E:\3.45\pic18-lt\cxx-framework\src\traditional\math\packFP.asm
       __FpReturnSignZero   0x002278    program     extern E:\3.45\pic18-lt\cxx-framework\src\traditional\math\packFP.asm
        __FpReturnNegZero   0x00227c    program     extern E:\3.45\pic18-lt\cxx-framework\src\traditional\math\packFP.asm
        __FpReturnPosZero   0x002284    program     extern E:\3.45\pic18-lt\cxx-framework\src\traditional\math\packFP.asm
                 __FpPack   0x00228a    program     extern E:\3.45\pic18-lt\cxx-framework\src\traditional\math\packFP.asm
                  jPkLoop   0x002298    program     static E:\3.45\pic18-lt\cxx-framework\src\traditional\math\packFP.asm
             jPkShiftDone   0x0022b4    program     static E:\3.45\pic18-lt\cxx-framework\src\traditional\math\packFP.asm
               jPkRoundIt   0x0022ca    program     static E:\3.45\pic18-lt\cxx-framework\src\traditional\math\packFP.asm
              __FpReturnW   0x0022e2    program     extern E:\3.45\pic18-lt\cxx-framework\src\traditional\math\packFP.asm
             jPkRoundDone   0x0022e2    program     static E:\3.45\pic18-lt\cxx-framework\src\traditional\math\packFP.asm
              __FpUnPackA   0x002302    program     extern E:\3.45\pic18-lt\cxx-framework\src\traditional\math\UnpackFP.asm
                  jUnpkA1   0x00230c    program     static E:\3.45\pic18-lt\cxx-framework\src\traditional\math\UnpackFP.asm
                 jUnpkANZ   0x00231a    program     static E:\3.45\pic18-lt\cxx-framework\src\traditional\math\UnpackFP.asm
                  jUnpkA2   0x002324    program     static E:\3.45\pic18-lt\cxx-framework\src\traditional\math\UnpackFP.asm
                 jUnpkNaN   0x00232e    program     static E:\3.45\pic18-lt\cxx-framework\src\traditional\math\UnpackFP.asm
              __FpUnPackB   0x002332    program     extern E:\3.45\pic18-lt\cxx-framework\src\traditional\math\UnpackFP.asm
                  jUnpkB1   0x00233c    program     static E:\3.45\pic18-lt\cxx-framework\src\traditional\math\UnpackFP.asm
                 jUnpkBNZ   0x00234a    program     static E:\3.45\pic18-lt\cxx-framework\src\traditional\math\UnpackFP.asm
                  jUnpkB2   0x002354    program     static E:\3.45\pic18-lt\cxx-framework\src\traditional\math\UnpackFP.asm
                _do_cinit   0x00235e    program     extern E:\3.45\pic18-lt\cxx-framework\src\traditional\startup\c018i.c
                     test   0x002378    program     static                          
                copy_loop   0x0023d0    program     static                          
            copy_one_byte   0x0023d6    program     static                          
             done_copying   0x0023e4    program     static                          
                     done   0x0023fa    program     static                          
       ___return_lbl00002   0x0023fa    program     static                          
             Delay10KTCYx   0x0023fc    program     extern E:\3.45\pic18-lt\cxx-framework\src\traditional\delays\d10ktcyx.asm
                    D10Kx   0x002406    program     static E:\3.45\pic18-lt\cxx-framework\src\traditional\delays\d10ktcyx.asm
                   D10K_1   0x002408    program     static E:\3.45\pic18-lt\cxx-framework\src\traditional\delays\d10ktcyx.asm
       _D10KTCYXCODE_0010   0x00240c    program     static E:\3.45\pic18-lt\cxx-framework\src\traditional\delays\d10ktcyx.asm
                    D10Kl   0x002414    program     static E:\3.45\pic18-lt\cxx-framework\src\traditional\delays\d10ktcyx.asm
       _D10KTCYXCODE_001C   0x002418    program     static E:\3.45\pic18-lt\cxx-framework\src\traditional\delays\d10ktcyx.asm
                 FXD1616U   0x00242a    program     extern E:\3.45\pic18-lt\cxx-framework\src\traditional\math\fxd1616u.c
                     loop   0x002434    program     static                          
                  endloop   0x002450    program     static                          
       ___return_lbl00000   0x002454    program     static                          
              Delay1KTCYx   0x002456    program     extern E:\3.45\pic18-lt\cxx-framework\src\traditional\delays\d1ktcyx.asm
                     D1Kx   0x002460    program     static E:\3.45\pic18-lt\cxx-framework\src\traditional\delays\d1ktcyx.asm
                    D1K_1   0x002462    program     static E:\3.45\pic18-lt\cxx-framework\src\traditional\delays\d1ktcyx.asm
        _D1KTCYXCODE_0010   0x002466    program     static E:\3.45\pic18-lt\cxx-framework\src\traditional\delays\d1ktcyx.asm
        _D1KTCYXCODE_0016   0x00246c    program     static E:\3.45\pic18-lt\cxx-framework\src\traditional\delays\d1ktcyx.asm
            __zero_memory   0x002476    program     extern E:\3.45\pic18-lt\cxx-framework\src\traditional\proc\p18f2550.asm
                   loop_h   0x002484    program     static E:\3.45\pic18-lt\cxx-framework\src\traditional\proc\p18f2550.asm
               zero_block   0x002484    program     static E:\3.45\pic18-lt\cxx-framework\src\traditional\proc\p18f2550.asm
                compare_l   0x00248c    program     static E:\3.45\pic18-lt\cxx-framework\src\traditional\proc\p18f2550.asm
                   loop_l   0x00248e    program     static E:\3.45\pic18-lt\cxx-framework\src\traditional\proc\p18f2550.asm
                 _startup   0x002496    program     extern E:\3.45\pic18-lt\cxx-framework\src\traditional\startup\c018i.c
                     loop   0x0024a6    program     static                          
       ___return_lbl00001   0x0024b0    program     static                          
             Delay100TCYx   0x0024b2    program     extern E:\3.45\pic18-lt\cxx-framework\src\traditional\delays\d100tcyx.asm
       _D100TCYXCODE_0008   0x0024ba    program     static E:\3.45\pic18-lt\cxx-framework\src\traditional\delays\d100tcyx.asm
                    D100x   0x0024be    program     static E:\3.45\pic18-lt\cxx-framework\src\traditional\delays\d100tcyx.asm
                   D100_1   0x0024c0    program     static E:\3.45\pic18-lt\cxx-framework\src\traditional\delays\d100tcyx.asm
       _D100TCYXCODE_0012   0x0024c4    program     static E:\3.45\pic18-lt\cxx-framework\src\traditional\delays\d100tcyx.asm
       _D100TCYXCODE_0018   0x0024ca    program     static E:\3.45\pic18-lt\cxx-framework\src\traditional\delays\d100tcyx.asm
              Delay10TCYx   0x0024ce    program     extern E:\3.45\pic18-lt\cxx-framework\src\traditional\delays\d10tcyx.asm
                     D10x   0x0024d6    program     static E:\3.45\pic18-lt\cxx-framework\src\traditional\delays\d10tcyx.asm
        _D10TCYXCODE_000A   0x0024d8    program     static E:\3.45\pic18-lt\cxx-framework\src\traditional\delays\d10tcyx.asm
        _D10TCYXCODE_000C   0x0024da    program     static E:\3.45\pic18-lt\cxx-framework\src\traditional\delays\d10tcyx.asm
        _D10TCYXCODE_000E   0x0024dc    program     static E:\3.45\pic18-lt\cxx-framework\src\traditional\delays\d10tcyx.asm
                    D10_1   0x0024de    program     static E:\3.45\pic18-lt\cxx-framework\src\traditional\delays\d10tcyx.asm
               __string_0   0x0024e4    program     static E:\DATA\SENAI\projetus\FIRMWARE\MODULO.c
                   __init   0x0024f0    program     extern E:\3.45\pic18-lt\cxx-framework\src\traditional\stdclib\__init.c
               __config_0   0x300000    program     static E:\DATA\SENAI\projetus\FIRMWARE\MODULO.c
               __config_1   0x300001    program     static E:\DATA\SENAI\projetus\FIRMWARE\MODULO.c
               __config_2   0x300002    program     static E:\DATA\SENAI\projetus\FIRMWARE\MODULO.c
               __config_3   0x300003    program     static E:\DATA\SENAI\projetus\FIRMWARE\MODULO.c
               __config_4   0x300005    program     static E:\DATA\SENAI\projetus\FIRMWARE\MODULO.c
               __config_5   0x300006    program     static E:\DATA\SENAI\projetus\FIRMWARE\MODULO.c
                     SIGN   0x000000       data     extern E:\3.45\pic18-lt\cxx-framework\src\traditional\math\cmath18.asm
            __FPFLAGSbits   0x000001       data     extern E:\3.45\pic18-lt\cxx-framework\src\traditional\math\cmath18.asm
                __FPFLAGS   0x000001       data     extern E:\3.45\pic18-lt\cxx-framework\src\traditional\math\cmath18.asm
                  __REMB3   0x000002       data     extern E:\3.45\pic18-lt\cxx-framework\src\traditional\math\aarg.asm
                 __AARGB7   0x000002       data     extern E:\3.45\pic18-lt\cxx-framework\src\traditional\math\aarg.asm
                  __REMB2   0x000003       data     extern E:\3.45\pic18-lt\cxx-framework\src\traditional\math\aarg.asm
                 __AARGB6   0x000003       data     extern E:\3.45\pic18-lt\cxx-framework\src\traditional\math\aarg.asm
                  __REMB1   0x000004       data     extern E:\3.45\pic18-lt\cxx-framework\src\traditional\math\aarg.asm
                 __AARGB5   0x000004       data     extern E:\3.45\pic18-lt\cxx-framework\src\traditional\math\aarg.asm
                  __REMB0   0x000005       data     extern E:\3.45\pic18-lt\cxx-framework\src\traditional\math\aarg.asm
                 __AARGB4   0x000005       data     extern E:\3.45\pic18-lt\cxx-framework\src\traditional\math\aarg.asm
                 __AARGB3   0x000006       data     extern E:\3.45\pic18-lt\cxx-framework\src\traditional\math\aarg.asm
                 __AARGB2   0x000007       data     extern E:\3.45\pic18-lt\cxx-framework\src\traditional\math\aarg.asm
                 __AARGB1   0x000008       data     extern E:\3.45\pic18-lt\cxx-framework\src\traditional\math\aarg.asm
                 __AARGB0   0x000009       data     extern E:\3.45\pic18-lt\cxx-framework\src\traditional\math\aarg.asm
                   __AEXP   0x00000a       data     extern E:\3.45\pic18-lt\cxx-framework\src\traditional\math\aarg.asm
                 __BARGB3   0x00000b       data     extern E:\3.45\pic18-lt\cxx-framework\src\traditional\math\barg.asm
                 __BARGB2   0x00000c       data     extern E:\3.45\pic18-lt\cxx-framework\src\traditional\math\barg.asm
                 __BARGB1   0x00000d       data     extern E:\3.45\pic18-lt\cxx-framework\src\traditional\math\barg.asm
                 __BARGB0   0x00000e       data     extern E:\3.45\pic18-lt\cxx-framework\src\traditional\math\barg.asm
[...]
                TRISAbits   0x000f92       data     extern E:\3.45\pic18-lt\cxx-framework\src\traditional\proc\p18f2550.asm
                 DDRAbits   0x000f92       data     extern E:\3.45\pic18-lt\cxx-framework\src\traditional\proc\p18f2550.asm
                     DDRA   0x000f92       data     extern E:\3.45\pic18-lt\cxx-framework\src\traditional\proc\p18f2550.asm
                 DDRBbits   0x000f93       data     extern E:\3.45\pic18-lt\cxx-framework\src\traditional\proc\p18f2550.asm
                    TRISB   0x000f93       data     extern E:\3.45\pic18-lt\cxx-framework\src\traditional\proc\p18f2550.asm
                TRISBbits   0x000f93       data     extern E:\3.45\pic18-lt\cxx-framework\src\traditional\proc\p18f2550.asm
                     DDRB   0x000f93       data     extern E:\3.45\pic18-lt\cxx-framework\src\traditional\proc\p18f2550.asm
                     DDRC   0x000f94       data     extern E:\3.45\pic18-lt\cxx-framework\src\traditional\proc\p18f2550.asm
                TRISCbits   0x000f94       data     extern E:\3.45\pic18-lt\cxx-framework\src\traditional\proc\p18f2550.asm
                    TRISC   0x000f94       data     extern E:\3.45\pic18-lt\cxx-framework\src\traditional\proc\p18f2550.asm
                 DDRCbits   0x000f94       data     extern E:\3.45\pic18-lt\cxx-framework\src\traditional\proc\p18f2550.asm
              OSCTUNEbits   0x000f9b       data     extern E:\3.45\pic18-lt\cxx-framework\src\traditional\proc\p18f2550.asm
                  OSCTUNE   0x000f9b       data     extern E:\3.45\pic18-lt\cxx-framework\src\traditional\proc\p18f2550.asm
                 PIE1bits   0x000f9d       data     extern E:\3.45\pic18-lt\cxx-framework\src\traditional\proc\p18f2550.asm
                     PIE1   0x000f9d       data     extern E:\3.45\pic18-lt\cxx-framework\src\traditional\proc\p18f2550.asm
                 PIR1bits   0x000f9e       data     extern E:\3.45\pic18-lt\cxx-framework\src\traditional\proc\p18f2550.asm
                     PIR1   0x000f9e       data     extern E:\3.45\pic18-lt\cxx-framework\src\traditional\proc\p18f2550.asm
                 IPR1bits   0x000f9f       data     extern E:\3.45\pic18-lt\cxx-framework\src\traditional\proc\p18f2550.asm
                     IPR1   0x000f9f       data     extern E:\3.45\pic18-lt\cxx-framework\src\traditional\proc\p18f2550.asm
                 PIE2bits   0x000fa0       data     extern E:\3.45\pic18-lt\cxx-framework\src\traditional\proc\p18f2550.asm
                     PIE2   0x000fa0       data     extern E:\3.45\pic18-lt\cxx-framework\src\traditional\proc\p18f2550.asm
                 PIR2bits   0x000fa1       data     extern E:\3.45\pic18-lt\cxx-framework\src\traditional\proc\p18f2550.asm
                     PIR2   0x000fa1       data     extern E:\3.45\pic18-lt\cxx-framework\src\traditional\proc\p18f2550.asm
                 IPR2bits   0x000fa2       data     extern E:\3.45\pic18-lt\cxx-framework\src\traditional\proc\p18f2550.asm
                     IPR2   0x000fa2       data     extern E:\3.45\pic18-lt\cxx-framework\src\traditional\proc\p18f2550.asm
                   EECON1   0x000fa6       data     extern E:\3.45\pic18-lt\cxx-framework\src\traditional\proc\p18f2550.asm
               EECON1bits   0x000fa6       data     extern E:\3.45\pic18-lt\cxx-framework\src\traditional\proc\p18f2550.asm
                   EECON2   0x000fa7       data     extern E:\3.45\pic18-lt\cxx-framework\src\traditional\proc\p18f2550.asm
                   EEDATA   0x000fa8       data     extern E:\3.45\pic18-lt\cxx-framework\src\traditional\proc\p18f2550.asm
                    EEADR   0x000fa9       data     extern E:\3.45\pic18-lt\cxx-framework\src\traditional\proc\p18f2550.asm
                RCSTAbits   0x000fab       data     extern E:\3.45\pic18-lt\cxx-framework\src\traditional\proc\p18f2550.asm
                    RCSTA   0x000fab       data     extern E:\3.45\pic18-lt\cxx-framework\src\traditional\proc\p18f2550.asm
                    TXSTA   0x000fac       data     extern E:\3.45\pic18-lt\cxx-framework\src\traditional\proc\p18f2550.asm
                TXSTAbits   0x000fac       data     extern E:\3.45\pic18-lt\cxx-framework\src\traditional\proc\p18f2550.asm
                    TXREG   0x000fad       data     extern E:\3.45\pic18-lt\cxx-framework\src\traditional\proc\p18f2550.asm
                    RCREG   0x000fae       data     extern E:\3.45\pic18-lt\cxx-framework\src\traditional\proc\p18f2550.asm
                    SPBRG   0x000faf       data     extern E:\3.45\pic18-lt\cxx-framework\src\traditional\proc\p18f2550.asm
                   SPBRGH   0x000fb0       data     extern E:\3.45\pic18-lt\cxx-framework\src\traditional\proc\p18f2550.asm
                    T3CON   0x000fb1       data     extern E:\3.45\pic18-lt\cxx-framework\src\traditional\proc\p18f2550.asm
                T3CONbits   0x000fb1       data     extern E:\3.45\pic18-lt\cxx-framework\src\traditional\proc\p18f2550.asm
                    TMR3L   0x000fb2       data     extern E:\3.45\pic18-lt\cxx-framework\src\traditional\proc\p18f2550.asm
                    TMR3H   0x000fb3       data     extern E:\3.45\pic18-lt\cxx-framework\src\traditional\proc\p18f2550.asm
                    CMCON   0x000fb4       data     extern E:\3.45\pic18-lt\cxx-framework\src\traditional\proc\p18f2550.asm
                CMCONbits   0x000fb4       data     extern E:\3.45\pic18-lt\cxx-framework\src\traditional\proc\p18f2550.asm
               CVRCONbits   0x000fb5       data     extern E:\3.45\pic18-lt\cxx-framework\src\traditional\proc\p18f2550.asm
                   CVRCON   0x000fb5       data     extern E:\3.45\pic18-lt\cxx-framework\src\traditional\proc\p18f2550.asm
                  ECCP1AS   0x000fb6       data     extern E:\3.45\pic18-lt\cxx-framework\src\traditional\proc\p18f2550.asm
              ECCP1ASbits   0x000fb6       data     extern E:\3.45\pic18-lt\cxx-framework\src\traditional\proc\p18f2550.asm
               CCP1ASbits   0x000fb6       data     extern E:\3.45\pic18-lt\cxx-framework\src\traditional\proc\p18f2550.asm
                   CCP1AS   0x000fb6       data     extern E:\3.45\pic18-lt\cxx-framework\src\traditional\proc\p18f2550.asm
              CCP1DELbits   0x000fb7       data     extern E:\3.45\pic18-lt\cxx-framework\src\traditional\proc\p18f2550.asm
                  CCP1DEL   0x000fb7       data     extern E:\3.45\pic18-lt\cxx-framework\src\traditional\proc\p18f2550.asm
                 ECCP1DEL   0x000fb7       data     extern E:\3.45\pic18-lt\cxx-framework\src\traditional\proc\p18f2550.asm
             ECCP1DELbits   0x000fb7       data     extern E:\3.45\pic18-lt\cxx-framework\src\traditional\proc\p18f2550.asm
                  BAUDCTL   0x000fb8       data     extern E:\3.45\pic18-lt\cxx-framework\src\traditional\proc\p18f2550.asm
              BAUDCTLbits   0x000fb8       data     extern E:\3.45\pic18-lt\cxx-framework\src\traditional\proc\p18f2550.asm
                  BAUDCON   0x000fb8       data     extern E:\3.45\pic18-lt\cxx-framework\src\traditional\proc\p18f2550.asm
              BAUDCONbits   0x000fb8       data     extern E:\3.45\pic18-lt\cxx-framework\src\traditional\proc\p18f2550.asm
              CCP2CONbits   0x000fba       data     extern E:\3.45\pic18-lt\cxx-framework\src\traditional\proc\p18f2550.asm
                  CCP2CON   0x000fba       data     extern E:\3.45\pic18-lt\cxx-framework\src\traditional\proc\p18f2550.asm
                   CCPR2L   0x000fbb       data     extern E:\3.45\pic18-lt\cxx-framework\src\traditional\proc\p18f2550.asm
                    CCPR2   0x000fbb       data     extern E:\3.45\pic18-lt\cxx-framework\src\traditional\proc\p18f2550.asm
                   CCPR2H   0x000fbc       data     extern E:\3.45\pic18-lt\cxx-framework\src\traditional\proc\p18f2550.asm
              CCP1CONbits   0x000fbd       data     extern E:\3.45\pic18-lt\cxx-framework\src\traditional\proc\p18f2550.asm
                  CCP1CON   0x000fbd       data     extern E:\3.45\pic18-lt\cxx-framework\src\traditional\proc\p18f2550.asm
                   CCPR1L   0x000fbe       data     extern E:\3.45\pic18-lt\cxx-framework\src\traditional\proc\p18f2550.asm
                    CCPR1   0x000fbe       data     extern E:\3.45\pic18-lt\cxx-framework\src\traditional\proc\p18f2550.asm
                   CCPR1H   0x000fbf       data     extern E:\3.45\pic18-lt\cxx-framework\src\traditional\proc\p18f2550.asm
               ADCON2bits   0x000fc0       data     extern E:\3.45\pic18-lt\cxx-framework\src\traditional\proc\p18f2550.asm
                   ADCON2   0x000fc0       data     extern E:\3.45\pic18-lt\cxx-framework\src\traditional\proc\p18f2550.asm
               ADCON1bits   0x000fc1       data     extern E:\3.45\pic18-lt\cxx-framework\src\traditional\proc\p18f2550.asm
                   ADCON1   0x000fc1       data     extern E:\3.45\pic18-lt\cxx-framework\src\traditional\proc\p18f2550.asm
                   ADCON0   0x000fc2       data     extern E:\3.45\pic18-lt\cxx-framework\src\traditional\proc\p18f2550.asm
               ADCON0bits   0x000fc2       data     extern E:\3.45\pic18-lt\cxx-framework\src\traditional\proc\p18f2550.asm
                    ADRES   0x000fc3       data     extern E:\3.45\pic18-lt\cxx-framework\src\traditional\proc\p18f2550.asm
                   ADRESL   0x000fc3       data     extern E:\3.45\pic18-lt\cxx-framework\src\traditional\proc\p18f2550.asm
                   ADRESH   0x000fc4       data     extern E:\3.45\pic18-lt\cxx-framework\src\traditional\proc\p18f2550.asm
                  SSPCON2   0x000fc5       data     extern E:\3.45\pic18-lt\cxx-framework\src\traditional\proc\p18f2550.asm
              SSPCON2bits   0x000fc5       data     extern E:\3.45\pic18-lt\cxx-framework\src\traditional\proc\p18f2550.asm
                  SSPCON1   0x000fc6       data     extern E:\3.45\pic18-lt\cxx-framework\src\traditional\proc\p18f2550.asm
              SSPCON1bits   0x000fc6       data     extern E:\3.45\pic18-lt\cxx-framework\src\traditional\proc\p18f2550.asm
                  SSPSTAT   0x000fc7       data     extern E:\3.45\pic18-lt\cxx-framework\src\traditional\proc\p18f2550.asm
              SSPSTATbits   0x000fc7       data     extern E:\3.45\pic18-lt\cxx-framework\src\traditional\proc\p18f2550.asm
                   SSPADD   0x000fc8       data     extern E:\3.45\pic18-lt\cxx-framework\src\traditional\proc\p18f2550.asm
                   SSPBUF   0x000fc9       data     extern E:\3.45\pic18-lt\cxx-framework\src\traditional\proc\p18f2550.asm
                T2CONbits   0x000fca       data     extern E:\3.45\pic18-lt\cxx-framework\src\traditional\proc\p18f2550.asm
                    T2CON   0x000fca       data     extern E:\3.45\pic18-lt\cxx-framework\src\traditional\proc\p18f2550.asm
                      PR2   0x000fcb       data     extern E:\3.45\pic18-lt\cxx-framework\src\traditional\proc\p18f2550.asm
                     TMR2   0x000fcc       data     extern E:\3.45\pic18-lt\cxx-framework\src\traditional\proc\p18f2550.asm
                T1CONbits   0x000fcd       data     extern E:\3.45\pic18-lt\cxx-framework\src\traditional\proc\p18f2550.asm
                    T1CON   0x000fcd       data     extern E:\3.45\pic18-lt\cxx-framework\src\traditional\proc\p18f2550.asm
                    TMR1L   0x000fce       data     extern E:\3.45\pic18-lt\cxx-framework\src\traditional\proc\p18f2550.asm
                    TMR1H   0x000fcf       data     extern E:\3.45\pic18-lt\cxx-framework\src\traditional\proc\p18f2550.asm
                     RCON   0x000fd0       data     extern E:\3.45\pic18-lt\cxx-framework\src\traditional\proc\p18f2550.asm
                 RCONbits   0x000fd0       data     extern E:\3.45\pic18-lt\cxx-framework\src\traditional\proc\p18f2550.asm
                   WDTCON   0x000fd1       data     extern E:\3.45\pic18-lt\cxx-framework\src\traditional\proc\p18f2550.asm
               WDTCONbits   0x000fd1       data     extern E:\3.45\pic18-lt\cxx-framework\src\traditional\proc\p18f2550.asm
                  HLVDCON   0x000fd2       data     extern E:\3.45\pic18-lt\cxx-framework\src\traditional\proc\p18f2550.asm
              HLVDCONbits   0x000fd2       data     extern E:\3.45\pic18-lt\cxx-framework\src\traditional\proc\p18f2550.asm
               LVDCONbits   0x000fd2       data     extern E:\3.45\pic18-lt\cxx-framework\src\traditional\proc\p18f2550.asm
                   LVDCON   0x000fd2       data     extern E:\3.45\pic18-lt\cxx-framework\src\traditional\proc\p18f2550.asm
               OSCCONbits   0x000fd3       data     extern E:\3.45\pic18-lt\cxx-framework\src\traditional\proc\p18f2550.asm
                   OSCCON   0x000fd3       data     extern E:\3.45\pic18-lt\cxx-framework\src\traditional\proc\p18f2550.asm
                    T0CON   0x000fd5       data     extern E:\3.45\pic18-lt\cxx-framework\src\traditional\proc\p18f2550.asm
                T0CONbits   0x000fd5       data     extern E:\3.45\pic18-lt\cxx-framework\src\traditional\proc\p18f2550.asm
                    TMR0L   0x000fd6       data     extern E:\3.45\pic18-lt\cxx-framework\src\traditional\proc\p18f2550.asm
                    TMR0H   0x000fd7       data     extern E:\3.45\pic18-lt\cxx-framework\src\traditional\proc\p18f2550.asm
                   STATUS   0x000fd8       data     extern E:\3.45\pic18-lt\cxx-framework\src\traditional\proc\p18f2550.asm
               STATUSbits   0x000fd8       data     extern E:\3.45\pic18-lt\cxx-framework\src\traditional\proc\p18f2550.asm
                     FSR2   0x000fd9       data     extern E:\3.45\pic18-lt\cxx-framework\src\traditional\proc\p18f2550.asm
                    FSR2L   0x000fd9       data     extern E:\3.45\pic18-lt\cxx-framework\src\traditional\proc\p18f2550.asm
                    FSR2H   0x000fda       data     extern E:\3.45\pic18-lt\cxx-framework\src\traditional\proc\p18f2550.asm
                   PLUSW2   0x000fdb       data     extern E:\3.45\pic18-lt\cxx-framework\src\traditional\proc\p18f2550.asm
                  PREINC2   0x000fdc       data     extern E:\3.45\pic18-lt\cxx-framework\src\traditional\proc\p18f2550.asm
                 POSTDEC2   0x000fdd       data     extern E:\3.45\pic18-lt\cxx-framework\src\traditional\proc\p18f2550.asm
                 POSTINC2   0x000fde       data     extern E:\3.45\pic18-lt\cxx-framework\src\traditional\proc\p18f2550.asm
                    INDF2   0x000fdf       data     extern E:\3.45\pic18-lt\cxx-framework\src\traditional\proc\p18f2550.asm
                      BSR   0x000fe0       data     extern E:\3.45\pic18-lt\cxx-framework\src\traditional\proc\p18f2550.asm
                     FSR1   0x000fe1       data     extern E:\3.45\pic18-lt\cxx-framework\src\traditional\proc\p18f2550.asm
                    FSR1L   0x000fe1       data     extern E:\3.45\pic18-lt\cxx-framework\src\traditional\proc\p18f2550.asm
                    FSR1H   0x000fe2       data     extern E:\3.45\pic18-lt\cxx-framework\src\traditional\proc\p18f2550.asm
                   PLUSW1   0x000fe3       data     extern E:\3.45\pic18-lt\cxx-framework\src\traditional\proc\p18f2550.asm
                  PREINC1   0x000fe4       data     extern E:\3.45\pic18-lt\cxx-framework\src\traditional\proc\p18f2550.asm
                 POSTDEC1   0x000fe5       data     extern E:\3.45\pic18-lt\cxx-framework\src\traditional\proc\p18f2550.asm
                 POSTINC1   0x000fe6       data     extern E:\3.45\pic18-lt\cxx-framework\src\traditional\proc\p18f2550.asm
                    INDF1   0x000fe7       data     extern E:\3.45\pic18-lt\cxx-framework\src\traditional\proc\p18f2550.asm
                     WREG   0x000fe8       data     extern E:\3.45\pic18-lt\cxx-framework\src\traditional\proc\p18f2550.asm
                     FSR0   0x000fe9       data     extern E:\3.45\pic18-lt\cxx-framework\src\traditional\proc\p18f2550.asm
                    FSR0L   0x000fe9       data     extern E:\3.45\pic18-lt\cxx-framework\src\traditional\proc\p18f2550.asm
                    FSR0H   0x000fea       data     extern E:\3.45\pic18-lt\cxx-framework\src\traditional\proc\p18f2550.asm
                   PLUSW0   0x000feb       data     extern E:\3.45\pic18-lt\cxx-framework\src\traditional\proc\p18f2550.asm
                  PREINC0   0x000fec       data     extern E:\3.45\pic18-lt\cxx-framework\src\traditional\proc\p18f2550.asm
                 POSTDEC0   0x000fed       data     extern E:\3.45\pic18-lt\cxx-framework\src\traditional\proc\p18f2550.asm
                 POSTINC0   0x000fee       data     extern E:\3.45\pic18-lt\cxx-framework\src\traditional\proc\p18f2550.asm
                    INDF0   0x000fef       data     extern E:\3.45\pic18-lt\cxx-framework\src\traditional\proc\p18f2550.asm
              INTCON3bits   0x000ff0       data     extern E:\3.45\pic18-lt\cxx-framework\src\traditional\proc\p18f2550.asm
                  INTCON3   0x000ff0       data     extern E:\3.45\pic18-lt\cxx-framework\src\traditional\proc\p18f2550.asm
              INTCON2bits   0x000ff1       data     extern E:\3.45\pic18-lt\cxx-framework\src\traditional\proc\p18f2550.asm
                  INTCON2   0x000ff1       data     extern E:\3.45\pic18-lt\cxx-framework\src\traditional\proc\p18f2550.asm
               INTCONbits   0x000ff2       data     extern E:\3.45\pic18-lt\cxx-framework\src\traditional\proc\p18f2550.asm
                   INTCON   0x000ff2       data     extern E:\3.45\pic18-lt\cxx-framework\src\traditional\proc\p18f2550.asm
                    PRODL   0x000ff3       data     extern E:\3.45\pic18-lt\cxx-framework\src\traditional\proc\p18f2550.asm
                     PROD   0x000ff3       data     extern E:\3.45\pic18-lt\cxx-framework\src\traditional\proc\p18f2550.asm
                    PRODH   0x000ff4       data     extern E:\3.45\pic18-lt\cxx-framework\src\traditional\proc\p18f2550.asm
                   TABLAT   0x000ff5       data     extern E:\3.45\pic18-lt\cxx-framework\src\traditional\proc\p18f2550.asm
                   TBLPTR   0x000ff6       data     extern E:\3.45\pic18-lt\cxx-framework\src\traditional\proc\p18f2550.asm
                  TBLPTRL   0x000ff6       data     extern E:\3.45\pic18-lt\cxx-framework\src\traditional\proc\p18f2550.asm
                  TBLPTRH   0x000ff7       data     extern E:\3.45\pic18-lt\cxx-framework\src\traditional\proc\p18f2550.asm
                  TBLPTRU   0x000ff8       data     extern E:\3.45\pic18-lt\cxx-framework\src\traditional\proc\p18f2550.asm
                      PCL   0x000ff9       data     extern E:\3.45\pic18-lt\cxx-framework\src\traditional\proc\p18f2550.asm
                       PC   0x000ff9       data     extern E:\3.45\pic18-lt\cxx-framework\src\traditional\proc\p18f2550.asm
                   PCLATH   0x000ffa       data     extern E:\3.45\pic18-lt\cxx-framework\src\traditional\proc\p18f2550.asm
                   PCLATU   0x000ffb       data     extern E:\3.45\pic18-lt\cxx-framework\src\traditional\proc\p18f2550.asm
                   STKPTR   0x000ffc       data     extern E:\3.45\pic18-lt\cxx-framework\src\traditional\proc\p18f2550.asm
               STKPTRbits   0x000ffc       data     extern E:\3.45\pic18-lt\cxx-framework\src\traditional\proc\p18f2550.asm
                      TOS   0x000ffd       data     extern E:\3.45\pic18-lt\cxx-framework\src\traditional\proc\p18f2550.asm
                     TOSL   0x000ffd       data     extern E:\3.45\pic18-lt\cxx-framework\src\traditional\proc\p18f2550.asm
                     TOSH   0x000ffe       data     extern E:\3.45\pic18-lt\cxx-framework\src\traditional\proc\p18f2550.asm
                     TOSU   0x000fff       data     extern E:\3.45\pic18-lt\cxx-framework\src\traditional\proc\p18f2550.asm


